2025-11-24 13:40:25,782 - __main__ - INFO - ”¶”√∆Ù∂Ø”⁄ 0.0.0.0:5000£¨ª∑æ≥: default
2025-11-24 13:40:27,106 - werkzeug - INFO - [31m[1mWARNING: This is a development server. Do not use it in a production deployment. Use a production WSGI server instead.[0m
 * Running on all addresses (0.0.0.0)
 * Running on http://127.0.0.1:5000
 * Running on http://172.16.34.73:5000
2025-11-24 13:40:27,106 - werkzeug - INFO - [33mPress CTRL+C to quit[0m
2025-11-24 13:40:27,109 - werkzeug - INFO -  * Restarting with stat
2025-11-24 13:40:27,518 - __main__ - INFO - ”¶”√∆Ù∂Ø”⁄ 0.0.0.0:5000£¨ª∑æ≥: default
2025-11-24 13:40:27,521 - werkzeug - WARNING -  * Debugger is active!
2025-11-24 13:40:27,529 - werkzeug - INFO -  * Debugger PIN: 778-864-383
2025-11-24 13:40:37,317 - werkzeug - INFO - 127.0.0.1 - - [24/Nov/2025 13:40:37] "GET /?ide_webview_request_time=1763962837299 HTTP/1.1" 200 -
2025-11-24 13:40:50,885 - werkzeug - INFO - 127.0.0.1 - - [24/Nov/2025 13:40:50] "[33mGET /@vite/client HTTP/1.1[0m" 404 -
2025-11-24 13:41:07,693 - werkzeug - INFO - 127.0.0.1 - - [24/Nov/2025 13:41:07] "GET / HTTP/1.1" 200 -
2025-11-24 13:41:24,255 - werkzeug - INFO - 127.0.0.1 - - [24/Nov/2025 13:41:24] "[33mGET /favicon.ico HTTP/1.1[0m" 404 -
2025-11-24 13:43:07,061 - __main__ - ERROR - ––≥ÃπÊªÆ¥ÌŒÛ: 415 Unsupported Media Type: Did not attempt to load JSON data because the request Content-Type was not 'application/json'.
Traceback (most recent call last):
  File "E:\project\WKXM\app.py", line 59, in plan_trip
    data = request.get_json()
  File "C:\Users\YangRui\AppData\Roaming\Python\Python39\site-packages\werkzeug\wrappers\request.py", line 607, in get_json
    return self.on_json_loading_failed(None)
  File "C:\Users\YangRui\AppData\Roaming\Python\Python39\site-packages\flask\wrappers.py", line 130, in on_json_loading_failed
    return super().on_json_loading_failed(e)
  File "C:\Users\YangRui\AppData\Roaming\Python\Python39\site-packages\werkzeug\wrappers\request.py", line 650, in on_json_loading_failed
    raise UnsupportedMediaType(
werkzeug.exceptions.UnsupportedMediaType: 415 Unsupported Media Type: Did not attempt to load JSON data because the request Content-Type was not 'application/json'.
2025-11-24 13:43:07,120 - werkzeug - INFO - 127.0.0.1 - - [24/Nov/2025 13:43:07] "[35m[1mPOST /plan HTTP/1.1[0m" 500 -
2025-11-24 13:43:24,908 - __main__ - ERROR - ––≥ÃπÊªÆ¥ÌŒÛ: 415 Unsupported Media Type: Did not attempt to load JSON data because the request Content-Type was not 'application/json'.
Traceback (most recent call last):
  File "E:\project\WKXM\app.py", line 59, in plan_trip
    data = request.get_json()
  File "C:\Users\YangRui\AppData\Roaming\Python\Python39\site-packages\werkzeug\wrappers\request.py", line 607, in get_json
    return self.on_json_loading_failed(None)
  File "C:\Users\YangRui\AppData\Roaming\Python\Python39\site-packages\flask\wrappers.py", line 130, in on_json_loading_failed
    return super().on_json_loading_failed(e)
  File "C:\Users\YangRui\AppData\Roaming\Python\Python39\site-packages\werkzeug\wrappers\request.py", line 650, in on_json_loading_failed
    raise UnsupportedMediaType(
werkzeug.exceptions.UnsupportedMediaType: 415 Unsupported Media Type: Did not attempt to load JSON data because the request Content-Type was not 'application/json'.
2025-11-24 13:43:24,909 - werkzeug - INFO - 127.0.0.1 - - [24/Nov/2025 13:43:24] "[35m[1mPOST /plan HTTP/1.1[0m" 500 -
2025-11-24 13:43:24,944 - werkzeug - INFO - 127.0.0.1 - - [24/Nov/2025 13:43:24] "[33mGET /@vite/client HTTP/1.1[0m" 404 -
2025-11-24 13:44:06,607 - werkzeug - INFO - 127.0.0.1 - - [24/Nov/2025 13:44:06] "[33mGET /@vite/client HTTP/1.1[0m" 404 -
2025-11-24 13:45:13,016 - werkzeug - INFO - 127.0.0.1 - - [24/Nov/2025 13:45:13] "GET /?ide_webview_request_time=1763962837299 HTTP/1.1" 200 -
2025-11-24 13:45:15,085 - werkzeug - INFO - 127.0.0.1 - - [24/Nov/2025 13:45:15] "[33mGET /@vite/client HTTP/1.1[0m" 404 -
2025-11-24 13:45:24,348 - werkzeug - INFO -  * Detected change in 'E:\\project\\WKXM\\app.py', reloading
2025-11-24 13:45:24,581 - werkzeug - INFO -  * Restarting with stat
2025-11-24 13:45:25,625 - __main__ - INFO - ”¶”√∆Ù∂Ø”⁄ 0.0.0.0:5000£¨ª∑æ≥: default
2025-11-24 13:45:25,632 - werkzeug - WARNING -  * Debugger is active!
2025-11-24 13:45:25,643 - werkzeug - INFO -  * Debugger PIN: 778-864-383
2025-11-24 13:45:33,413 - __main__ - INFO - ”¶”√∆Ù∂Ø”⁄ 0.0.0.0:5000£¨ª∑æ≥: default
2025-11-24 13:45:34,712 - werkzeug - INFO - [31m[1mWARNING: This is a development server. Do not use it in a production deployment. Use a production WSGI server instead.[0m
 * Running on all addresses (0.0.0.0)
 * Running on http://127.0.0.1:5000
 * Running on http://172.16.34.73:5000
2025-11-24 13:45:34,712 - werkzeug - INFO - [33mPress CTRL+C to quit[0m
2025-11-24 13:45:34,712 - werkzeug - INFO -  * Restarting with stat
2025-11-24 13:45:35,268 - __main__ - INFO - ”¶”√∆Ù∂Ø”⁄ 0.0.0.0:5000£¨ª∑æ≥: default
2025-11-24 13:45:35,275 - werkzeug - WARNING -  * Debugger is active!
2025-11-24 13:45:35,279 - werkzeug - INFO -  * Debugger PIN: 778-864-383
2025-11-24 13:45:49,423 - werkzeug - INFO - 127.0.0.1 - - [24/Nov/2025 13:45:49] "GET /?ide_webview_request_time=1763963149403 HTTP/1.1" 200 -
2025-11-24 13:45:49,892 - werkzeug - INFO - 127.0.0.1 - - [24/Nov/2025 13:45:49] "[33mGET /@vite/client HTTP/1.1[0m" 404 -
2025-11-24 13:46:30,091 - werkzeug - INFO - 127.0.0.1 - - [24/Nov/2025 13:46:30] "GET /?ide_webview_request_time=1763963190081 HTTP/1.1" 200 -
2025-11-24 13:46:30,536 - werkzeug - INFO - 127.0.0.1 - - [24/Nov/2025 13:46:30] "[33mGET /@vite/client HTTP/1.1[0m" 404 -
2025-11-24 13:46:30,932 - werkzeug - INFO - 127.0.0.1 - - [24/Nov/2025 13:46:30] "GET / HTTP/1.1" 200 -
2025-11-24 13:46:41,577 - __main__ - ERROR - ––≥ÃπÊªÆ¥ÌŒÛ: 400 Bad Request: Failed to decode JSON object: Expecting value: line 1 column 1 (char 0)
Traceback (most recent call last):
  File "C:\Users\YangRui\AppData\Roaming\Python\Python39\site-packages\werkzeug\wrappers\request.py", line 614, in get_json
    rv = self.json_module.loads(data)
  File "C:\Users\YangRui\AppData\Roaming\Python\Python39\site-packages\flask\json\provider.py", line 188, in loads
    return json.loads(s, **kwargs)
  File "C:\Users\YangRui\AppData\Local\Programs\Python\Python39\lib\json\__init__.py", line 346, in loads
    return _default_decoder.decode(s)
  File "C:\Users\YangRui\AppData\Local\Programs\Python\Python39\lib\json\decoder.py", line 337, in decode
    obj, end = self.raw_decode(s, idx=_w(s, 0).end())
  File "C:\Users\YangRui\AppData\Local\Programs\Python\Python39\lib\json\decoder.py", line 355, in raw_decode
    raise JSONDecodeError("Expecting value", s, err.value) from None
json.decoder.JSONDecodeError: Expecting value: line 1 column 1 (char 0)

During handling of the above exception, another exception occurred:

Traceback (most recent call last):
  File "E:\project\WKXM\app.py", line 62, in plan_trip
    data = request.get_json(force=True)  # «ø÷∆Ω‚ŒˆŒ™JSON
  File "C:\Users\YangRui\AppData\Roaming\Python\Python39\site-packages\werkzeug\wrappers\request.py", line 623, in get_json
    rv = self.on_json_loading_failed(e)
  File "C:\Users\YangRui\AppData\Roaming\Python\Python39\site-packages\flask\wrappers.py", line 130, in on_json_loading_failed
    return super().on_json_loading_failed(e)
  File "C:\Users\YangRui\AppData\Roaming\Python\Python39\site-packages\werkzeug\wrappers\request.py", line 648, in on_json_loading_failed
    raise BadRequest(f"Failed to decode JSON object: {e}")
werkzeug.exceptions.BadRequest: 400 Bad Request: Failed to decode JSON object: Expecting value: line 1 column 1 (char 0)
2025-11-24 13:46:41,581 - werkzeug - INFO - 127.0.0.1 - - [24/Nov/2025 13:46:41] "[35m[1mPOST /plan HTTP/1.1[0m" 500 -
2025-11-24 13:47:51,882 - __main__ - ERROR - ––≥ÃπÊªÆ¥ÌŒÛ: 400 Bad Request: Failed to decode JSON object: Expecting value: line 1 column 1 (char 0)
Traceback (most recent call last):
  File "C:\Users\YangRui\AppData\Roaming\Python\Python39\site-packages\werkzeug\wrappers\request.py", line 614, in get_json
    rv = self.json_module.loads(data)
  File "C:\Users\YangRui\AppData\Roaming\Python\Python39\site-packages\flask\json\provider.py", line 188, in loads
    return json.loads(s, **kwargs)
  File "C:\Users\YangRui\AppData\Local\Programs\Python\Python39\lib\json\__init__.py", line 346, in loads
    return _default_decoder.decode(s)
  File "C:\Users\YangRui\AppData\Local\Programs\Python\Python39\lib\json\decoder.py", line 337, in decode
    obj, end = self.raw_decode(s, idx=_w(s, 0).end())
  File "C:\Users\YangRui\AppData\Local\Programs\Python\Python39\lib\json\decoder.py", line 355, in raw_decode
    raise JSONDecodeError("Expecting value", s, err.value) from None
json.decoder.JSONDecodeError: Expecting value: line 1 column 1 (char 0)

During handling of the above exception, another exception occurred:

Traceback (most recent call last):
  File "E:\project\WKXM\app.py", line 62, in plan_trip
    data = request.get_json(force=True)  # «ø÷∆Ω‚ŒˆŒ™JSON
  File "C:\Users\YangRui\AppData\Roaming\Python\Python39\site-packages\werkzeug\wrappers\request.py", line 623, in get_json
    rv = self.on_json_loading_failed(e)
  File "C:\Users\YangRui\AppData\Roaming\Python\Python39\site-packages\flask\wrappers.py", line 130, in on_json_loading_failed
    return super().on_json_loading_failed(e)
  File "C:\Users\YangRui\AppData\Roaming\Python\Python39\site-packages\werkzeug\wrappers\request.py", line 648, in on_json_loading_failed
    raise BadRequest(f"Failed to decode JSON object: {e}")
werkzeug.exceptions.BadRequest: 400 Bad Request: Failed to decode JSON object: Expecting value: line 1 column 1 (char 0)
2025-11-24 13:47:51,884 - werkzeug - INFO - 127.0.0.1 - - [24/Nov/2025 13:47:51] "[35m[1mPOST /plan HTTP/1.1[0m" 500 -
2025-11-24 13:47:51,907 - werkzeug - INFO - 127.0.0.1 - - [24/Nov/2025 13:47:51] "[33mGET /@vite/client HTTP/1.1[0m" 404 -
2025-11-24 13:47:55,229 - werkzeug - INFO - 127.0.0.1 - - [24/Nov/2025 13:47:55] "[33mGET /@vite/client HTTP/1.1[0m" 404 -
2025-11-24 13:48:18,530 - __main__ - ERROR - ––≥ÃπÊªÆ¥ÌŒÛ: 400 Bad Request: Failed to decode JSON object: Expecting value: line 1 column 1 (char 0)
Traceback (most recent call last):
  File "C:\Users\YangRui\AppData\Roaming\Python\Python39\site-packages\werkzeug\wrappers\request.py", line 614, in get_json
    rv = self.json_module.loads(data)
  File "C:\Users\YangRui\AppData\Roaming\Python\Python39\site-packages\flask\json\provider.py", line 188, in loads
    return json.loads(s, **kwargs)
  File "C:\Users\YangRui\AppData\Local\Programs\Python\Python39\lib\json\__init__.py", line 346, in loads
    return _default_decoder.decode(s)
  File "C:\Users\YangRui\AppData\Local\Programs\Python\Python39\lib\json\decoder.py", line 337, in decode
    obj, end = self.raw_decode(s, idx=_w(s, 0).end())
  File "C:\Users\YangRui\AppData\Local\Programs\Python\Python39\lib\json\decoder.py", line 355, in raw_decode
    raise JSONDecodeError("Expecting value", s, err.value) from None
json.decoder.JSONDecodeError: Expecting value: line 1 column 1 (char 0)

During handling of the above exception, another exception occurred:

Traceback (most recent call last):
  File "E:\project\WKXM\app.py", line 62, in plan_trip
    data = request.get_json(force=True)  # «ø÷∆Ω‚ŒˆŒ™JSON
  File "C:\Users\YangRui\AppData\Roaming\Python\Python39\site-packages\werkzeug\wrappers\request.py", line 623, in get_json
    rv = self.on_json_loading_failed(e)
  File "C:\Users\YangRui\AppData\Roaming\Python\Python39\site-packages\flask\wrappers.py", line 130, in on_json_loading_failed
    return super().on_json_loading_failed(e)
  File "C:\Users\YangRui\AppData\Roaming\Python\Python39\site-packages\werkzeug\wrappers\request.py", line 648, in on_json_loading_failed
    raise BadRequest(f"Failed to decode JSON object: {e}")
werkzeug.exceptions.BadRequest: 400 Bad Request: Failed to decode JSON object: Expecting value: line 1 column 1 (char 0)
2025-11-24 13:48:18,532 - werkzeug - INFO - 127.0.0.1 - - [24/Nov/2025 13:48:18] "[35m[1mPOST /plan HTTP/1.1[0m" 500 -
2025-11-24 13:48:18,569 - werkzeug - INFO - 127.0.0.1 - - [24/Nov/2025 13:48:18] "[33mGET /@vite/client HTTP/1.1[0m" 404 -
2025-11-24 13:48:42,508 - werkzeug - INFO - 127.0.0.1 - - [24/Nov/2025 13:48:42] "[33mGET /@vite/client HTTP/1.1[0m" 404 -
2025-11-24 13:50:30,685 - __main__ - INFO - ”¶”√∆Ù∂Ø”⁄ 0.0.0.0:5000£¨ª∑æ≥: default
2025-11-24 13:50:31,989 - werkzeug - INFO - [31m[1mWARNING: This is a development server. Do not use it in a production deployment. Use a production WSGI server instead.[0m
 * Running on all addresses (0.0.0.0)
 * Running on http://127.0.0.1:5000
 * Running on http://172.16.34.73:5000
2025-11-24 13:50:31,989 - werkzeug - INFO - [33mPress CTRL+C to quit[0m
2025-11-24 13:50:31,989 - werkzeug - INFO -  * Restarting with stat
2025-11-24 13:50:32,651 - __main__ - INFO - ”¶”√∆Ù∂Ø”⁄ 0.0.0.0:5000£¨ª∑æ≥: default
2025-11-24 13:50:32,656 - werkzeug - WARNING -  * Debugger is active!
2025-11-24 13:50:32,662 - werkzeug - INFO -  * Debugger PIN: 778-864-383
2025-11-24 13:50:41,063 - werkzeug - INFO - 127.0.0.1 - - [24/Nov/2025 13:50:41] "GET /?ide_webview_request_time=1763963190081 HTTP/1.1" 200 -
2025-11-24 13:50:44,845 - werkzeug - INFO - 127.0.0.1 - - [24/Nov/2025 13:50:44] "GET /?ide_webview_request_time=1763963444838 HTTP/1.1" 200 -
2025-11-24 13:50:46,756 - werkzeug - INFO - 127.0.0.1 - - [24/Nov/2025 13:50:46] "[33mGET /@vite/client HTTP/1.1[0m" 404 -
2025-11-24 13:50:48,393 - werkzeug - INFO - 127.0.0.1 - - [24/Nov/2025 13:50:48] "GET / HTTP/1.1" 200 -
2025-11-24 13:50:49,086 - werkzeug - INFO - 127.0.0.1 - - [24/Nov/2025 13:50:49] "[33mGET /favicon.ico HTTP/1.1[0m" 404 -
2025-11-24 13:51:14,334 - __main__ - INFO - Ω” ’µΩ––≥ÃπÊªÆ«Î«Û: {'destination': 'π˛∂˚±ı –', 'days': '3'}
2025-11-24 13:51:14,334 - __main__ - ERROR - ––≥ÃπÊªÆ¥ÌŒÛ: process_input() missing 3 required positional arguments: 'city', 'days', and 'preferences'
Traceback (most recent call last):
  File "E:\project\WKXM\app.py", line 103, in plan_trip
    parsed_input = user_input_module.process_input(user_input_data)
TypeError: process_input() missing 3 required positional arguments: 'city', 'days', and 'preferences'
2025-11-24 13:51:14,336 - werkzeug - INFO - 127.0.0.1 - - [24/Nov/2025 13:51:14] "[35m[1mPOST /plan HTTP/1.1[0m" 500 -
2025-11-24 13:51:31,443 - __main__ - INFO - Ω” ’µΩ––≥ÃπÊªÆ«Î«Û: {'destination': '±±æ© –', 'days': '3'}
2025-11-24 13:51:31,443 - __main__ - ERROR - ––≥ÃπÊªÆ¥ÌŒÛ: process_input() missing 3 required positional arguments: 'city', 'days', and 'preferences'
Traceback (most recent call last):
  File "E:\project\WKXM\app.py", line 103, in plan_trip
    parsed_input = user_input_module.process_input(user_input_data)
TypeError: process_input() missing 3 required positional arguments: 'city', 'days', and 'preferences'
2025-11-24 13:51:31,443 - werkzeug - INFO - 127.0.0.1 - - [24/Nov/2025 13:51:31] "[35m[1mPOST /plan HTTP/1.1[0m" 500 -
2025-11-24 13:51:31,470 - werkzeug - INFO - 127.0.0.1 - - [24/Nov/2025 13:51:31] "[33mGET /@vite/client HTTP/1.1[0m" 404 -
2025-11-24 13:51:34,584 - werkzeug - INFO - 127.0.0.1 - - [24/Nov/2025 13:51:34] "[33mGET /@vite/client HTTP/1.1[0m" 404 -
2025-11-24 13:51:36,485 - __main__ - INFO - Ω” ’µΩ––≥ÃπÊªÆ«Î«Û: {'destination': '±±æ© –', 'days': '3'}
2025-11-24 13:51:36,486 - __main__ - ERROR - ––≥ÃπÊªÆ¥ÌŒÛ: process_input() missing 3 required positional arguments: 'city', 'days', and 'preferences'
Traceback (most recent call last):
  File "E:\project\WKXM\app.py", line 103, in plan_trip
    parsed_input = user_input_module.process_input(user_input_data)
TypeError: process_input() missing 3 required positional arguments: 'city', 'days', and 'preferences'
2025-11-24 13:51:36,487 - werkzeug - INFO - 127.0.0.1 - - [24/Nov/2025 13:51:36] "[35m[1mPOST /plan HTTP/1.1[0m" 500 -
2025-11-24 13:51:36,511 - werkzeug - INFO - 127.0.0.1 - - [24/Nov/2025 13:51:36] "[33mGET /@vite/client HTTP/1.1[0m" 404 -
2025-11-24 13:51:37,926 - werkzeug - INFO - 127.0.0.1 - - [24/Nov/2025 13:51:37] "[33mGET /@vite/client HTTP/1.1[0m" 404 -
2025-11-24 13:52:42,447 - werkzeug - INFO - 127.0.0.1 - - [24/Nov/2025 13:52:42] "GET /?ide_webview_request_time=1763963444838 HTTP/1.1" 200 -
2025-11-24 13:52:43,741 - werkzeug - INFO - 127.0.0.1 - - [24/Nov/2025 13:52:43] "[33mGET /@vite/client HTTP/1.1[0m" 404 -
2025-11-24 13:53:03,045 - __main__ - INFO - Ω” ’µΩ––≥ÃπÊªÆ«Î«Û: {'destination': 'π˛∂˚±ı', 'days': '3'}
2025-11-24 13:53:03,046 - __main__ - ERROR - ––≥ÃπÊªÆ¥ÌŒÛ: process_input() missing 3 required positional arguments: 'city', 'days', and 'preferences'
Traceback (most recent call last):
  File "E:\project\WKXM\app.py", line 103, in plan_trip
    parsed_input = user_input_module.process_input(user_input_data)
TypeError: process_input() missing 3 required positional arguments: 'city', 'days', and 'preferences'
2025-11-24 13:53:03,047 - werkzeug - INFO - 127.0.0.1 - - [24/Nov/2025 13:53:03] "[35m[1mPOST /plan HTTP/1.1[0m" 500 -
2025-11-24 13:53:03,077 - werkzeug - INFO - 127.0.0.1 - - [24/Nov/2025 13:53:03] "[33mGET /@vite/client HTTP/1.1[0m" 404 -
2025-11-24 13:53:06,081 - werkzeug - INFO - 127.0.0.1 - - [24/Nov/2025 13:53:06] "[33mGET /@vite/client HTTP/1.1[0m" 404 -
2025-11-24 13:56:51,588 - werkzeug - INFO -  * Detected change in 'E:\\project\\WKXM\\app.py', reloading
2025-11-24 13:56:51,690 - werkzeug - INFO -  * Restarting with stat
2025-11-24 13:56:52,419 - __main__ - INFO - ”¶”√∆Ù∂Ø”⁄ 0.0.0.0:5000£¨ª∑æ≥: default
2025-11-24 13:56:52,425 - werkzeug - WARNING -  * Debugger is active!
2025-11-24 13:56:52,428 - werkzeug - INFO -  * Debugger PIN: 778-864-383
2025-11-24 14:00:51,088 - werkzeug - INFO -  * Detected change in 'E:\\project\\WKXM\\app.py', reloading
2025-11-24 14:00:51,250 - werkzeug - INFO -  * Restarting with stat
2025-11-24 14:00:52,201 - __main__ - INFO - ”¶”√∆Ù∂Ø”⁄ 0.0.0.0:5000£¨ª∑æ≥: default
2025-11-24 14:00:52,207 - werkzeug - WARNING -  * Debugger is active!
2025-11-24 14:00:52,211 - werkzeug - INFO -  * Debugger PIN: 778-864-383
2025-11-24 14:01:09,365 - __main__ - INFO - ”¶”√∆Ù∂Ø”⁄ 0.0.0.0:5000£¨ª∑æ≥: default
2025-11-24 14:01:10,669 - werkzeug - INFO - [31m[1mWARNING: This is a development server. Do not use it in a production deployment. Use a production WSGI server instead.[0m
 * Running on all addresses (0.0.0.0)
 * Running on http://127.0.0.1:5000
 * Running on http://172.16.34.73:5000
2025-11-24 14:01:10,670 - werkzeug - INFO - [33mPress CTRL+C to quit[0m
2025-11-24 14:01:10,671 - werkzeug - INFO -  * Restarting with stat
2025-11-24 14:01:11,107 - __main__ - INFO - ”¶”√∆Ù∂Ø”⁄ 0.0.0.0:5000£¨ª∑æ≥: default
2025-11-24 14:01:11,110 - werkzeug - WARNING -  * Debugger is active!
2025-11-24 14:01:11,114 - werkzeug - INFO -  * Debugger PIN: 778-864-383
2025-11-24 14:02:17,264 - werkzeug - INFO -  * Detected change in 'E:\\project\\WKXM\\app.py', reloading
2025-11-24 14:02:17,334 - werkzeug - INFO -  * Restarting with stat
2025-11-24 14:02:17,904 - __main__ - INFO - ”¶”√∆Ù∂Ø”⁄ 0.0.0.0:5000£¨ª∑æ≥: default
2025-11-24 14:02:17,910 - werkzeug - WARNING -  * Debugger is active!
2025-11-24 14:02:17,913 - werkzeug - INFO -  * Debugger PIN: 778-864-383
2025-11-24 14:02:30,168 - werkzeug - INFO -  * Detected change in 'E:\\project\\WKXM\\app.py', reloading
2025-11-24 14:02:30,253 - werkzeug - INFO -  * Restarting with stat
2025-11-24 14:02:30,930 - __main__ - INFO - ”¶”√∆Ù∂Ø”⁄ 0.0.0.0:5000£¨ª∑æ≥: default
2025-11-24 14:02:30,937 - werkzeug - WARNING -  * Debugger is active!
2025-11-24 14:02:30,941 - werkzeug - INFO -  * Debugger PIN: 778-864-383
2025-11-24 14:03:17,210 - __main__ - INFO - ”¶”√∆Ù∂Ø”⁄ 0.0.0.0:5000£¨ª∑æ≥: default
2025-11-24 14:03:18,525 - werkzeug - INFO - [31m[1mWARNING: This is a development server. Do not use it in a production deployment. Use a production WSGI server instead.[0m
 * Running on all addresses (0.0.0.0)
 * Running on http://127.0.0.1:5000
 * Running on http://172.16.34.73:5000
2025-11-24 14:03:18,525 - werkzeug - INFO - [33mPress CTRL+C to quit[0m
2025-11-24 14:03:18,526 - werkzeug - INFO -  * Restarting with stat
2025-11-24 14:03:19,102 - __main__ - INFO - ”¶”√∆Ù∂Ø”⁄ 0.0.0.0:5000£¨ª∑æ≥: default
2025-11-24 14:03:19,108 - werkzeug - WARNING -  * Debugger is active!
2025-11-24 14:03:19,111 - werkzeug - INFO -  * Debugger PIN: 778-864-383
2025-11-24 14:03:33,928 - werkzeug - INFO - 127.0.0.1 - - [24/Nov/2025 14:03:33] "GET /?ide_webview_request_time=1763963444838 HTTP/1.1" 200 -
2025-11-24 14:03:33,933 - werkzeug - INFO - 127.0.0.1 - - [24/Nov/2025 14:03:33] "GET /?ide_webview_request_time=1763963444838 HTTP/1.1" 200 -
2025-11-24 14:03:35,360 - werkzeug - INFO - 127.0.0.1 - - [24/Nov/2025 14:03:35] "[33mGET /@vite/client HTTP/1.1[0m" 404 -
2025-11-24 14:07:41,373 - __main__ - INFO - ¥”±Ìµ• ˝æ›ªÒ»° ˝æ›
2025-11-24 14:07:41,375 - __main__ - INFO - Ω” ’µΩ––≥ÃπÊªÆ«Î«Û: {'destination': '¥Û¿Ì –', 'days': '3'}
2025-11-24 14:07:41,375 - werkzeug - INFO - 127.0.0.1 - - [24/Nov/2025 14:07:41] "[31m[1mPOST /plan HTTP/1.1[0m" 400 -
2025-11-24 14:07:41,417 - werkzeug - INFO - 127.0.0.1 - - [24/Nov/2025 14:07:41] "[33mGET /@vite/client HTTP/1.1[0m" 404 -
2025-11-24 14:08:51,896 - werkzeug - INFO -  * Detected change in 'E:\\project\\WKXM\\app.py', reloading
2025-11-24 14:08:51,989 - werkzeug - INFO -  * Restarting with stat
2025-11-24 14:08:52,768 - __main__ - INFO - ”¶”√∆Ù∂Ø”⁄ 0.0.0.0:5000£¨ª∑æ≥: default
2025-11-24 14:08:52,774 - werkzeug - WARNING -  * Debugger is active!
2025-11-24 14:08:52,777 - werkzeug - INFO -  * Debugger PIN: 778-864-383
2025-11-24 14:09:29,553 - werkzeug - INFO -  * Detected change in 'E:\\project\\WKXM\\app.py', reloading
2025-11-24 14:09:29,668 - werkzeug - INFO -  * Restarting with stat
2025-11-24 14:09:30,336 - __main__ - INFO - ”¶”√∆Ù∂Ø”⁄ 0.0.0.0:5000£¨ª∑æ≥: default
2025-11-24 14:09:30,342 - werkzeug - WARNING -  * Debugger is active!
2025-11-24 14:09:30,345 - werkzeug - INFO -  * Debugger PIN: 778-864-383
2025-11-24 14:09:48,732 - werkzeug - INFO -  * Detected change in 'E:\\project\\WKXM\\app.py', reloading
2025-11-24 14:09:48,819 - werkzeug - INFO -  * Restarting with stat
2025-11-24 14:09:49,626 - __main__ - INFO - ”¶”√∆Ù∂Ø”⁄ 0.0.0.0:5000£¨ª∑æ≥: default
2025-11-24 14:09:49,636 - werkzeug - WARNING -  * Debugger is active!
2025-11-24 14:09:49,639 - werkzeug - INFO -  * Debugger PIN: 778-864-383
2025-11-24 14:10:00,930 - __main__ - INFO - ”¶”√∆Ù∂Ø”⁄ 0.0.0.0:5000£¨ª∑æ≥: default
2025-11-24 14:10:02,244 - werkzeug - INFO - [31m[1mWARNING: This is a development server. Do not use it in a production deployment. Use a production WSGI server instead.[0m
 * Running on all addresses (0.0.0.0)
 * Running on http://127.0.0.1:5000
 * Running on http://172.16.34.73:5000
2025-11-24 14:10:02,245 - werkzeug - INFO - [33mPress CTRL+C to quit[0m
2025-11-24 14:10:02,246 - werkzeug - INFO -  * Restarting with stat
2025-11-24 14:10:03,451 - __main__ - INFO - ”¶”√∆Ù∂Ø”⁄ 0.0.0.0:5000£¨ª∑æ≥: default
2025-11-24 14:10:03,460 - werkzeug - WARNING -  * Debugger is active!
2025-11-24 14:10:03,465 - werkzeug - INFO -  * Debugger PIN: 778-864-383
2025-11-24 14:10:04,582 - werkzeug - INFO - 127.0.0.1 - - [24/Nov/2025 14:10:04] "[31m[1mGET /plan HTTP/1.1[0m" 405 -
2025-11-24 14:10:04,851 - werkzeug - INFO - 127.0.0.1 - - [24/Nov/2025 14:10:04] "[33mGET /@vite/client HTTP/1.1[0m" 404 -
2025-11-24 14:10:18,149 - werkzeug - INFO - 127.0.0.1 - - [24/Nov/2025 14:10:18] "GET /?ide_webview_request_time=1763964618135 HTTP/1.1" 200 -
2025-11-24 14:10:19,241 - werkzeug - INFO - 127.0.0.1 - - [24/Nov/2025 14:10:19] "[33mGET /@vite/client HTTP/1.1[0m" 404 -
2025-11-24 14:10:51,238 - werkzeug - INFO - 127.0.0.1 - - [24/Nov/2025 14:10:51] "GET /?ide_webview_request_time=1763964651233 HTTP/1.1" 200 -
2025-11-24 14:10:52,244 - werkzeug - INFO - 127.0.0.1 - - [24/Nov/2025 14:10:52] "[33mGET /@vite/client HTTP/1.1[0m" 404 -
2025-11-24 14:10:56,765 - __main__ - INFO - ¥”±Ìµ• ˝æ›ªÒ»° ˝æ›
2025-11-24 14:10:56,765 - __main__ - INFO - Ω” ’µΩ––≥ÃπÊªÆ«Î«Û: {'destination': 'π˛∂˚±ı –', 'days': '3'}
2025-11-24 14:10:56,765 - werkzeug - INFO - 127.0.0.1 - - [24/Nov/2025 14:10:56] "[31m[1mPOST /plan HTTP/1.1[0m" 400 -
2025-11-24 14:10:56,799 - werkzeug - INFO - 127.0.0.1 - - [24/Nov/2025 14:10:56] "[33mGET /@vite/client HTTP/1.1[0m" 404 -
2025-11-24 14:12:36,460 - werkzeug - INFO - 127.0.0.1 - - [24/Nov/2025 14:12:36] "[33mGET /@vite/client HTTP/1.1[0m" 404 -
2025-11-24 14:21:50,695 - werkzeug - INFO - 127.0.0.1 - - [24/Nov/2025 14:21:50] "GET /?ide_webview_request_time=1763964651233 HTTP/1.1" 200 -
2025-11-24 14:21:50,709 - werkzeug - INFO - 127.0.0.1 - - [24/Nov/2025 14:21:50] "[33mGET /static/css/main.css HTTP/1.1[0m" 404 -
2025-11-24 14:21:52,015 - werkzeug - INFO - 127.0.0.1 - - [24/Nov/2025 14:21:52] "GET /static/js/main.js HTTP/1.1" 200 -
2025-11-24 14:21:52,649 - werkzeug - INFO - 127.0.0.1 - - [24/Nov/2025 14:21:52] "[33mGET /@vite/client HTTP/1.1[0m" 404 -
2025-11-24 14:24:25,845 - werkzeug - INFO - 127.0.0.1 - - [24/Nov/2025 14:24:25] "GET /?ide_webview_request_time=1763964651233 HTTP/1.1" 200 -
2025-11-24 14:24:25,858 - werkzeug - INFO - 127.0.0.1 - - [24/Nov/2025 14:24:25] "[33mGET /static/css/main.css HTTP/1.1[0m" 404 -
2025-11-24 14:24:25,859 - werkzeug - INFO - 127.0.0.1 - - [24/Nov/2025 14:24:25] "GET /static/js/main.js HTTP/1.1" 200 -
2025-11-24 14:24:47,427 - werkzeug - INFO - 127.0.0.1 - - [24/Nov/2025 14:24:47] "[33mGET /@vite/client HTTP/1.1[0m" 404 -
2025-11-24 14:24:51,707 - werkzeug - INFO - 127.0.0.1 - - [24/Nov/2025 14:24:51] "GET /?ide_webview_request_time=1763964651233 HTTP/1.1" 200 -
2025-11-24 14:24:51,716 - werkzeug - INFO - 127.0.0.1 - - [24/Nov/2025 14:24:51] "[33mGET /static/css/main.css HTTP/1.1[0m" 404 -
2025-11-24 14:24:51,717 - werkzeug - INFO - 127.0.0.1 - - [24/Nov/2025 14:24:51] "GET /static/js/main.js HTTP/1.1" 200 -
2025-11-24 14:25:13,225 - werkzeug - INFO - 127.0.0.1 - - [24/Nov/2025 14:25:13] "[33mGET /@vite/client HTTP/1.1[0m" 404 -
2025-11-24 14:41:52,007 - __main__ - INFO - ”¶”√∆Ù∂Ø”⁄ 0.0.0.0:5000£¨ª∑æ≥: default
2025-11-24 14:41:52,086 - werkzeug - INFO - [31m[1mWARNING: This is a development server. Do not use it in a production deployment. Use a production WSGI server instead.[0m
 * Running on all addresses (0.0.0.0)
 * Running on http://127.0.0.1:5000
 * Running on http://172.16.34.73:5000
2025-11-24 14:41:52,087 - werkzeug - INFO - [33mPress CTRL+C to quit[0m
2025-11-24 14:41:52,087 - werkzeug - INFO -  * Restarting with stat
2025-11-24 14:41:52,539 - __main__ - INFO - ”¶”√∆Ù∂Ø”⁄ 0.0.0.0:5000£¨ª∑æ≥: default
2025-11-24 14:41:52,543 - werkzeug - WARNING -  * Debugger is active!
2025-11-24 14:41:52,546 - werkzeug - INFO -  * Debugger PIN: 778-864-383
2025-11-24 14:42:13,700 - werkzeug - INFO - 127.0.0.1 - - [24/Nov/2025 14:42:13] "GET / HTTP/1.1" 200 -
2025-11-24 14:48:18,479 - werkzeug - INFO - 127.0.0.1 - - [24/Nov/2025 14:48:18] "GET /?ide_webview_request_time=1763966898133 HTTP/1.1" 200 -
2025-11-24 14:48:18,735 - werkzeug - INFO - 127.0.0.1 - - [24/Nov/2025 14:48:18] "[33mGET /static/css/main.css HTTP/1.1[0m" 404 -
2025-11-24 14:48:18,970 - werkzeug - INFO - 127.0.0.1 - - [24/Nov/2025 14:48:18] "GET /static/js/main.js HTTP/1.1" 200 -
2025-11-24 14:48:19,393 - werkzeug - INFO - 127.0.0.1 - - [24/Nov/2025 14:48:19] "[33mGET /@vite/client HTTP/1.1[0m" 404 -
2025-11-24 14:48:26,075 - werkzeug - INFO - 127.0.0.1 - - [24/Nov/2025 14:48:26] "GET / HTTP/1.1" 200 -
2025-11-24 14:48:26,092 - werkzeug - INFO - 127.0.0.1 - - [24/Nov/2025 14:48:26] "[33mGET /static/css/main.css HTTP/1.1[0m" 404 -
2025-11-24 14:48:26,399 - werkzeug - INFO - 127.0.0.1 - - [24/Nov/2025 14:48:26] "GET /static/js/main.js HTTP/1.1" 200 -
2025-11-24 14:48:27,406 - werkzeug - INFO - 127.0.0.1 - - [24/Nov/2025 14:48:27] "[33mGET /favicon.ico HTTP/1.1[0m" 404 -
2025-11-24 14:49:00,292 - __main__ - INFO - ≥…π¶¥”JSON«Î«ÛÃÂªÒ»° ˝æ›
2025-11-24 14:49:00,294 - __main__ - INFO - Ω” ’µΩ––≥ÃπÊªÆ«Î«Û: {'city': 'ƒ„∫√', 'province': '', 'days': 3, 'preferences': ['«◊◊”', '√¿ ≥', '¿˙ ∑ŒƒªØ', '◊‘»ª∑Áπ‚'], 'travel_date': '2025-11-24'}
2025-11-24 14:49:00,294 - __main__ - INFO - ¥¶¿Ì∫Ûµƒ”√ªß ‰»Î ˝æ›: {'province': '', 'city': 'ƒ„∫√', 'days': 3, 'preferences': ['«◊◊”', '√¿ ≥', '¿˙ ∑ŒƒªØ', '◊‘»ª∑Áπ‚'], 'travel_date': '2025-11-24'}
2025-11-24 14:49:00,295 - __main__ - ERROR - ––≥ÃπÊªÆ¥ÌŒÛ: process_input() missing 3 required positional arguments: 'city', 'days', and 'preferences'
Traceback (most recent call last):
  File "E:\project\WKXM\app.py", line 273, in plan_trip
    parsed_input = user_input_module.process_input(user_input_data)
TypeError: process_input() missing 3 required positional arguments: 'city', 'days', and 'preferences'
2025-11-24 14:49:00,297 - werkzeug - INFO - 127.0.0.1 - - [24/Nov/2025 14:49:00] "[35m[1mPOST /plan HTTP/1.1[0m" 500 -
2025-11-24 14:49:28,096 - __main__ - INFO - ≥…π¶¥”JSON«Î«ÛÃÂªÒ»° ˝æ›
2025-11-24 14:49:28,096 - __main__ - INFO - Ω” ’µΩ––≥ÃπÊªÆ«Î«Û: {'city': 'π˛∂˚±ı', 'province': '', 'days': 3, 'preferences': ['◊‘»ª∑Áπ‚', '¿˙ ∑ŒƒªØ'], 'travel_date': '2025-11-24'}
2025-11-24 14:49:28,096 - __main__ - INFO - ¥¶¿Ì∫Ûµƒ”√ªß ‰»Î ˝æ›: {'province': '', 'city': 'π˛∂˚±ı', 'days': 3, 'preferences': ['◊‘»ª∑Áπ‚', '¿˙ ∑ŒƒªØ'], 'travel_date': '2025-11-24'}
2025-11-24 14:49:28,096 - __main__ - ERROR - ––≥ÃπÊªÆ¥ÌŒÛ: process_input() missing 3 required positional arguments: 'city', 'days', and 'preferences'
Traceback (most recent call last):
  File "E:\project\WKXM\app.py", line 273, in plan_trip
    parsed_input = user_input_module.process_input(user_input_data)
TypeError: process_input() missing 3 required positional arguments: 'city', 'days', and 'preferences'
2025-11-24 14:49:28,096 - werkzeug - INFO - 127.0.0.1 - - [24/Nov/2025 14:49:28] "[35m[1mPOST /plan HTTP/1.1[0m" 500 -
2025-11-24 14:51:24,317 - werkzeug - INFO -  * Detected change in 'E:\\project\\WKXM\\app.py', reloading
2025-11-24 14:51:24,404 - werkzeug - INFO -  * Restarting with stat
2025-11-24 14:51:25,007 - __main__ - INFO - ”¶”√∆Ù∂Ø”⁄ 0.0.0.0:5000£¨ª∑æ≥: default
2025-11-24 14:51:25,013 - werkzeug - WARNING -  * Debugger is active!
2025-11-24 14:51:25,017 - werkzeug - INFO -  * Debugger PIN: 778-864-383
2025-11-24 14:51:49,999 - werkzeug - INFO - 127.0.0.1 - - [24/Nov/2025 14:51:49] "GET / HTTP/1.1" 200 -
2025-11-24 14:51:50,014 - werkzeug - INFO - 127.0.0.1 - - [24/Nov/2025 14:51:50] "[33mGET /static/css/main.css HTTP/1.1[0m" 404 -
2025-11-24 14:51:50,412 - werkzeug - INFO - 127.0.0.1 - - [24/Nov/2025 14:51:50] "[36mGET /static/js/main.js HTTP/1.1[0m" 304 -
2025-11-24 14:51:50,737 - werkzeug - INFO - 127.0.0.1 - - [24/Nov/2025 14:51:50] "[33mGET /favicon.ico HTTP/1.1[0m" 404 -
2025-11-24 14:52:58,650 - werkzeug - INFO - 127.0.0.1 - - [24/Nov/2025 14:52:58] "GET /?ide_webview_request_time=1763967178334 HTTP/1.1" 200 -
2025-11-24 14:52:58,912 - werkzeug - INFO - 127.0.0.1 - - [24/Nov/2025 14:52:58] "[33mGET /static/css/main.css HTTP/1.1[0m" 404 -
2025-11-24 14:52:58,966 - werkzeug - INFO - 127.0.0.1 - - [24/Nov/2025 14:52:58] "[36mGET /static/js/main.js HTTP/1.1[0m" 304 -
2025-11-24 14:52:59,011 - werkzeug - INFO - 127.0.0.1 - - [24/Nov/2025 14:52:59] "[33mGET /@vite/client HTTP/1.1[0m" 404 -
2025-11-24 14:53:02,087 - werkzeug - INFO - 127.0.0.1 - - [24/Nov/2025 14:53:02] "GET /?ide_webview_request_time=1763967181771 HTTP/1.1" 200 -
2025-11-24 14:53:02,354 - werkzeug - INFO - 127.0.0.1 - - [24/Nov/2025 14:53:02] "[33mGET /static/css/main.css HTTP/1.1[0m" 404 -
2025-11-24 14:53:02,402 - werkzeug - INFO - 127.0.0.1 - - [24/Nov/2025 14:53:02] "[36mGET /static/js/main.js HTTP/1.1[0m" 304 -
2025-11-24 14:53:02,472 - werkzeug - INFO - 127.0.0.1 - - [24/Nov/2025 14:53:02] "[33mGET /@vite/client HTTP/1.1[0m" 404 -
2025-11-24 14:53:11,754 - __main__ - INFO - ≥…π¶¥”JSON«Î«ÛÃÂªÒ»° ˝æ›
2025-11-24 14:53:11,754 - __main__ - INFO - Ω” ’µΩ––≥ÃπÊªÆ«Î«Û: {'city': 'π˛∂˚±ı', 'province': '', 'days': 3, 'preferences': ['◊‘»ª∑Áπ‚', '√¿ ≥', '¿˙ ∑ŒƒªØ'], 'travel_date': '2025-11-24'}
2025-11-24 14:53:11,754 - __main__ - INFO - ¥¶¿Ì∫Ûµƒ”√ªß ‰»Î ˝æ›: {'province': '', 'city': 'π˛∂˚±ı', 'days': 3, 'preferences': ['◊‘»ª∑Áπ‚', '√¿ ≥', '¿˙ ∑ŒƒªØ'], 'travel_date': '2025-11-24'}
2025-11-24 14:53:11,754 - __main__ - ERROR - ––≥ÃπÊªÆ¥ÌŒÛ: process_input() missing 3 required positional arguments: 'city', 'days', and 'preferences'
Traceback (most recent call last):
  File "E:\project\WKXM\app.py", line 286, in plan_trip
    parsed_input = user_input_module.process_input(user_input_data)
TypeError: process_input() missing 3 required positional arguments: 'city', 'days', and 'preferences'
2025-11-24 14:53:11,756 - werkzeug - INFO - 127.0.0.1 - - [24/Nov/2025 14:53:11] "[35m[1mPOST /plan HTTP/1.1[0m" 500 -
2025-11-24 14:53:36,519 - werkzeug - INFO - 127.0.0.1 - - [24/Nov/2025 14:53:36] "GET /?ide_webview_request_time=1763967216515 HTTP/1.1" 200 -
2025-11-24 14:53:36,842 - werkzeug - INFO - 127.0.0.1 - - [24/Nov/2025 14:53:36] "[36mGET /static/js/main.js HTTP/1.1[0m" 304 -
2025-11-24 14:53:36,844 - werkzeug - INFO - 127.0.0.1 - - [24/Nov/2025 14:53:36] "GET /static/css/style.css HTTP/1.1" 200 -
2025-11-24 14:53:37,440 - werkzeug - INFO - 127.0.0.1 - - [24/Nov/2025 14:53:37] "[33mGET /@vite/client HTTP/1.1[0m" 404 -
2025-11-24 14:55:23,777 - __main__ - INFO - ≥…π¶¥”JSON«Î«ÛÃÂªÒ»° ˝æ›
2025-11-24 14:55:23,777 - __main__ - INFO - Ω” ’µΩ––≥ÃπÊªÆ«Î«Û: {'city': 'π˛∂˚±ı', 'province': '', 'days': 3, 'preferences': ['√¿ ≥', '◊‘»ª∑Áπ‚', '¿˙ ∑ŒƒªØ'], 'travel_date': '2025-11-24'}
2025-11-24 14:55:23,777 - __main__ - INFO - ¥¶¿Ì∫Ûµƒ”√ªß ‰»Î ˝æ›: {'province': '', 'city': 'π˛∂˚±ı', 'days': 3, 'preferences': ['√¿ ≥', '◊‘»ª∑Áπ‚', '¿˙ ∑ŒƒªØ'], 'travel_date': '2025-11-24'}
2025-11-24 14:55:23,777 - __main__ - ERROR - ––≥ÃπÊªÆ¥ÌŒÛ: process_input() missing 3 required positional arguments: 'city', 'days', and 'preferences'
Traceback (most recent call last):
  File "E:\project\WKXM\app.py", line 286, in plan_trip
    parsed_input = user_input_module.process_input(user_input_data)
TypeError: process_input() missing 3 required positional arguments: 'city', 'days', and 'preferences'
2025-11-24 14:55:23,778 - werkzeug - INFO - 127.0.0.1 - - [24/Nov/2025 14:55:23] "[35m[1mPOST /plan HTTP/1.1[0m" 500 -
2025-11-24 14:56:08,887 - werkzeug - INFO - 127.0.0.1 - - [24/Nov/2025 14:56:08] "GET /?ide_webview_request_time=1763967368574 HTTP/1.1" 200 -
2025-11-24 14:56:09,148 - werkzeug - INFO - 127.0.0.1 - - [24/Nov/2025 14:56:09] "[36mGET /static/css/style.css HTTP/1.1[0m" 304 -
2025-11-24 14:56:09,203 - werkzeug - INFO - 127.0.0.1 - - [24/Nov/2025 14:56:09] "[36mGET /static/js/main.js HTTP/1.1[0m" 304 -
2025-11-24 14:56:10,050 - werkzeug - INFO - 127.0.0.1 - - [24/Nov/2025 14:56:10] "[33mGET /@vite/client HTTP/1.1[0m" 404 -
2025-11-24 14:56:20,261 - werkzeug - INFO - 127.0.0.1 - - [24/Nov/2025 14:56:20] "GET /?ide_webview_request_time=1763967368574 HTTP/1.1" 200 -
2025-11-24 14:56:20,526 - werkzeug - INFO - 127.0.0.1 - - [24/Nov/2025 14:56:20] "GET /static/css/style.css HTTP/1.1" 200 -
2025-11-24 14:56:20,573 - werkzeug - INFO - 127.0.0.1 - - [24/Nov/2025 14:56:20] "GET /static/js/main.js HTTP/1.1" 200 -
2025-11-24 14:56:22,969 - werkzeug - INFO - 127.0.0.1 - - [24/Nov/2025 14:56:22] "[33mGET /@vite/client HTTP/1.1[0m" 404 -
2025-11-24 14:56:37,748 - __main__ - INFO - ≥…π¶¥”JSON«Î«ÛÃÂªÒ»° ˝æ›
2025-11-24 14:56:37,748 - __main__ - INFO - Ω” ’µΩ––≥ÃπÊªÆ«Î«Û: {'city': 'π˛∂˚±ı', 'province': '', 'days': 1, 'preferences': ['√¿ ≥'], 'travel_date': '2025-11-24'}
2025-11-24 14:56:37,748 - __main__ - INFO - ¥¶¿Ì∫Ûµƒ”√ªß ‰»Î ˝æ›: {'province': '', 'city': 'π˛∂˚±ı', 'days': 1, 'preferences': ['√¿ ≥'], 'travel_date': '2025-11-24'}
2025-11-24 14:56:37,748 - __main__ - ERROR - ––≥ÃπÊªÆ¥ÌŒÛ: process_input() missing 3 required positional arguments: 'city', 'days', and 'preferences'
Traceback (most recent call last):
  File "E:\project\WKXM\app.py", line 286, in plan_trip
    parsed_input = user_input_module.process_input(user_input_data)
TypeError: process_input() missing 3 required positional arguments: 'city', 'days', and 'preferences'
2025-11-24 14:56:37,750 - werkzeug - INFO - 127.0.0.1 - - [24/Nov/2025 14:56:37] "[35m[1mPOST /plan HTTP/1.1[0m" 500 -
2025-11-24 14:58:39,867 - werkzeug - INFO -  * Detected change in 'E:\\project\\WKXM\\app.py', reloading
2025-11-24 14:58:39,929 - werkzeug - INFO -  * Restarting with stat
2025-11-24 14:58:40,504 - __main__ - INFO - ”¶”√∆Ù∂Ø”⁄ 0.0.0.0:5000£¨ª∑æ≥: default
2025-11-24 14:58:40,509 - werkzeug - WARNING -  * Debugger is active!
2025-11-24 14:58:40,512 - werkzeug - INFO -  * Debugger PIN: 778-864-383
2025-11-24 14:58:49,374 - __main__ - INFO - ”¶”√∆Ù∂Ø”⁄ 0.0.0.0:5000£¨ª∑æ≥: default
2025-11-24 14:58:49,435 - werkzeug - INFO - [31m[1mWARNING: This is a development server. Do not use it in a production deployment. Use a production WSGI server instead.[0m
 * Running on all addresses (0.0.0.0)
 * Running on http://127.0.0.1:5000
 * Running on http://172.16.34.73:5000
2025-11-24 14:58:49,435 - werkzeug - INFO - [33mPress CTRL+C to quit[0m
2025-11-24 14:58:49,436 - werkzeug - INFO -  * Restarting with stat
2025-11-24 14:58:50,076 - __main__ - INFO - ”¶”√∆Ù∂Ø”⁄ 0.0.0.0:5000£¨ª∑æ≥: default
2025-11-24 14:58:50,081 - werkzeug - WARNING -  * Debugger is active!
2025-11-24 14:58:50,085 - werkzeug - INFO -  * Debugger PIN: 778-864-383
2025-11-24 14:58:50,106 - werkzeug - INFO - 127.0.0.1 - - [24/Nov/2025 14:58:50] "GET /?ide_webview_request_time=1763967368574 HTTP/1.1" 200 -
2025-11-24 14:58:50,252 - werkzeug - INFO - 127.0.0.1 - - [24/Nov/2025 14:58:50] "GET /static/css/style.css HTTP/1.1" 200 -
2025-11-24 14:58:50,430 - werkzeug - INFO - 127.0.0.1 - - [24/Nov/2025 14:58:50] "GET /static/js/main.js HTTP/1.1" 200 -
2025-11-24 14:58:57,098 - werkzeug - INFO - 127.0.0.1 - - [24/Nov/2025 14:58:57] "GET /?ide_webview_request_time=1763967536448 HTTP/1.1" 200 -
2025-11-24 14:58:57,364 - werkzeug - INFO - 127.0.0.1 - - [24/Nov/2025 14:58:57] "[36mGET /static/css/style.css HTTP/1.1[0m" 304 -
2025-11-24 14:58:57,413 - werkzeug - INFO - 127.0.0.1 - - [24/Nov/2025 14:58:57] "[36mGET /static/js/main.js HTTP/1.1[0m" 304 -
2025-11-24 14:59:15,868 - werkzeug - INFO - 127.0.0.1 - - [24/Nov/2025 14:59:15] "[33mGET /@vite/client HTTP/1.1[0m" 404 -
2025-11-24 14:59:43,774 - __main__ - INFO - ≥…π¶¥”JSON«Î«ÛÃÂªÒ»° ˝æ›
2025-11-24 14:59:43,774 - __main__ - INFO - Ω” ’µΩ––≥ÃπÊªÆ«Î«Û: {'days': 2, 'preferences': ['????'], 'city': '??'}
2025-11-24 14:59:43,776 - __main__ - INFO - ¥¶¿Ì∫Ûµƒ”√ªß ‰»Î ˝æ›: {'province': '', 'city': '??', 'days': 2, 'preferences': ['????'], 'travel_date': '2025-11-24'}
2025-11-24 14:59:43,776 - __main__ - ERROR - ––≥ÃπÊªÆ¥ÌŒÛ: process_input() missing 1 required positional argument: 'preferences'
Traceback (most recent call last):
  File "E:\project\WKXM\app.py", line 286, in plan_trip
    parsed_input = user_input_module.process_input(
TypeError: process_input() missing 1 required positional argument: 'preferences'
2025-11-24 14:59:43,777 - werkzeug - INFO - 127.0.0.1 - - [24/Nov/2025 14:59:43] "[35m[1mPOST /plan HTTP/1.1[0m" 500 -
2025-11-24 15:00:23,784 - werkzeug - INFO -  * Detected change in 'E:\\project\\WKXM\\app.py', reloading
2025-11-24 15:00:23,876 - werkzeug - INFO -  * Restarting with stat
2025-11-24 15:00:24,399 - __main__ - INFO - ”¶”√∆Ù∂Ø”⁄ 0.0.0.0:5000£¨ª∑æ≥: default
2025-11-24 15:00:24,404 - werkzeug - WARNING -  * Debugger is active!
2025-11-24 15:00:24,406 - werkzeug - INFO -  * Debugger PIN: 778-864-383
2025-11-24 15:00:33,172 - __main__ - INFO - ≥…π¶¥”JSON«Î«ÛÃÂªÒ»° ˝æ›
2025-11-24 15:00:33,173 - __main__ - INFO - Ω” ’µΩ––≥ÃπÊªÆ«Î«Û: {'days': 2, 'preferences': ['????'], 'city': '??'}
2025-11-24 15:00:33,173 - __main__ - INFO - ¥¶¿Ì∫Ûµƒ”√ªß ‰»Î ˝æ›: {'province': '', 'city': '??', 'days': 2, 'preferences': ['????'], 'travel_date': '2025-11-24'}
2025-11-24 15:00:34,229 - urllib3.connectionpool - WARNING - Retrying (Retry(total=1, connect=None, read=None, redirect=None, status=None)) after connection broken by 'ConnectTimeoutError(<urllib3.connection.HTTPSConnection object at 0x00000231FFDD9CD0>, 'Connection to nominatim.openstreetmap.org timed out. (connect timeout=1)')': /search?q=%3F%3F%E5%B8%82&format=json&limit=1&accept-language=zh-cn
2025-11-24 15:00:35,231 - urllib3.connectionpool - WARNING - Retrying (Retry(total=0, connect=None, read=None, redirect=None, status=None)) after connection broken by 'ConnectTimeoutError(<urllib3.connection.HTTPSConnection object at 0x00000231FFDD9DF0>, 'Connection to nominatim.openstreetmap.org timed out. (connect timeout=1)')': /search?q=%3F%3F%E5%B8%82&format=json&limit=1&accept-language=zh-cn
2025-11-24 15:00:36,462 - __main__ - ERROR - ––≥ÃπÊªÆ¥ÌŒÛ: Œﬁ∑®—È÷§≥« –: ?? –
Traceback (most recent call last):
  File "C:\Users\YangRui\AppData\Local\Programs\Python\Python39\lib\site-packages\urllib3\connection.py", line 198, in _new_conn
    sock = connection.create_connection(
  File "C:\Users\YangRui\AppData\Local\Programs\Python\Python39\lib\site-packages\urllib3\util\connection.py", line 85, in create_connection
    raise err
  File "C:\Users\YangRui\AppData\Local\Programs\Python\Python39\lib\site-packages\urllib3\util\connection.py", line 73, in create_connection
    sock.connect(sa)
socket.timeout: timed out

The above exception was the direct cause of the following exception:

Traceback (most recent call last):
  File "C:\Users\YangRui\AppData\Local\Programs\Python\Python39\lib\site-packages\urllib3\connectionpool.py", line 787, in urlopen
    response = self._make_request(
  File "C:\Users\YangRui\AppData\Local\Programs\Python\Python39\lib\site-packages\urllib3\connectionpool.py", line 488, in _make_request
    raise new_e
  File "C:\Users\YangRui\AppData\Local\Programs\Python\Python39\lib\site-packages\urllib3\connectionpool.py", line 464, in _make_request
    self._validate_conn(conn)
  File "C:\Users\YangRui\AppData\Local\Programs\Python\Python39\lib\site-packages\urllib3\connectionpool.py", line 1093, in _validate_conn
    conn.connect()
  File "C:\Users\YangRui\AppData\Local\Programs\Python\Python39\lib\site-packages\urllib3\connection.py", line 753, in connect
    self.sock = sock = self._new_conn()
  File "C:\Users\YangRui\AppData\Local\Programs\Python\Python39\lib\site-packages\urllib3\connection.py", line 207, in _new_conn
    raise ConnectTimeoutError(
urllib3.exceptions.ConnectTimeoutError: (<urllib3.connection.HTTPSConnection object at 0x00000231FFDD9EB0>, 'Connection to nominatim.openstreetmap.org timed out. (connect timeout=1)')

The above exception was the direct cause of the following exception:

Traceback (most recent call last):
  File "C:\Users\YangRui\AppData\Local\Programs\Python\Python39\lib\site-packages\requests\adapters.py", line 486, in send
    resp = conn.urlopen(
  File "C:\Users\YangRui\AppData\Local\Programs\Python\Python39\lib\site-packages\urllib3\connectionpool.py", line 871, in urlopen
    return self.urlopen(
  File "C:\Users\YangRui\AppData\Local\Programs\Python\Python39\lib\site-packages\urllib3\connectionpool.py", line 871, in urlopen
    return self.urlopen(
  File "C:\Users\YangRui\AppData\Local\Programs\Python\Python39\lib\site-packages\urllib3\connectionpool.py", line 841, in urlopen
    retries = retries.increment(
  File "C:\Users\YangRui\AppData\Local\Programs\Python\Python39\lib\site-packages\urllib3\util\retry.py", line 519, in increment
    raise MaxRetryError(_pool, url, reason) from reason  # type: ignore[arg-type]
urllib3.exceptions.MaxRetryError: HTTPSConnectionPool(host='nominatim.openstreetmap.org', port=443): Max retries exceeded with url: /search?q=%3F%3F%E5%B8%82&format=json&limit=1&accept-language=zh-cn (Caused by ConnectTimeoutError(<urllib3.connection.HTTPSConnection object at 0x00000231FFDD9EB0>, 'Connection to nominatim.openstreetmap.org timed out. (connect timeout=1)'))

During handling of the above exception, another exception occurred:

Traceback (most recent call last):
  File "C:\Users\YangRui\AppData\Local\Programs\Python\Python39\lib\site-packages\geopy\adapters.py", line 457, in _request
    resp = self.session.get(url, timeout=timeout, headers=headers)
  File "C:\Users\YangRui\AppData\Local\Programs\Python\Python39\lib\site-packages\requests\sessions.py", line 602, in get
    return self.request("GET", url, **kwargs)
  File "C:\Users\YangRui\AppData\Local\Programs\Python\Python39\lib\site-packages\requests\sessions.py", line 589, in request
    resp = self.send(prep, **send_kwargs)
  File "C:\Users\YangRui\AppData\Local\Programs\Python\Python39\lib\site-packages\requests\sessions.py", line 703, in send
    r = adapter.send(request, **kwargs)
  File "C:\Users\YangRui\AppData\Local\Programs\Python\Python39\lib\site-packages\requests\adapters.py", line 507, in send
    raise ConnectTimeout(e, request=request)
requests.exceptions.ConnectTimeout: HTTPSConnectionPool(host='nominatim.openstreetmap.org', port=443): Max retries exceeded with url: /search?q=%3F%3F%E5%B8%82&format=json&limit=1&accept-language=zh-cn (Caused by ConnectTimeoutError(<urllib3.connection.HTTPSConnection object at 0x00000231FFDD9EB0>, 'Connection to nominatim.openstreetmap.org timed out. (connect timeout=1)'))

During handling of the above exception, another exception occurred:

Traceback (most recent call last):
  File "E:\project\WKXM\modules\user_input_module.py", line 94, in _validate_city
    location = self.geolocator.geocode(city, language='zh-cn')
  File "C:\Users\YangRui\AppData\Local\Programs\Python\Python39\lib\site-packages\geopy\geocoders\nominatim.py", line 297, in geocode
    return self._call_geocoder(url, callback, timeout=timeout)
  File "C:\Users\YangRui\AppData\Local\Programs\Python\Python39\lib\site-packages\geopy\geocoders\base.py", line 368, in _call_geocoder
    result = self.adapter.get_json(url, timeout=timeout, headers=req_headers)
  File "C:\Users\YangRui\AppData\Local\Programs\Python\Python39\lib\site-packages\geopy\adapters.py", line 447, in get_json
    resp = self._request(url, timeout=timeout, headers=headers)
  File "C:\Users\YangRui\AppData\Local\Programs\Python\Python39\lib\site-packages\geopy\adapters.py", line 469, in _request
    raise GeocoderUnavailable(message)
geopy.exc.GeocoderUnavailable: HTTPSConnectionPool(host='nominatim.openstreetmap.org', port=443): Max retries exceeded with url: /search?q=%3F%3F%E5%B8%82&format=json&limit=1&accept-language=zh-cn (Caused by ConnectTimeoutError(<urllib3.connection.HTTPSConnection object at 0x00000231FFDD9EB0>, 'Connection to nominatim.openstreetmap.org timed out. (connect timeout=1)'))

During handling of the above exception, another exception occurred:

Traceback (most recent call last):
  File "E:\project\WKXM\app.py", line 286, in plan_trip
    parsed_input = user_input_module.process_input(
  File "E:\project\WKXM\modules\user_input_module.py", line 47, in process_input
    self._validate_city(processed_city)
  File "E:\project\WKXM\modules\user_input_module.py", line 102, in _validate_city
    raise ValueError(f"Œﬁ∑®—È÷§≥« –: {city}")
ValueError: Œﬁ∑®—È÷§≥« –: ?? –
2025-11-24 15:00:36,477 - werkzeug - INFO - 127.0.0.1 - - [24/Nov/2025 15:00:36] "[35m[1mPOST /plan HTTP/1.1[0m" 500 -
2025-11-24 15:01:01,956 - werkzeug - INFO -  * Detected change in 'E:\\project\\WKXM\\modules\\user_input_module.py', reloading
2025-11-24 15:01:02,036 - werkzeug - INFO -  * Restarting with stat
2025-11-24 15:01:02,520 - __main__ - INFO - ”¶”√∆Ù∂Ø”⁄ 0.0.0.0:5000£¨ª∑æ≥: default
2025-11-24 15:01:02,525 - werkzeug - WARNING -  * Debugger is active!
2025-11-24 15:01:02,528 - werkzeug - INFO -  * Debugger PIN: 778-864-383
2025-11-24 15:01:10,378 - __main__ - INFO - ≥…π¶¥”JSON«Î«ÛÃÂªÒ»° ˝æ›
2025-11-24 15:01:10,378 - __main__ - INFO - Ω” ’µΩ––≥ÃπÊªÆ«Î«Û: {'days': 2, 'preferences': ['????'], 'city': '??'}
2025-11-24 15:01:10,378 - __main__ - INFO - ¥¶¿Ì∫Ûµƒ”√ªß ‰»Î ˝æ›: {'province': '', 'city': '??', 'days': 2, 'preferences': ['????'], 'travel_date': '2025-11-24'}
2025-11-24 15:01:10,379 - __main__ - INFO - Ω‚Œˆ∫Ûµƒ”√ªß ‰»Î: {'province': '', 'city': '?? –', 'days': 2, 'preferences': ['????'], 'is_city_specific': True, 'timestamp': '2025-11-24T15:01:10.379382'}
2025-11-24 15:01:10,379 - __main__ - INFO - ø™ ºŒ™≥« – ?? ªÒ»°æ∞µ„ ˝æ›
2025-11-24 15:01:10,379 - __main__ - ERROR - ≤ﬂ¬‘1 ß∞‹: 'ScenicSpotModule' object has no attribute 'get_spots_by_city'
2025-11-24 15:01:10,940 - __main__ - INFO - ≤ﬂ¬‘2: ¥”api_integrationªÒ»°µΩ50∏ˆæ∞µ„
2025-11-24 15:01:10,940 - __main__ - INFO - ‘ˆ«ø∫Ûæ∞µ„ ˝æ›: 50∏ˆæ∞µ„
2025-11-24 15:01:10,941 - __main__ - INFO - ∆´∫√…∏—°Ω·π˚Ã´…Ÿ£¨±£¡Ù‘≠ ºæ∞µ„¡–±Ì
2025-11-24 15:01:10,941 - __main__ - ERROR - ––≥ÃπÊªÆ¥ÌŒÛ: 'SeasonalOptimizationModule' object has no attribute 'get_seasonal_info'
Traceback (most recent call last):
  File "E:\project\WKXM\app.py", line 401, in plan_trip
    seasonal_info = seasonal_optimization_module.get_seasonal_info(
AttributeError: 'SeasonalOptimizationModule' object has no attribute 'get_seasonal_info'
2025-11-24 15:01:10,942 - werkzeug - INFO - 127.0.0.1 - - [24/Nov/2025 15:01:10] "[35m[1mPOST /plan HTTP/1.1[0m" 500 -
2025-11-24 15:01:52,321 - werkzeug - INFO -  * Detected change in 'E:\\project\\WKXM\\app.py', reloading
2025-11-24 15:01:52,374 - werkzeug - INFO -  * Restarting with stat
2025-11-24 15:01:52,837 - __main__ - INFO - ”¶”√∆Ù∂Ø”⁄ 0.0.0.0:5000£¨ª∑æ≥: default
2025-11-24 15:01:52,841 - werkzeug - WARNING -  * Debugger is active!
2025-11-24 15:01:52,844 - werkzeug - INFO -  * Debugger PIN: 778-864-383
2025-11-24 15:02:09,549 - __main__ - INFO - ≥…π¶¥”JSON«Î«ÛÃÂªÒ»° ˝æ›
2025-11-24 15:02:09,550 - __main__ - INFO - Ω” ’µΩ––≥ÃπÊªÆ«Î«Û: {'days': 2, 'preferences': ['????'], 'city': '??'}
2025-11-24 15:02:09,550 - __main__ - INFO - ¥¶¿Ì∫Ûµƒ”√ªß ‰»Î ˝æ›: {'province': '', 'city': '??', 'days': 2, 'preferences': ['????'], 'travel_date': '2025-11-24'}
2025-11-24 15:02:09,550 - __main__ - INFO - Ω‚Œˆ∫Ûµƒ”√ªß ‰»Î: {'province': '', 'city': '?? –', 'days': 2, 'preferences': ['????'], 'is_city_specific': True, 'timestamp': '2025-11-24T15:02:09.550462'}
2025-11-24 15:02:09,550 - __main__ - INFO - ø™ ºŒ™≥« – ?? ªÒ»°æ∞µ„ ˝æ›
2025-11-24 15:02:09,551 - __main__ - ERROR - ≤ﬂ¬‘1 ß∞‹: 'ScenicSpotModule' object has no attribute 'get_spots_by_city'
2025-11-24 15:02:10,027 - __main__ - INFO - ≤ﬂ¬‘2: ¥”api_integrationªÒ»°µΩ50∏ˆæ∞µ„
2025-11-24 15:02:10,027 - __main__ - INFO - ‘ˆ«ø∫Ûæ∞µ„ ˝æ›: 50∏ˆæ∞µ„
2025-11-24 15:02:10,027 - __main__ - INFO - ∆´∫√…∏—°Ω·π˚Ã´…Ÿ£¨±£¡Ù‘≠ ºæ∞µ„¡–±Ì
2025-11-24 15:02:10,028 - __main__ - INFO - ºæΩ⁄–‘”≈ªØ∫Ûæ∞µ„ ˝¡ø: 50
2025-11-24 15:02:10,028 - __main__ - INFO - ºæΩ⁄–‘”≈ªØ–≈œ¢: {'best_season_spots': [], 'not_recommended_spots': [], 'season_suggestion': '«ÔÃÏ «¬√”Œµƒª∆ΩºæΩ⁄£¨∆¯Œ¬  ÷–£¨æ∞…´√‘»À£¨  ∫œ∏˜¿‡ªßÕ‚ªÓ∂Ø°£  11‘¬∑›±±∑Ωµÿ«¯ø™ ºΩµŒ¬£¨ƒœ∑Ωµÿ«¯∆¯∫Ú“À»À°£', 'current_season': '«Ôºæ', 'current_month': 11}
2025-11-24 15:02:10,030 - __main__ - INFO - ø™ ºπÊªÆ2ÃÏµƒ––≥Ã
2025-11-24 15:02:10,071 - __main__ - INFO - …˙≥…µƒ√ø»’––≥Ã ˝¡ø: 2
2025-11-24 15:02:10,627 - __main__ - INFO - ≥…π¶ªÒ»°ÃÏ∆¯–≈œ¢
2025-11-24 15:02:14,100 - __main__ - INFO - ≥…π¶ªÒ»°≥« ––≈œ¢
2025-11-24 15:02:14,100 - __main__ - INFO - ≥…π¶º∆À„¬∑œﬂÕ≥º∆–≈œ¢
2025-11-24 15:02:14,101 - __main__ - ERROR - ––≥ÃπÊªÆ¥ÌŒÛ: Unknown format code 'd' for object of type 'float'
Traceback (most recent call last):
  File "E:\project\WKXM\app.py", line 500, in plan_trip
    itinerary_data = generate_mock_itinerary(destination_name, days, preferences)
  File "E:\project\WKXM\app.py", line 157, in generate_mock_itinerary
    arrival_time = f"{current_time:02d}:00"
ValueError: Unknown format code 'd' for object of type 'float'
2025-11-24 15:02:14,102 - werkzeug - INFO - 127.0.0.1 - - [24/Nov/2025 15:02:14] "[35m[1mPOST /plan HTTP/1.1[0m" 500 -
2025-11-24 15:03:03,923 - __main__ - INFO - ”¶”√∆Ù∂Ø”⁄ 0.0.0.0:5000£¨ª∑æ≥: default
2025-11-24 15:03:03,934 - werkzeug - INFO - [31m[1mWARNING: This is a development server. Do not use it in a production deployment. Use a production WSGI server instead.[0m
 * Running on all addresses (0.0.0.0)
 * Running on http://127.0.0.1:5000
 * Running on http://172.16.34.73:5000
2025-11-24 15:03:03,934 - werkzeug - INFO - [33mPress CTRL+C to quit[0m
2025-11-24 15:03:03,935 - werkzeug - INFO -  * Restarting with stat
2025-11-24 15:03:04,382 - __main__ - INFO - ”¶”√∆Ù∂Ø”⁄ 0.0.0.0:5000£¨ª∑æ≥: default
2025-11-24 15:03:04,385 - werkzeug - WARNING -  * Debugger is active!
2025-11-24 15:03:04,388 - werkzeug - INFO -  * Debugger PIN: 778-864-383
2025-11-24 15:03:27,132 - __main__ - INFO - ≥…π¶¥”JSON«Î«ÛÃÂªÒ»° ˝æ›
2025-11-24 15:03:27,132 - __main__ - INFO - Ω” ’µΩ––≥ÃπÊªÆ«Î«Û: {'city': '??', 'days': 2, 'preferences': ['????']}
2025-11-24 15:03:27,133 - __main__ - INFO - ¥¶¿Ì∫Ûµƒ”√ªß ‰»Î ˝æ›: {'province': '', 'city': '??', 'days': 2, 'preferences': ['????'], 'travel_date': '2025-11-24'}
2025-11-24 15:03:27,133 - __main__ - INFO - Ω‚Œˆ∫Ûµƒ”√ªß ‰»Î: {'province': '', 'city': '?? –', 'days': 2, 'preferences': ['????'], 'is_city_specific': True, 'timestamp': '2025-11-24T15:03:27.133943'}
2025-11-24 15:03:27,133 - __main__ - INFO - ø™ ºŒ™≥« – ?? ªÒ»°æ∞µ„ ˝æ›
2025-11-24 15:03:27,133 - __main__ - ERROR - ≤ﬂ¬‘1 ß∞‹: 'ScenicSpotModule' object has no attribute 'get_spots_by_city'
2025-11-24 15:03:27,707 - __main__ - INFO - ≤ﬂ¬‘2: ¥”api_integrationªÒ»°µΩ50∏ˆæ∞µ„
2025-11-24 15:03:27,707 - __main__ - INFO - ‘ˆ«ø∫Ûæ∞µ„ ˝æ›: 50∏ˆæ∞µ„
2025-11-24 15:03:27,707 - __main__ - INFO - ∆´∫√…∏—°Ω·π˚Ã´…Ÿ£¨±£¡Ù‘≠ ºæ∞µ„¡–±Ì
2025-11-24 15:03:27,707 - __main__ - INFO - ºæΩ⁄–‘”≈ªØ∫Ûæ∞µ„ ˝¡ø: 50
2025-11-24 15:03:27,708 - __main__ - INFO - ºæΩ⁄–‘”≈ªØ–≈œ¢: {'best_season_spots': [], 'not_recommended_spots': [], 'season_suggestion': '«ÔÃÏ «¬√”Œµƒª∆ΩºæΩ⁄£¨∆¯Œ¬  ÷–£¨æ∞…´√‘»À£¨  ∫œ∏˜¿‡ªßÕ‚ªÓ∂Ø°£  11‘¬∑›±±∑Ωµÿ«¯ø™ ºΩµŒ¬£¨ƒœ∑Ωµÿ«¯∆¯∫Ú“À»À°£', 'current_season': '«Ôºæ', 'current_month': 11}
2025-11-24 15:03:27,708 - __main__ - INFO - ø™ ºπÊªÆ2ÃÏµƒ––≥Ã
2025-11-24 15:03:27,739 - __main__ - INFO - …˙≥…µƒ√ø»’––≥Ã ˝¡ø: 2
2025-11-24 15:03:28,485 - __main__ - INFO - ≥…π¶ªÒ»°ÃÏ∆¯–≈œ¢
2025-11-24 15:03:31,354 - __main__ - INFO - ≥…π¶ªÒ»°≥« ––≈œ¢
2025-11-24 15:03:31,355 - __main__ - INFO - ≥…π¶º∆À„¬∑œﬂÕ≥º∆–≈œ¢
2025-11-24 15:03:31,355 - __main__ - INFO - ––≥Ã ˝æ›“—¥Ê¥¢µΩª·ª∞
2025-11-24 15:03:31,355 - __main__ - INFO - ––≥ÃπÊªÆÕÍ≥…£¨◊º±∏∑µªÿΩ·π˚
2025-11-24 15:03:31,356 - werkzeug - INFO - 127.0.0.1 - - [24/Nov/2025 15:03:31] "POST /plan HTTP/1.1" 200 -
2025-11-24 15:05:18,273 - __main__ - INFO - ≥…π¶¥”JSON«Î«ÛÃÂªÒ»° ˝æ›
2025-11-24 15:05:18,273 - __main__ - INFO - Ω” ’µΩ––≥ÃπÊªÆ«Î«Û: {'city': 'π˛∂˚±ı', 'province': '', 'days': 3, 'preferences': ['◊‘»ª∑Áπ‚', '¿˙ ∑ŒƒªØ'], 'travel_date': '2025-11-24'}
2025-11-24 15:05:18,273 - __main__ - INFO - ¥¶¿Ì∫Ûµƒ”√ªß ‰»Î ˝æ›: {'province': '', 'city': 'π˛∂˚±ı', 'days': 3, 'preferences': ['◊‘»ª∑Áπ‚', '¿˙ ∑ŒƒªØ'], 'travel_date': '2025-11-24'}
2025-11-24 15:05:18,274 - __main__ - INFO - Ω‚Œˆ∫Ûµƒ”√ªß ‰»Î: {'province': '', 'city': 'π˛∂˚±ı –', 'days': 3, 'preferences': ['◊‘»ª∑Áπ‚', '¿˙ ∑ŒƒªØ'], 'is_city_specific': True, 'timestamp': '2025-11-24T15:05:18.274469'}
2025-11-24 15:05:18,274 - __main__ - INFO - ø™ ºŒ™≥« – π˛∂˚±ı ªÒ»°æ∞µ„ ˝æ›
2025-11-24 15:05:18,274 - __main__ - ERROR - ≤ﬂ¬‘1 ß∞‹: 'ScenicSpotModule' object has no attribute 'get_spots_by_city'
2025-11-24 15:05:18,742 - __main__ - INFO - ≤ﬂ¬‘2: ¥”api_integrationªÒ»°µΩ50∏ˆæ∞µ„
2025-11-24 15:05:18,743 - __main__ - INFO - ‘ˆ«ø∫Ûæ∞µ„ ˝æ›: 50∏ˆæ∞µ„
2025-11-24 15:05:18,743 - __main__ - INFO - ∆´∫√…∏—°Ω·π˚Ã´…Ÿ£¨±£¡Ù‘≠ ºæ∞µ„¡–±Ì
2025-11-24 15:05:18,743 - __main__ - INFO - ºæΩ⁄–‘”≈ªØ∫Ûæ∞µ„ ˝¡ø: 50
2025-11-24 15:05:18,744 - __main__ - INFO - ºæΩ⁄–‘”≈ªØ–≈œ¢: {'best_season_spots': [], 'not_recommended_spots': [], 'season_suggestion': '«ÔÃÏ «¬√”Œµƒª∆ΩºæΩ⁄£¨∆¯Œ¬  ÷–£¨æ∞…´√‘»À£¨  ∫œ∏˜¿‡ªßÕ‚ªÓ∂Ø°£  11‘¬∑›±±∑Ωµÿ«¯ø™ ºΩµŒ¬£¨ƒœ∑Ωµÿ«¯∆¯∫Ú“À»À°£', 'current_season': '«Ôºæ', 'current_month': 11}
2025-11-24 15:05:18,744 - __main__ - INFO - ø™ ºπÊªÆ3ÃÏµƒ––≥Ã
2025-11-24 15:05:18,789 - __main__ - INFO - …˙≥…µƒ√ø»’––≥Ã ˝¡ø: 3
2025-11-24 15:05:19,314 - __main__ - INFO - ≥…π¶ªÒ»°ÃÏ∆¯–≈œ¢
2025-11-24 15:05:29,480 - __main__ - INFO - ≥…π¶ªÒ»°≥« ––≈œ¢
2025-11-24 15:05:29,481 - __main__ - INFO - ≥…π¶º∆À„¬∑œﬂÕ≥º∆–≈œ¢
2025-11-24 15:05:29,482 - __main__ - INFO - ––≥Ã ˝æ›“—¥Ê¥¢µΩª·ª∞
2025-11-24 15:05:29,482 - __main__ - INFO - ––≥ÃπÊªÆÕÍ≥…£¨◊º±∏∑µªÿΩ·π˚
2025-11-24 15:05:29,483 - werkzeug - INFO - 127.0.0.1 - - [24/Nov/2025 15:05:29] "POST /plan HTTP/1.1" 200 -
2025-11-24 15:06:55,950 - werkzeug - INFO -  * Detected change in 'E:\\project\\WKXM\\app.py', reloading
2025-11-24 15:06:56,004 - werkzeug - INFO -  * Restarting with stat
2025-11-24 15:06:56,419 - __main__ - INFO - ”¶”√∆Ù∂Ø”⁄ 0.0.0.0:5000£¨ª∑æ≥: default
2025-11-24 15:06:56,426 - werkzeug - WARNING -  * Debugger is active!
2025-11-24 15:06:56,429 - werkzeug - INFO -  * Debugger PIN: 778-864-383
2025-11-24 15:07:05,463 - __main__ - INFO - ”¶”√∆Ù∂Ø”⁄ 0.0.0.0:5000£¨ª∑æ≥: default
2025-11-24 15:07:05,476 - werkzeug - INFO - [31m[1mWARNING: This is a development server. Do not use it in a production deployment. Use a production WSGI server instead.[0m
 * Running on all addresses (0.0.0.0)
 * Running on http://127.0.0.1:5000
 * Running on http://172.16.34.73:5000
2025-11-24 15:07:05,476 - werkzeug - INFO - [33mPress CTRL+C to quit[0m
2025-11-24 15:07:05,477 - werkzeug - INFO -  * Restarting with stat
2025-11-24 15:07:05,950 - __main__ - INFO - ”¶”√∆Ù∂Ø”⁄ 0.0.0.0:5000£¨ª∑æ≥: default
2025-11-24 15:07:05,955 - werkzeug - WARNING -  * Debugger is active!
2025-11-24 15:07:05,958 - werkzeug - INFO -  * Debugger PIN: 778-864-383
2025-11-24 15:07:15,628 - __main__ - INFO - ≥…π¶¥”JSON«Î«ÛÃÂªÒ»° ˝æ›
2025-11-24 15:07:15,628 - __main__ - INFO - Ω” ’µΩ––≥ÃπÊªÆ«Î«Û: {'city': '??', 'days': 2, 'preferences': ['????']}
2025-11-24 15:07:15,628 - __main__ - INFO - ¥¶¿Ì∫Ûµƒ”√ªß ‰»Î ˝æ›: {'province': '', 'city': '??', 'days': 2, 'preferences': ['????'], 'travel_date': '2025-11-24'}
2025-11-24 15:07:15,630 - __main__ - INFO - Ω‚Œˆ∫Ûµƒ”√ªß ‰»Î: {'province': '', 'city': '?? –', 'days': 2, 'preferences': ['????'], 'is_city_specific': True, 'timestamp': '2025-11-24T15:07:15.630309'}
2025-11-24 15:07:15,630 - __main__ - INFO - ø™ ºŒ™≥« – ?? ªÒ»°æ∞µ„ ˝æ›
2025-11-24 15:07:15,630 - __main__ - ERROR - ≤ﬂ¬‘1 ß∞‹: 'ScenicSpotModule' object has no attribute 'get_spots_by_city'
2025-11-24 15:07:16,161 - __main__ - INFO - ≤ﬂ¬‘2: ¥”api_integrationªÒ»°µΩ50∏ˆæ∞µ„
2025-11-24 15:07:16,161 - __main__ - INFO - ‘ˆ«ø∫Ûæ∞µ„ ˝æ›: 50∏ˆæ∞µ„
2025-11-24 15:07:16,162 - __main__ - INFO - ∆´∫√…∏—°Ω·π˚Ã´…Ÿ£¨±£¡Ù‘≠ ºæ∞µ„¡–±Ì
2025-11-24 15:07:16,162 - __main__ - INFO - ºæΩ⁄–‘”≈ªØ∫Ûæ∞µ„ ˝¡ø: 50
2025-11-24 15:07:16,163 - __main__ - INFO - ºæΩ⁄–‘”≈ªØ–≈œ¢: {'best_season_spots': [], 'not_recommended_spots': [], 'season_suggestion': '«ÔÃÏ «¬√”Œµƒª∆ΩºæΩ⁄£¨∆¯Œ¬  ÷–£¨æ∞…´√‘»À£¨  ∫œ∏˜¿‡ªßÕ‚ªÓ∂Ø°£  11‘¬∑›±±∑Ωµÿ«¯ø™ ºΩµŒ¬£¨ƒœ∑Ωµÿ«¯∆¯∫Ú“À»À°£', 'current_season': '«Ôºæ', 'current_month': 11}
2025-11-24 15:07:16,163 - __main__ - INFO - ø™ ºπÊªÆ2ÃÏµƒ––≥Ã
2025-11-24 15:07:16,202 - __main__ - INFO - …˙≥…µƒ√ø»’––≥Ã ˝¡ø: 2
2025-11-24 15:07:16,694 - __main__ - INFO - ≥…π¶ªÒ»°ÃÏ∆¯–≈œ¢
2025-11-24 15:07:19,784 - __main__ - INFO - ≥…π¶ªÒ»°≥« ––≈œ¢
2025-11-24 15:07:19,784 - __main__ - INFO - ≥…π¶º∆À„¬∑œﬂÕ≥º∆–≈œ¢
2025-11-24 15:07:19,786 - __main__ - INFO - ––≥Ã ˝æ›“—¥Ê¥¢µΩª·ª∞
2025-11-24 15:07:19,786 - __main__ - INFO - ––≥ÃπÊªÆÕÍ≥…£¨◊º±∏∑µªÿΩ·π˚
2025-11-24 15:07:19,787 - werkzeug - INFO - 127.0.0.1 - - [24/Nov/2025 15:07:19] "POST /plan HTTP/1.1" 200 -
2025-11-24 15:07:43,975 - __main__ - INFO - ≥…π¶¥”JSON«Î«ÛÃÂªÒ»° ˝æ›
2025-11-24 15:07:43,975 - __main__ - INFO - Ω” ’µΩ––≥ÃπÊªÆ«Î«Û: {'city': '??', 'days': 2, 'preferences': ['????']}
2025-11-24 15:07:43,976 - __main__ - INFO - ¥¶¿Ì∫Ûµƒ”√ªß ‰»Î ˝æ›: {'province': '', 'city': '??', 'days': 2, 'preferences': ['????'], 'travel_date': '2025-11-24'}
2025-11-24 15:07:43,976 - __main__ - INFO - Ω‚Œˆ∫Ûµƒ”√ªß ‰»Î: {'province': '', 'city': '?? –', 'days': 2, 'preferences': ['????'], 'is_city_specific': True, 'timestamp': '2025-11-24T15:07:43.976902'}
2025-11-24 15:07:43,976 - __main__ - INFO - ø™ ºŒ™≥« – ?? ªÒ»°æ∞µ„ ˝æ›
2025-11-24 15:07:43,977 - __main__ - ERROR - ≤ﬂ¬‘1 ß∞‹: 'ScenicSpotModule' object has no attribute 'get_spots_by_city'
2025-11-24 15:07:44,507 - __main__ - INFO - ≤ﬂ¬‘2: ¥”api_integrationªÒ»°µΩ50∏ˆæ∞µ„
2025-11-24 15:07:44,509 - __main__ - INFO - ‘ˆ«ø∫Ûæ∞µ„ ˝æ›: 50∏ˆæ∞µ„
2025-11-24 15:07:44,509 - __main__ - INFO - ∆´∫√…∏—°Ω·π˚Ã´…Ÿ£¨±£¡Ù‘≠ ºæ∞µ„¡–±Ì
2025-11-24 15:07:44,509 - __main__ - INFO - ºæΩ⁄–‘”≈ªØ∫Ûæ∞µ„ ˝¡ø: 50
2025-11-24 15:07:44,510 - __main__ - INFO - ºæΩ⁄–‘”≈ªØ–≈œ¢: {'best_season_spots': [], 'not_recommended_spots': [], 'season_suggestion': '«ÔÃÏ «¬√”Œµƒª∆ΩºæΩ⁄£¨∆¯Œ¬  ÷–£¨æ∞…´√‘»À£¨  ∫œ∏˜¿‡ªßÕ‚ªÓ∂Ø°£  11‘¬∑›±±∑Ωµÿ«¯ø™ ºΩµŒ¬£¨ƒœ∑Ωµÿ«¯∆¯∫Ú“À»À°£', 'current_season': '«Ôºæ', 'current_month': 11}
2025-11-24 15:07:44,510 - __main__ - INFO - ø™ ºπÊªÆ2ÃÏµƒ––≥Ã
2025-11-24 15:07:44,538 - __main__ - INFO - …˙≥…µƒ√ø»’––≥Ã ˝¡ø: 2
2025-11-24 15:07:45,033 - __main__ - INFO - ≥…π¶ªÒ»°ÃÏ∆¯–≈œ¢
2025-11-24 15:07:48,517 - __main__ - INFO - ≥…π¶ªÒ»°≥« ––≈œ¢
2025-11-24 15:07:48,518 - __main__ - INFO - ≥…π¶º∆À„¬∑œﬂÕ≥º∆–≈œ¢
2025-11-24 15:07:48,518 - __main__ - INFO - ––≥Ã ˝æ›“—¥Ê¥¢µΩª·ª∞
2025-11-24 15:07:48,518 - __main__ - INFO - ––≥ÃπÊªÆÕÍ≥…£¨◊º±∏∑µªÿΩ·π˚
2025-11-24 15:07:48,519 - werkzeug - INFO - 127.0.0.1 - - [24/Nov/2025 15:07:48] "POST /plan HTTP/1.1" 200 -
2025-11-24 15:08:04,801 - __main__ - INFO - ≥…π¶¥”JSON«Î«ÛÃÂªÒ»° ˝æ›
2025-11-24 15:08:04,801 - __main__ - INFO - Ω” ’µΩ––≥ÃπÊªÆ«Î«Û: {'city': '±±æ©', 'days': 2, 'preferences': ['¿˙ ∑ŒƒªØ']}
2025-11-24 15:08:04,801 - __main__ - INFO - ¥¶¿Ì∫Ûµƒ”√ªß ‰»Î ˝æ›: {'province': '', 'city': '±±æ©', 'days': 2, 'preferences': ['¿˙ ∑ŒƒªØ'], 'travel_date': '2025-11-24'}
2025-11-24 15:08:04,801 - __main__ - INFO - Ω‚Œˆ∫Ûµƒ”√ªß ‰»Î: {'province': '', 'city': '±±æ© –', 'days': 2, 'preferences': ['¿˙ ∑ŒƒªØ'], 'is_city_specific': True, 'timestamp': '2025-11-24T15:08:04.801650'}
2025-11-24 15:08:04,801 - __main__ - INFO - ø™ ºŒ™≥« – ±±æ© ªÒ»°æ∞µ„ ˝æ›
2025-11-24 15:08:04,802 - __main__ - ERROR - ≤ﬂ¬‘1 ß∞‹: 'ScenicSpotModule' object has no attribute 'get_spots_by_city'
2025-11-24 15:08:05,326 - __main__ - INFO - ≤ﬂ¬‘2: ¥”api_integrationªÒ»°µΩ50∏ˆæ∞µ„
2025-11-24 15:08:05,328 - __main__ - INFO - ‘ˆ«ø∫Ûæ∞µ„ ˝æ›: 50∏ˆæ∞µ„
2025-11-24 15:08:05,328 - __main__ - INFO - ∆´∫√…∏—°Ω·π˚Ã´…Ÿ£¨±£¡Ù‘≠ ºæ∞µ„¡–±Ì
2025-11-24 15:08:05,328 - __main__ - INFO - ºæΩ⁄–‘”≈ªØ∫Ûæ∞µ„ ˝¡ø: 50
2025-11-24 15:08:05,329 - __main__ - INFO - ºæΩ⁄–‘”≈ªØ–≈œ¢: {'best_season_spots': [], 'not_recommended_spots': [], 'season_suggestion': '«ÔÃÏ «¬√”Œµƒª∆ΩºæΩ⁄£¨∆¯Œ¬  ÷–£¨æ∞…´√‘»À£¨  ∫œ∏˜¿‡ªßÕ‚ªÓ∂Ø°£  11‘¬∑›±±∑Ωµÿ«¯ø™ ºΩµŒ¬£¨ƒœ∑Ωµÿ«¯∆¯∫Ú“À»À°£', 'current_season': '«Ôºæ', 'current_month': 11}
2025-11-24 15:08:05,329 - __main__ - INFO - ø™ ºπÊªÆ2ÃÏµƒ––≥Ã
2025-11-24 15:08:05,358 - __main__ - INFO - …˙≥…µƒ√ø»’––≥Ã ˝¡ø: 2
2025-11-24 15:08:05,887 - __main__ - INFO - ≥…π¶ªÒ»°ÃÏ∆¯–≈œ¢
2025-11-24 15:08:16,039 - __main__ - INFO - ≥…π¶ªÒ»°≥« ––≈œ¢
2025-11-24 15:08:16,040 - __main__ - INFO - ≥…π¶º∆À„¬∑œﬂÕ≥º∆–≈œ¢
2025-11-24 15:08:16,040 - __main__ - INFO - ––≥Ã ˝æ›“—¥Ê¥¢µΩª·ª∞
2025-11-24 15:08:16,040 - __main__ - INFO - ––≥ÃπÊªÆÕÍ≥…£¨◊º±∏∑µªÿΩ·π˚
2025-11-24 15:08:16,041 - werkzeug - INFO - 127.0.0.1 - - [24/Nov/2025 15:08:16] "POST /plan HTTP/1.1" 200 -
2025-11-24 15:09:23,302 - werkzeug - INFO - 127.0.0.1 - - [24/Nov/2025 15:09:23] "GET /?ide_webview_request_time=1763967536448 HTTP/1.1" 200 -
2025-11-24 15:09:23,708 - werkzeug - INFO - 127.0.0.1 - - [24/Nov/2025 15:09:23] "GET /static/css/style.css HTTP/1.1" 200 -
2025-11-24 15:09:23,758 - werkzeug - INFO - 127.0.0.1 - - [24/Nov/2025 15:09:23] "GET /static/js/main.js HTTP/1.1" 200 -
2025-11-24 15:09:45,154 - werkzeug - INFO - 127.0.0.1 - - [24/Nov/2025 15:09:45] "[33mGET /@vite/client HTTP/1.1[0m" 404 -
2025-11-24 15:10:46,958 - __main__ - INFO - ≥…π¶¥”JSON«Î«ÛÃÂªÒ»° ˝æ›
2025-11-24 15:10:46,958 - __main__ - INFO - Ω” ’µΩ––≥ÃπÊªÆ«Î«Û: {'city': 'π˛∂˚±ı', 'province': '', 'days': 3, 'preferences': ['«◊◊”'], 'travel_date': '2025-11-24'}
2025-11-24 15:10:46,958 - __main__ - INFO - ¥¶¿Ì∫Ûµƒ”√ªß ‰»Î ˝æ›: {'province': '', 'city': 'π˛∂˚±ı', 'days': 3, 'preferences': ['«◊◊”'], 'travel_date': '2025-11-24'}
2025-11-24 15:10:46,960 - __main__ - INFO - Ω‚Œˆ∫Ûµƒ”√ªß ‰»Î: {'province': '', 'city': 'π˛∂˚±ı –', 'days': 3, 'preferences': ['«◊◊”ªÓ∂Ø'], 'is_city_specific': True, 'timestamp': '2025-11-24T15:10:46.960004'}
2025-11-24 15:10:46,960 - __main__ - INFO - ø™ ºŒ™≥« – π˛∂˚±ı ªÒ»°æ∞µ„ ˝æ›
2025-11-24 15:10:46,960 - __main__ - ERROR - ≤ﬂ¬‘1 ß∞‹: 'ScenicSpotModule' object has no attribute 'get_spots_by_city'
2025-11-24 15:10:47,500 - __main__ - INFO - ≤ﬂ¬‘2: ¥”api_integrationªÒ»°µΩ50∏ˆæ∞µ„
2025-11-24 15:10:47,500 - __main__ - INFO - ‘ˆ«ø∫Ûæ∞µ„ ˝æ›: 50∏ˆæ∞µ„
2025-11-24 15:10:47,501 - __main__ - INFO - ∆´∫√…∏—°Ω·π˚Ã´…Ÿ£¨±£¡Ù‘≠ ºæ∞µ„¡–±Ì
2025-11-24 15:10:47,501 - __main__ - INFO - ºæΩ⁄–‘”≈ªØ∫Ûæ∞µ„ ˝¡ø: 50
2025-11-24 15:10:47,502 - __main__ - INFO - ºæΩ⁄–‘”≈ªØ–≈œ¢: {'best_season_spots': [], 'not_recommended_spots': [], 'season_suggestion': '«ÔÃÏ «¬√”Œµƒª∆ΩºæΩ⁄£¨∆¯Œ¬  ÷–£¨æ∞…´√‘»À£¨  ∫œ∏˜¿‡ªßÕ‚ªÓ∂Ø°£  11‘¬∑›±±∑Ωµÿ«¯ø™ ºΩµŒ¬£¨ƒœ∑Ωµÿ«¯∆¯∫Ú“À»À°£', 'current_season': '«Ôºæ', 'current_month': 11}
2025-11-24 15:10:47,502 - __main__ - INFO - ø™ ºπÊªÆ3ÃÏµƒ––≥Ã
2025-11-24 15:10:47,562 - __main__ - INFO - …˙≥…µƒ√ø»’––≥Ã ˝¡ø: 3
2025-11-24 15:10:48,022 - __main__ - INFO - ≥…π¶ªÒ»°ÃÏ∆¯–≈œ¢
2025-11-24 15:10:58,182 - __main__ - INFO - ≥…π¶ªÒ»°≥« ––≈œ¢
2025-11-24 15:10:58,183 - __main__ - INFO - ≥…π¶º∆À„¬∑œﬂÕ≥º∆–≈œ¢
2025-11-24 15:10:58,184 - __main__ - INFO - ––≥Ã ˝æ›“—¥Ê¥¢µΩª·ª∞
2025-11-24 15:10:58,184 - __main__ - INFO - ––≥ÃπÊªÆÕÍ≥…£¨◊º±∏∑µªÿΩ·π˚
2025-11-24 15:10:58,185 - werkzeug - INFO - 127.0.0.1 - - [24/Nov/2025 15:10:58] "POST /plan HTTP/1.1" 200 -
2025-11-24 15:18:34,868 - __main__ - INFO - ”¶”√∆Ù∂Ø”⁄ 0.0.0.0:5000£¨ª∑æ≥: default
2025-11-24 15:18:34,879 - werkzeug - INFO - [31m[1mWARNING: This is a development server. Do not use it in a production deployment. Use a production WSGI server instead.[0m
 * Running on all addresses (0.0.0.0)
 * Running on http://127.0.0.1:5000
 * Running on http://172.16.34.73:5000
2025-11-24 15:18:34,879 - werkzeug - INFO - [33mPress CTRL+C to quit[0m
2025-11-24 15:18:34,880 - werkzeug - INFO -  * Restarting with stat
2025-11-24 15:18:35,311 - __main__ - INFO - ”¶”√∆Ù∂Ø”⁄ 0.0.0.0:5000£¨ª∑æ≥: default
2025-11-24 15:18:35,316 - werkzeug - WARNING -  * Debugger is active!
2025-11-24 15:18:35,319 - werkzeug - INFO -  * Debugger PIN: 778-864-383
2025-11-24 15:18:49,508 - werkzeug - INFO - 127.0.0.1 - - [24/Nov/2025 15:18:49] "GET /?ide_webview_request_time=1763967536448 HTTP/1.1" 200 -
2025-11-24 15:18:49,934 - werkzeug - INFO - 127.0.0.1 - - [24/Nov/2025 15:18:49] "GET /static/css/style.css HTTP/1.1" 200 -
2025-11-24 15:18:49,980 - werkzeug - INFO - 127.0.0.1 - - [24/Nov/2025 15:18:49] "GET /static/js/main.js HTTP/1.1" 200 -
2025-11-24 15:18:52,629 - werkzeug - INFO - 127.0.0.1 - - [24/Nov/2025 15:18:52] "[33mGET /@vite/client HTTP/1.1[0m" 404 -
2025-11-24 15:19:02,997 - __main__ - INFO - ≥…π¶¥”JSON«Î«ÛÃÂªÒ»° ˝æ›
2025-11-24 15:19:02,997 - __main__ - INFO - Ω” ’µΩ––≥ÃπÊªÆ«Î«Û: {'city': 'π˛∂˚±ı', 'province': '', 'days': 1, 'preferences': ['«◊◊”'], 'travel_date': '2025-11-24'}
2025-11-24 15:19:02,998 - __main__ - INFO - ¥¶¿Ì∫Ûµƒ”√ªß ‰»Î ˝æ›: {'province': '', 'city': 'π˛∂˚±ı', 'days': 1, 'preferences': ['«◊◊”'], 'travel_date': '2025-11-24'}
2025-11-24 15:19:02,998 - __main__ - INFO - Ω‚Œˆ∫Ûµƒ”√ªß ‰»Î: {'province': '', 'city': 'π˛∂˚±ı –', 'days': 1, 'preferences': ['«◊◊”ªÓ∂Ø'], 'is_city_specific': True, 'timestamp': '2025-11-24T15:19:02.998450'}
2025-11-24 15:19:02,998 - __main__ - INFO - ø™ ºŒ™≥« – π˛∂˚±ı ªÒ»°æ∞µ„ ˝æ›
2025-11-24 15:19:02,998 - __main__ - ERROR - ≤ﬂ¬‘1 ß∞‹: 'ScenicSpotModule' object has no attribute 'get_spots_by_city'
2025-11-24 15:19:03,553 - __main__ - INFO - ≤ﬂ¬‘2: ¥”api_integrationªÒ»°µΩ50∏ˆæ∞µ„
2025-11-24 15:19:03,553 - __main__ - INFO - ‘ˆ«ø∫Ûæ∞µ„ ˝æ›: 50∏ˆæ∞µ„
2025-11-24 15:19:03,553 - __main__ - INFO - ∆´∫√…∏—°Ω·π˚Ã´…Ÿ£¨±£¡Ù‘≠ ºæ∞µ„¡–±Ì
2025-11-24 15:19:03,554 - __main__ - INFO - ºæΩ⁄–‘”≈ªØ∫Ûæ∞µ„ ˝¡ø: 50
2025-11-24 15:19:03,554 - __main__ - INFO - ºæΩ⁄–‘”≈ªØ–≈œ¢: {'best_season_spots': [], 'not_recommended_spots': [], 'season_suggestion': '«ÔÃÏ «¬√”Œµƒª∆ΩºæΩ⁄£¨∆¯Œ¬  ÷–£¨æ∞…´√‘»À£¨  ∫œ∏˜¿‡ªßÕ‚ªÓ∂Ø°£  11‘¬∑›±±∑Ωµÿ«¯ø™ ºΩµŒ¬£¨ƒœ∑Ωµÿ«¯∆¯∫Ú“À»À°£', 'current_season': '«Ôºæ', 'current_month': 11}
2025-11-24 15:19:03,554 - __main__ - INFO - ø™ ºπÊªÆ1ÃÏµƒ––≥Ã
2025-11-24 15:19:03,568 - __main__ - INFO - …˙≥…µƒ√ø»’––≥Ã ˝¡ø: 1
2025-11-24 15:19:04,159 - __main__ - INFO - ≥…π¶ªÒ»°ÃÏ∆¯–≈œ¢
2025-11-24 15:19:14,388 - __main__ - INFO - ≥…π¶ªÒ»°≥« ––≈œ¢
2025-11-24 15:19:14,388 - __main__ - INFO - ≥…π¶º∆À„¬∑œﬂÕ≥º∆–≈œ¢
2025-11-24 15:19:14,388 - __main__ - INFO - ––≥Ã ˝æ›“—¥Ê¥¢µΩª·ª∞
2025-11-24 15:19:14,388 - __main__ - INFO - ––≥ÃπÊªÆÕÍ≥…£¨◊º±∏∑µªÿΩ·π˚
2025-11-24 15:19:14,389 - werkzeug - INFO - 127.0.0.1 - - [24/Nov/2025 15:19:14] "POST /plan HTTP/1.1" 200 -
2025-11-24 15:22:49,496 - __main__ - INFO - ”¶”√∆Ù∂Ø”⁄ 0.0.0.0:5000£¨ª∑æ≥: default
2025-11-24 15:22:49,508 - werkzeug - INFO - [31m[1mWARNING: This is a development server. Do not use it in a production deployment. Use a production WSGI server instead.[0m
 * Running on all addresses (0.0.0.0)
 * Running on http://127.0.0.1:5000
 * Running on http://172.16.34.73:5000
2025-11-24 15:22:49,508 - werkzeug - INFO - [33mPress CTRL+C to quit[0m
2025-11-24 15:22:49,509 - werkzeug - INFO -  * Restarting with stat
2025-11-24 15:22:49,935 - __main__ - INFO - ”¶”√∆Ù∂Ø”⁄ 0.0.0.0:5000£¨ª∑æ≥: default
2025-11-24 15:22:49,940 - werkzeug - WARNING -  * Debugger is active!
2025-11-24 15:22:49,942 - werkzeug - INFO -  * Debugger PIN: 778-864-383
2025-11-24 15:23:24,355 - __main__ - INFO - ”¶”√∆Ù∂Ø”⁄ 0.0.0.0:5000£¨ª∑æ≥: default
2025-11-24 15:23:24,365 - werkzeug - INFO - [31m[1mWARNING: This is a development server. Do not use it in a production deployment. Use a production WSGI server instead.[0m
 * Running on all addresses (0.0.0.0)
 * Running on http://127.0.0.1:5000
 * Running on http://172.16.34.73:5000
2025-11-24 15:23:24,366 - werkzeug - INFO - [33mPress CTRL+C to quit[0m
2025-11-24 15:23:24,367 - werkzeug - INFO -  * Restarting with stat
2025-11-24 15:23:24,816 - __main__ - INFO - ”¶”√∆Ù∂Ø”⁄ 0.0.0.0:5000£¨ª∑æ≥: default
2025-11-24 15:23:24,821 - werkzeug - WARNING -  * Debugger is active!
2025-11-24 15:23:24,823 - werkzeug - INFO -  * Debugger PIN: 778-864-383
2025-11-24 15:24:14,964 - werkzeug - INFO - 127.0.0.1 - - [24/Nov/2025 15:24:14] "GET /?ide_webview_request_time=1763969054644 HTTP/1.1" 200 -
2025-11-24 15:24:15,389 - werkzeug - INFO - 127.0.0.1 - - [24/Nov/2025 15:24:15] "[36mGET /static/css/style.css HTTP/1.1[0m" 304 -
2025-11-24 15:24:15,452 - werkzeug - INFO - 127.0.0.1 - - [24/Nov/2025 15:24:15] "GET /static/js/main.js HTTP/1.1" 200 -
2025-11-24 15:24:15,967 - werkzeug - INFO - 127.0.0.1 - - [24/Nov/2025 15:24:15] "[33mGET /@vite/client HTTP/1.1[0m" 404 -
2025-11-24 15:24:26,273 - __main__ - INFO - ≥…π¶¥”JSON«Î«ÛÃÂªÒ»° ˝æ›
2025-11-24 15:24:26,273 - __main__ - INFO - Ω” ’µΩ––≥ÃπÊªÆ«Î«Û: {'city': 'π˛∂˚±ı', 'province': '', 'days': 1, 'preferences': ['√¿ ≥'], 'travel_date': '2025-11-24'}
2025-11-24 15:24:26,273 - __main__ - INFO - ¥¶¿Ì∫Ûµƒ”√ªß ‰»Î ˝æ›: {'province': '', 'city': 'π˛∂˚±ı', 'days': 1, 'preferences': ['√¿ ≥'], 'travel_date': '2025-11-24'}
2025-11-24 15:24:26,275 - __main__ - INFO - Ω‚Œˆ∫Ûµƒ”√ªß ‰»Î: {'province': '', 'city': 'π˛∂˚±ı –', 'days': 1, 'preferences': ['Ãÿ…´√¿ ≥'], 'is_city_specific': True, 'timestamp': '2025-11-24T15:24:26.273806'}
2025-11-24 15:24:26,275 - __main__ - INFO - ø™ ºŒ™≥« – π˛∂˚±ı ªÒ»°æ∞µ„ ˝æ›
2025-11-24 15:24:26,275 - __main__ - ERROR - ≤ﬂ¬‘1 ß∞‹: 'ScenicSpotModule' object has no attribute 'get_spots_by_city'
2025-11-24 15:24:26,764 - __main__ - INFO - ≤ﬂ¬‘2: ¥”api_integrationªÒ»°µΩ50∏ˆæ∞µ„
2025-11-24 15:24:26,764 - __main__ - INFO - ‘ˆ«ø∫Ûæ∞µ„ ˝æ›: 50∏ˆæ∞µ„
2025-11-24 15:24:26,764 - __main__ - INFO - ∆´∫√…∏—°Ω·π˚Ã´…Ÿ£¨±£¡Ù‘≠ ºæ∞µ„¡–±Ì
2025-11-24 15:24:26,765 - __main__ - INFO - ºæΩ⁄–‘”≈ªØ∫Ûæ∞µ„ ˝¡ø: 50
2025-11-24 15:24:26,765 - __main__ - INFO - ºæΩ⁄–‘”≈ªØ–≈œ¢: {'best_season_spots': [], 'not_recommended_spots': [], 'season_suggestion': '«ÔÃÏ «¬√”Œµƒª∆ΩºæΩ⁄£¨∆¯Œ¬  ÷–£¨æ∞…´√‘»À£¨  ∫œ∏˜¿‡ªßÕ‚ªÓ∂Ø°£  11‘¬∑›±±∑Ωµÿ«¯ø™ ºΩµŒ¬£¨ƒœ∑Ωµÿ«¯∆¯∫Ú“À»À°£', 'current_season': '«Ôºæ', 'current_month': 11}
2025-11-24 15:24:26,766 - __main__ - INFO - ø™ ºπÊªÆ1ÃÏµƒ––≥Ã
2025-11-24 15:24:26,787 - __main__ - INFO - …˙≥…µƒ√ø»’––≥Ã ˝¡ø: 1
2025-11-24 15:24:27,383 - __main__ - INFO - ≥…π¶ªÒ»°ÃÏ∆¯–≈œ¢
2025-11-24 15:24:37,582 - __main__ - INFO - ≥…π¶ªÒ»°≥« ––≈œ¢
2025-11-24 15:24:37,582 - __main__ - INFO - ≥…π¶º∆À„¬∑œﬂÕ≥º∆–≈œ¢
2025-11-24 15:24:37,582 - __main__ - INFO - ––≥Ã ˝æ›“—¥Ê¥¢µΩª·ª∞
2025-11-24 15:24:37,582 - __main__ - INFO - ––≥ÃπÊªÆÕÍ≥…£¨◊º±∏∑µªÿΩ·π˚
2025-11-24 15:24:37,583 - werkzeug - INFO - 127.0.0.1 - - [24/Nov/2025 15:24:37] "POST /plan HTTP/1.1" 200 -
2025-11-24 15:25:44,934 - werkzeug - INFO - 127.0.0.1 - - [24/Nov/2025 15:25:44] "GET /?ide_webview_request_time=1763969054644 HTTP/1.1" 200 -
2025-11-24 15:25:45,199 - werkzeug - INFO - 127.0.0.1 - - [24/Nov/2025 15:25:45] "GET /static/css/style.css HTTP/1.1" 200 -
2025-11-24 15:25:45,259 - werkzeug - INFO - 127.0.0.1 - - [24/Nov/2025 15:25:45] "GET /static/js/main.js HTTP/1.1" 200 -
2025-11-24 15:25:58,799 - __main__ - INFO - ”¶”√∆Ù∂Ø”⁄ 0.0.0.0:5000£¨ª∑æ≥: default
2025-11-24 15:25:58,812 - werkzeug - INFO - [31m[1mWARNING: This is a development server. Do not use it in a production deployment. Use a production WSGI server instead.[0m
 * Running on all addresses (0.0.0.0)
 * Running on http://127.0.0.1:5000
 * Running on http://172.16.34.73:5000
2025-11-24 15:25:58,812 - werkzeug - INFO - [33mPress CTRL+C to quit[0m
2025-11-24 15:25:58,813 - werkzeug - INFO -  * Restarting with stat
2025-11-24 15:25:59,317 - __main__ - INFO - ”¶”√∆Ù∂Ø”⁄ 0.0.0.0:5000£¨ª∑æ≥: default
2025-11-24 15:25:59,322 - werkzeug - WARNING -  * Debugger is active!
2025-11-24 15:25:59,325 - werkzeug - INFO -  * Debugger PIN: 778-864-383
2025-11-24 15:26:10,504 - werkzeug - INFO - 127.0.0.1 - - [24/Nov/2025 15:26:10] "[33mGET /@vite/client HTTP/1.1[0m" 404 -
2025-11-24 15:26:23,486 - __main__ - INFO - ≥…π¶¥”JSON«Î«ÛÃÂªÒ»° ˝æ›
2025-11-24 15:26:23,487 - __main__ - INFO - Ω” ’µΩ––≥ÃπÊªÆ«Î«Û: {'city': 'π˛∂˚±ı', 'province': '', 'days': 1, 'preferences': ['«◊◊”'], 'travel_date': '2025-11-24'}
2025-11-24 15:26:23,487 - __main__ - INFO - ¥¶¿Ì∫Ûµƒ”√ªß ‰»Î ˝æ›: {'province': '', 'city': 'π˛∂˚±ı', 'days': 1, 'preferences': ['«◊◊”'], 'travel_date': '2025-11-24'}
2025-11-24 15:26:23,487 - __main__ - INFO - Ω‚Œˆ∫Ûµƒ”√ªß ‰»Î: {'province': '', 'city': 'π˛∂˚±ı –', 'days': 1, 'preferences': ['«◊◊”ªÓ∂Ø'], 'is_city_specific': True, 'timestamp': '2025-11-24T15:26:23.487492'}
2025-11-24 15:26:23,487 - __main__ - INFO - ø™ ºŒ™≥« – π˛∂˚±ı ªÒ»°æ∞µ„ ˝æ›
2025-11-24 15:26:23,487 - __main__ - ERROR - ≤ﬂ¬‘1 ß∞‹: 'ScenicSpotModule' object has no attribute 'get_spots_by_city'
2025-11-24 15:26:23,972 - __main__ - INFO - ≤ﬂ¬‘2: ¥”api_integrationªÒ»°µΩ50∏ˆæ∞µ„
2025-11-24 15:26:23,972 - __main__ - INFO - ‘ˆ«ø∫Ûæ∞µ„ ˝æ›: 50∏ˆæ∞µ„
2025-11-24 15:26:23,973 - __main__ - INFO - ∆´∫√…∏—°Ω·π˚Ã´…Ÿ£¨±£¡Ù‘≠ ºæ∞µ„¡–±Ì
2025-11-24 15:26:23,973 - __main__ - INFO - ºæΩ⁄–‘”≈ªØ∫Ûæ∞µ„ ˝¡ø: 50
2025-11-24 15:26:23,973 - __main__ - INFO - ºæΩ⁄–‘”≈ªØ–≈œ¢: {'best_season_spots': [], 'not_recommended_spots': [], 'season_suggestion': '«ÔÃÏ «¬√”Œµƒª∆ΩºæΩ⁄£¨∆¯Œ¬  ÷–£¨æ∞…´√‘»À£¨  ∫œ∏˜¿‡ªßÕ‚ªÓ∂Ø°£  11‘¬∑›±±∑Ωµÿ«¯ø™ ºΩµŒ¬£¨ƒœ∑Ωµÿ«¯∆¯∫Ú“À»À°£', 'current_season': '«Ôºæ', 'current_month': 11}
2025-11-24 15:26:23,974 - __main__ - INFO - ø™ ºπÊªÆ1ÃÏµƒ––≥Ã
2025-11-24 15:26:23,987 - __main__ - INFO - …˙≥…µƒ√ø»’––≥Ã ˝¡ø: 1
2025-11-24 15:26:24,566 - __main__ - INFO - ≥…π¶ªÒ»°ÃÏ∆¯–≈œ¢
2025-11-24 15:26:34,764 - __main__ - INFO - ≥…π¶ªÒ»°≥« ––≈œ¢
2025-11-24 15:26:34,764 - __main__ - INFO - ≥…π¶º∆À„¬∑œﬂÕ≥º∆–≈œ¢
2025-11-24 15:26:34,764 - __main__ - INFO - ––≥Ã ˝æ›“—¥Ê¥¢µΩª·ª∞
2025-11-24 15:26:34,764 - __main__ - INFO - ––≥ÃπÊªÆÕÍ≥…£¨◊º±∏∑µªÿΩ·π˚
2025-11-24 15:26:34,765 - werkzeug - INFO - 127.0.0.1 - - [24/Nov/2025 15:26:34] "POST /plan HTTP/1.1" 200 -
2025-11-24 15:28:29,458 - __main__ - INFO - ”¶”√∆Ù∂Ø”⁄ 0.0.0.0:5000£¨ª∑æ≥: default
2025-11-24 15:28:29,469 - werkzeug - INFO - [31m[1mWARNING: This is a development server. Do not use it in a production deployment. Use a production WSGI server instead.[0m
 * Running on all addresses (0.0.0.0)
 * Running on http://127.0.0.1:5000
 * Running on http://172.16.34.73:5000
2025-11-24 15:28:29,469 - werkzeug - INFO - [33mPress CTRL+C to quit[0m
2025-11-24 15:28:29,469 - werkzeug - INFO -  * Restarting with stat
2025-11-24 15:28:29,886 - __main__ - INFO - ”¶”√∆Ù∂Ø”⁄ 0.0.0.0:5000£¨ª∑æ≥: default
2025-11-24 15:28:29,891 - werkzeug - WARNING -  * Debugger is active!
2025-11-24 15:28:29,893 - werkzeug - INFO -  * Debugger PIN: 778-864-383
2025-11-24 15:29:06,483 - werkzeug - INFO - 127.0.0.1 - - [24/Nov/2025 15:29:06] "GET /?ide_webview_request_time=1763969054644 HTTP/1.1" 200 -
2025-11-24 15:29:06,933 - werkzeug - INFO - 127.0.0.1 - - [24/Nov/2025 15:29:06] "GET /static/css/style.css HTTP/1.1" 200 -
2025-11-24 15:29:06,981 - werkzeug - INFO - 127.0.0.1 - - [24/Nov/2025 15:29:06] "GET /static/js/main.js HTTP/1.1" 200 -
2025-11-24 15:29:21,345 - werkzeug - INFO - 127.0.0.1 - - [24/Nov/2025 15:29:21] "GET /?ide_webview_request_time=1763969361332 HTTP/1.1" 200 -
2025-11-24 15:29:21,395 - werkzeug - INFO - 127.0.0.1 - - [24/Nov/2025 15:29:21] "GET /static/css/style.css HTTP/1.1" 200 -
2025-11-24 15:29:21,395 - werkzeug - INFO - 127.0.0.1 - - [24/Nov/2025 15:29:21] "GET /static/js/main.js HTTP/1.1" 200 -
2025-11-24 15:29:27,842 - werkzeug - INFO - 127.0.0.1 - - [24/Nov/2025 15:29:27] "[33mGET /@vite/client HTTP/1.1[0m" 404 -
2025-11-24 15:29:40,771 - __main__ - INFO - ≥…π¶¥”JSON«Î«ÛÃÂªÒ»° ˝æ›
2025-11-24 15:29:40,771 - __main__ - INFO - Ω” ’µΩ––≥ÃπÊªÆ«Î«Û: {'city': 'π˛∂˚±ı', 'province': '', 'days': 1, 'preferences': ['¿˙ ∑ŒƒªØ'], 'travel_date': '2025-11-24'}
2025-11-24 15:29:40,772 - __main__ - INFO - ¥¶¿Ì∫Ûµƒ”√ªß ‰»Î ˝æ›: {'province': '', 'city': 'π˛∂˚±ı', 'days': 1, 'preferences': ['¿˙ ∑ŒƒªØ'], 'travel_date': '2025-11-24'}
2025-11-24 15:29:40,772 - __main__ - INFO - Ω‚Œˆ∫Ûµƒ”√ªß ‰»Î: {'province': '', 'city': 'π˛∂˚±ı –', 'days': 1, 'preferences': ['¿˙ ∑ŒƒªØ'], 'is_city_specific': True, 'timestamp': '2025-11-24T15:29:40.772776'}
2025-11-24 15:29:40,772 - __main__ - INFO - ø™ ºŒ™≥« – π˛∂˚±ı ªÒ»°æ∞µ„ ˝æ›
2025-11-24 15:29:40,772 - __main__ - ERROR - ≤ﬂ¬‘1 ß∞‹: 'ScenicSpotModule' object has no attribute 'get_spots_by_city'
2025-11-24 15:29:41,260 - __main__ - INFO - ≤ﬂ¬‘2: ¥”api_integrationªÒ»°µΩ50∏ˆæ∞µ„
2025-11-24 15:29:41,260 - __main__ - INFO - ‘ˆ«ø∫Ûæ∞µ„ ˝æ›: 50∏ˆæ∞µ„
2025-11-24 15:29:41,260 - __main__ - INFO - ∆´∫√…∏—°Ω·π˚Ã´…Ÿ£¨±£¡Ù‘≠ ºæ∞µ„¡–±Ì
2025-11-24 15:29:41,261 - __main__ - INFO - ºæΩ⁄–‘”≈ªØ∫Ûæ∞µ„ ˝¡ø: 50
2025-11-24 15:29:41,261 - __main__ - INFO - ºæΩ⁄–‘”≈ªØ–≈œ¢: {'best_season_spots': [], 'not_recommended_spots': [], 'season_suggestion': '«ÔÃÏ «¬√”Œµƒª∆ΩºæΩ⁄£¨∆¯Œ¬  ÷–£¨æ∞…´√‘»À£¨  ∫œ∏˜¿‡ªßÕ‚ªÓ∂Ø°£  11‘¬∑›±±∑Ωµÿ«¯ø™ ºΩµŒ¬£¨ƒœ∑Ωµÿ«¯∆¯∫Ú“À»À°£', 'current_season': '«Ôºæ', 'current_month': 11}
2025-11-24 15:29:41,261 - __main__ - INFO - ø™ ºπÊªÆ1ÃÏµƒ––≥Ã
2025-11-24 15:29:41,274 - __main__ - INFO - …˙≥…µƒ√ø»’––≥Ã ˝¡ø: 1
2025-11-24 15:29:41,783 - __main__ - INFO - ≥…π¶ªÒ»°ÃÏ∆¯–≈œ¢
2025-11-24 15:29:51,930 - __main__ - INFO - ≥…π¶ªÒ»°≥« ––≈œ¢
2025-11-24 15:29:51,930 - __main__ - INFO - ≥…π¶º∆À„¬∑œﬂÕ≥º∆–≈œ¢
2025-11-24 15:29:51,931 - __main__ - INFO - ––≥Ã ˝æ›“—¥Ê¥¢µΩª·ª∞
2025-11-24 15:29:51,931 - __main__ - INFO - ––≥ÃπÊªÆÕÍ≥…£¨◊º±∏∑µªÿΩ·π˚
2025-11-24 15:29:51,931 - werkzeug - INFO - 127.0.0.1 - - [24/Nov/2025 15:29:51] "POST /plan HTTP/1.1" 200 -
2025-11-24 15:34:22,354 - werkzeug - INFO - 127.0.0.1 - - [24/Nov/2025 15:34:22] "GET /?ide_webview_request_time=1763969361332 HTTP/1.1" 200 -
2025-11-24 15:34:22,367 - werkzeug - INFO - 127.0.0.1 - - [24/Nov/2025 15:34:22] "GET /static/css/style.css HTTP/1.1" 200 -
2025-11-24 15:34:22,367 - werkzeug - INFO - 127.0.0.1 - - [24/Nov/2025 15:34:22] "GET /static/js/main.js HTTP/1.1" 200 -
2025-11-24 15:34:23,985 - werkzeug - INFO - 127.0.0.1 - - [24/Nov/2025 15:34:23] "[33mGET /@vite/client HTTP/1.1[0m" 404 -
2025-11-24 15:35:01,716 - __main__ - INFO - ”¶”√∆Ù∂Ø”⁄ 0.0.0.0:5000£¨ª∑æ≥: default
2025-11-24 15:35:01,725 - werkzeug - INFO - [31m[1mWARNING: This is a development server. Do not use it in a production deployment. Use a production WSGI server instead.[0m
 * Running on all addresses (0.0.0.0)
 * Running on http://127.0.0.1:5000
 * Running on http://172.16.34.73:5000
2025-11-24 15:35:01,726 - werkzeug - INFO - [33mPress CTRL+C to quit[0m
2025-11-24 15:35:01,726 - werkzeug - INFO -  * Restarting with stat
2025-11-24 15:35:02,166 - __main__ - INFO - ”¶”√∆Ù∂Ø”⁄ 0.0.0.0:5000£¨ª∑æ≥: default
2025-11-24 15:35:02,171 - werkzeug - WARNING -  * Debugger is active!
2025-11-24 15:35:02,173 - werkzeug - INFO -  * Debugger PIN: 778-864-383
2025-11-24 15:35:36,869 - werkzeug - INFO - 127.0.0.1 - - [24/Nov/2025 15:35:36] "GET /?ide_webview_request_time=1763969361332 HTTP/1.1" 200 -
2025-11-24 15:35:37,079 - werkzeug - INFO - 127.0.0.1 - - [24/Nov/2025 15:35:37] "GET /static/js/main.js HTTP/1.1" 200 -
2025-11-24 15:35:37,079 - werkzeug - INFO - 127.0.0.1 - - [24/Nov/2025 15:35:37] "GET /static/css/style.css HTTP/1.1" 200 -
2025-11-24 15:35:37,622 - werkzeug - INFO - 127.0.0.1 - - [24/Nov/2025 15:35:37] "[33mGET /@vite/client HTTP/1.1[0m" 404 -
2025-11-24 15:35:38,858 - werkzeug - INFO - 127.0.0.1 - - [24/Nov/2025 15:35:38] "GET /?ide_webview_request_time=1763969738855 HTTP/1.1" 200 -
2025-11-24 15:35:38,869 - werkzeug - INFO - 127.0.0.1 - - [24/Nov/2025 15:35:38] "[36mGET /static/js/main.js HTTP/1.1[0m" 304 -
2025-11-24 15:35:38,870 - werkzeug - INFO - 127.0.0.1 - - [24/Nov/2025 15:35:38] "[36mGET /static/css/style.css HTTP/1.1[0m" 304 -
2025-11-24 15:35:38,951 - werkzeug - INFO - 127.0.0.1 - - [24/Nov/2025 15:35:38] "[33mGET /@vite/client HTTP/1.1[0m" 404 -
2025-11-24 15:35:39,976 - werkzeug - INFO - 172.16.34.73 - - [24/Nov/2025 15:35:39] "GET / HTTP/1.1" 200 -
2025-11-24 15:35:40,022 - werkzeug - INFO - 172.16.34.73 - - [24/Nov/2025 15:35:40] "GET /static/css/style.css HTTP/1.1" 200 -
2025-11-24 15:35:40,023 - werkzeug - INFO - 172.16.34.73 - - [24/Nov/2025 15:35:40] "GET /static/js/main.js HTTP/1.1" 200 -
2025-11-24 15:35:40,276 - werkzeug - INFO - 172.16.34.73 - - [24/Nov/2025 15:35:40] "[33mGET /@vite/client HTTP/1.1[0m" 404 -
2025-11-24 15:35:53,141 - __main__ - INFO - ≥…π¶¥”JSON«Î«ÛÃÂªÒ»° ˝æ›
2025-11-24 15:35:53,142 - __main__ - INFO - Ω” ’µΩ––≥ÃπÊªÆ«Î«Û: {'city': 'π˛∂˚±ı', 'province': '', 'days': 3, 'preferences': ['◊‘»ª∑Áπ‚', '¿˙ ∑ŒƒªØ', '√¿ ≥'], 'travel_date': '2025-11-24'}
2025-11-24 15:35:53,142 - __main__ - INFO - ¥¶¿Ì∫Ûµƒ”√ªß ‰»Î ˝æ›: {'province': '', 'city': 'π˛∂˚±ı', 'days': 3, 'preferences': ['◊‘»ª∑Áπ‚', '¿˙ ∑ŒƒªØ', '√¿ ≥'], 'travel_date': '2025-11-24'}
2025-11-24 15:35:53,142 - __main__ - INFO - Ω‚Œˆ∫Ûµƒ”√ªß ‰»Î: {'province': '', 'city': 'π˛∂˚±ı –', 'days': 3, 'preferences': ['Ãÿ…´√¿ ≥', '◊‘»ª∑Áπ‚', '¿˙ ∑ŒƒªØ'], 'is_city_specific': True, 'timestamp': '2025-11-24T15:35:53.142161'}
2025-11-24 15:35:53,142 - __main__ - INFO - ø™ ºŒ™≥« – π˛∂˚±ı ªÒ»°æ∞µ„ ˝æ›
2025-11-24 15:35:53,142 - __main__ - ERROR - ≤ﬂ¬‘1 ß∞‹: 'ScenicSpotModule' object has no attribute 'get_spots_by_city'
2025-11-24 15:35:53,630 - __main__ - INFO - ≤ﬂ¬‘2: ¥”api_integrationªÒ»°µΩ50∏ˆæ∞µ„
2025-11-24 15:35:53,630 - __main__ - INFO - ‘ˆ«ø∫Ûæ∞µ„ ˝æ›: 50∏ˆæ∞µ„
2025-11-24 15:35:53,630 - __main__ - INFO - ∆´∫√…∏—°Ω·π˚Ã´…Ÿ£¨±£¡Ù‘≠ ºæ∞µ„¡–±Ì
2025-11-24 15:35:53,631 - __main__ - INFO - ºæΩ⁄–‘”≈ªØ∫Ûæ∞µ„ ˝¡ø: 50
2025-11-24 15:35:53,631 - __main__ - INFO - ºæΩ⁄–‘”≈ªØ–≈œ¢: {'best_season_spots': [], 'not_recommended_spots': [], 'season_suggestion': '«ÔÃÏ «¬√”Œµƒª∆ΩºæΩ⁄£¨∆¯Œ¬  ÷–£¨æ∞…´√‘»À£¨  ∫œ∏˜¿‡ªßÕ‚ªÓ∂Ø°£  11‘¬∑›±±∑Ωµÿ«¯ø™ ºΩµŒ¬£¨ƒœ∑Ωµÿ«¯∆¯∫Ú“À»À°£', 'current_season': '«Ôºæ', 'current_month': 11}
2025-11-24 15:35:53,631 - __main__ - INFO - ø™ ºπÊªÆ3ÃÏµƒ––≥Ã
2025-11-24 15:35:53,679 - __main__ - INFO - …˙≥…µƒ√ø»’––≥Ã ˝¡ø: 3
2025-11-24 15:35:54,229 - __main__ - INFO - ≥…π¶ªÒ»°ÃÏ∆¯–≈œ¢
2025-11-24 15:36:04,442 - __main__ - INFO - ≥…π¶ªÒ»°≥« ––≈œ¢
2025-11-24 15:36:04,443 - __main__ - INFO - ≥…π¶º∆À„¬∑œﬂÕ≥º∆–≈œ¢
2025-11-24 15:36:04,443 - __main__ - INFO - ––≥Ã ˝æ›“—¥Ê¥¢µΩª·ª∞
2025-11-24 15:36:04,443 - __main__ - INFO - ––≥ÃπÊªÆÕÍ≥…£¨◊º±∏∑µªÿΩ·π˚
2025-11-24 15:36:04,444 - werkzeug - INFO - 172.16.34.73 - - [24/Nov/2025 15:36:04] "POST /plan HTTP/1.1" 200 -
2025-11-24 15:36:35,255 - werkzeug - INFO - 127.0.0.1 - - [24/Nov/2025 15:36:35] "GET /?ide_webview_request_time=1763969738855 HTTP/1.1" 200 -
2025-11-24 15:36:35,320 - werkzeug - INFO - 127.0.0.1 - - [24/Nov/2025 15:36:35] "[36mGET /static/css/style.css HTTP/1.1[0m" 304 -
2025-11-24 15:36:35,320 - werkzeug - INFO - 127.0.0.1 - - [24/Nov/2025 15:36:35] "[36mGET /static/js/main.js HTTP/1.1[0m" 304 -
2025-11-24 15:36:35,574 - werkzeug - INFO - 127.0.0.1 - - [24/Nov/2025 15:36:35] "[33mGET /@vite/client HTTP/1.1[0m" 404 -
2025-11-24 15:36:48,967 - __main__ - INFO - ≥…π¶¥”JSON«Î«ÛÃÂªÒ»° ˝æ›
2025-11-24 15:36:48,968 - __main__ - INFO - Ω” ’µΩ––≥ÃπÊªÆ«Î«Û: {'city': '∫”±±', 'province': '', 'days': 2, 'preferences': ['¿˙ ∑ŒƒªØ'], 'travel_date': '2025-11-24'}
2025-11-24 15:36:48,968 - __main__ - INFO - ¥¶¿Ì∫Ûµƒ”√ªß ‰»Î ˝æ›: {'province': '', 'city': '∫”±±', 'days': 2, 'preferences': ['¿˙ ∑ŒƒªØ'], 'travel_date': '2025-11-24'}
2025-11-24 15:36:48,968 - __main__ - INFO - Ω‚Œˆ∫Ûµƒ”√ªß ‰»Î: {'province': '', 'city': '∫”±± –', 'days': 2, 'preferences': ['¿˙ ∑ŒƒªØ'], 'is_city_specific': True, 'timestamp': '2025-11-24T15:36:48.968761'}
2025-11-24 15:36:48,968 - __main__ - INFO - ø™ ºŒ™≥« – ∫”±± ªÒ»°æ∞µ„ ˝æ›
2025-11-24 15:36:48,969 - __main__ - ERROR - ≤ﬂ¬‘1 ß∞‹: 'ScenicSpotModule' object has no attribute 'get_spots_by_city'
2025-11-24 15:36:49,445 - __main__ - INFO - ≤ﬂ¬‘2: ¥”api_integrationªÒ»°µΩ50∏ˆæ∞µ„
2025-11-24 15:36:49,446 - __main__ - INFO - ‘ˆ«ø∫Ûæ∞µ„ ˝æ›: 50∏ˆæ∞µ„
2025-11-24 15:36:49,446 - __main__ - INFO - ∆´∫√…∏—°Ω·π˚Ã´…Ÿ£¨±£¡Ù‘≠ ºæ∞µ„¡–±Ì
2025-11-24 15:36:49,446 - __main__ - INFO - ºæΩ⁄–‘”≈ªØ∫Ûæ∞µ„ ˝¡ø: 50
2025-11-24 15:36:49,447 - __main__ - INFO - ºæΩ⁄–‘”≈ªØ–≈œ¢: {'best_season_spots': [], 'not_recommended_spots': [], 'season_suggestion': '«ÔÃÏ «¬√”Œµƒª∆ΩºæΩ⁄£¨∆¯Œ¬  ÷–£¨æ∞…´√‘»À£¨  ∫œ∏˜¿‡ªßÕ‚ªÓ∂Ø°£  11‘¬∑›±±∑Ωµÿ«¯ø™ ºΩµŒ¬£¨ƒœ∑Ωµÿ«¯∆¯∫Ú“À»À°£', 'current_season': '«Ôºæ', 'current_month': 11}
2025-11-24 15:36:49,447 - __main__ - INFO - ø™ ºπÊªÆ2ÃÏµƒ––≥Ã
2025-11-24 15:36:49,485 - __main__ - INFO - …˙≥…µƒ√ø»’––≥Ã ˝¡ø: 2
2025-11-24 15:36:50,045 - __main__ - INFO - ≥…π¶ªÒ»°ÃÏ∆¯–≈œ¢
2025-11-24 15:36:59,461 - __main__ - INFO - ≥…π¶¥”JSON«Î«ÛÃÂªÒ»° ˝æ›
2025-11-24 15:36:59,461 - __main__ - INFO - Ω” ’µΩ––≥ÃπÊªÆ«Î«Û: {'city': '∫”±±', 'province': '', 'days': 2, 'preferences': ['¿˙ ∑ŒƒªØ'], 'travel_date': '2025-11-24'}
2025-11-24 15:36:59,461 - __main__ - INFO - ¥¶¿Ì∫Ûµƒ”√ªß ‰»Î ˝æ›: {'province': '', 'city': '∫”±±', 'days': 2, 'preferences': ['¿˙ ∑ŒƒªØ'], 'travel_date': '2025-11-24'}
2025-11-24 15:36:59,462 - __main__ - INFO - Ω‚Œˆ∫Ûµƒ”√ªß ‰»Î: {'province': '', 'city': '∫”±± –', 'days': 2, 'preferences': ['¿˙ ∑ŒƒªØ'], 'is_city_specific': True, 'timestamp': '2025-11-24T15:36:59.462483'}
2025-11-24 15:36:59,462 - __main__ - INFO - ø™ ºŒ™≥« – ∫”±± ªÒ»°æ∞µ„ ˝æ›
2025-11-24 15:36:59,462 - __main__ - ERROR - ≤ﬂ¬‘1 ß∞‹: 'ScenicSpotModule' object has no attribute 'get_spots_by_city'
2025-11-24 15:36:59,940 - __main__ - INFO - ≤ﬂ¬‘2: ¥”api_integrationªÒ»°µΩ50∏ˆæ∞µ„
2025-11-24 15:36:59,940 - __main__ - INFO - ‘ˆ«ø∫Ûæ∞µ„ ˝æ›: 50∏ˆæ∞µ„
2025-11-24 15:36:59,940 - __main__ - INFO - ∆´∫√…∏—°Ω·π˚Ã´…Ÿ£¨±£¡Ù‘≠ ºæ∞µ„¡–±Ì
2025-11-24 15:36:59,941 - __main__ - INFO - ºæΩ⁄–‘”≈ªØ∫Ûæ∞µ„ ˝¡ø: 50
2025-11-24 15:36:59,941 - __main__ - INFO - ºæΩ⁄–‘”≈ªØ–≈œ¢: {'best_season_spots': [], 'not_recommended_spots': [], 'season_suggestion': '«ÔÃÏ «¬√”Œµƒª∆ΩºæΩ⁄£¨∆¯Œ¬  ÷–£¨æ∞…´√‘»À£¨  ∫œ∏˜¿‡ªßÕ‚ªÓ∂Ø°£  11‘¬∑›±±∑Ωµÿ«¯ø™ ºΩµŒ¬£¨ƒœ∑Ωµÿ«¯∆¯∫Ú“À»À°£', 'current_season': '«Ôºæ', 'current_month': 11}
2025-11-24 15:36:59,941 - __main__ - INFO - ø™ ºπÊªÆ2ÃÏµƒ––≥Ã
2025-11-24 15:36:59,972 - __main__ - INFO - …˙≥…µƒ√ø»’––≥Ã ˝¡ø: 2
2025-11-24 15:37:00,208 - __main__ - INFO - ≥…π¶ªÒ»°≥« ––≈œ¢
2025-11-24 15:37:00,210 - __main__ - INFO - ≥…π¶º∆À„¬∑œﬂÕ≥º∆–≈œ¢
2025-11-24 15:37:00,211 - __main__ - INFO - ––≥Ã ˝æ›“—¥Ê¥¢µΩª·ª∞
2025-11-24 15:37:00,211 - __main__ - INFO - ––≥ÃπÊªÆÕÍ≥…£¨◊º±∏∑µªÿΩ·π˚
2025-11-24 15:37:00,212 - werkzeug - INFO - 127.0.0.1 - - [24/Nov/2025 15:37:00] "POST /plan HTTP/1.1" 200 -
2025-11-24 15:37:00,489 - __main__ - INFO - ≥…π¶ªÒ»°ÃÏ∆¯–≈œ¢
2025-11-24 15:37:03,154 - werkzeug - INFO - 172.16.34.73 - - [24/Nov/2025 15:37:03] "GET / HTTP/1.1" 200 -
2025-11-24 15:37:03,211 - werkzeug - INFO - 172.16.34.73 - - [24/Nov/2025 15:37:03] "[36mGET /static/css/style.css HTTP/1.1[0m" 304 -
2025-11-24 15:37:03,212 - werkzeug - INFO - 172.16.34.73 - - [24/Nov/2025 15:37:03] "[36mGET /static/js/main.js HTTP/1.1[0m" 304 -
2025-11-24 15:37:03,483 - werkzeug - INFO - 172.16.34.73 - - [24/Nov/2025 15:37:03] "[33mGET /@vite/client HTTP/1.1[0m" 404 -
2025-11-24 15:37:10,655 - __main__ - INFO - ≥…π¶ªÒ»°≥« ––≈œ¢
2025-11-24 15:37:10,656 - __main__ - INFO - ≥…π¶º∆À„¬∑œﬂÕ≥º∆–≈œ¢
2025-11-24 15:37:10,656 - __main__ - INFO - ––≥Ã ˝æ›“—¥Ê¥¢µΩª·ª∞
2025-11-24 15:37:10,656 - __main__ - INFO - ––≥ÃπÊªÆÕÍ≥…£¨◊º±∏∑µªÿΩ·π˚
2025-11-24 15:37:10,657 - werkzeug - INFO - 127.0.0.1 - - [24/Nov/2025 15:37:10] "POST /plan HTTP/1.1" 200 -
2025-11-24 15:37:19,626 - __main__ - INFO - ≥…π¶¥”JSON«Î«ÛÃÂªÒ»° ˝æ›
2025-11-24 15:37:19,626 - __main__ - INFO - Ω” ’µΩ––≥ÃπÊªÆ«Î«Û: {'city': '±±æ©', 'province': '', 'days': 7, 'preferences': ['◊‘»ª∑Áπ‚', '¿˙ ∑ŒƒªØ', '√¿ ≥', 'π∫ŒÔ'], 'travel_date': '2025-11-24'}
2025-11-24 15:37:19,627 - __main__ - INFO - ¥¶¿Ì∫Ûµƒ”√ªß ‰»Î ˝æ›: {'province': '', 'city': '±±æ©', 'days': 7, 'preferences': ['◊‘»ª∑Áπ‚', '¿˙ ∑ŒƒªØ', '√¿ ≥', 'π∫ŒÔ'], 'travel_date': '2025-11-24'}
2025-11-24 15:37:19,627 - __main__ - INFO - Ω‚Œˆ∫Ûµƒ”√ªß ‰»Î: {'province': '', 'city': '±±æ© –', 'days': 7, 'preferences': ['π∫ŒÔ”È¿÷', 'Ãÿ…´√¿ ≥', '◊‘»ª∑Áπ‚', '¿˙ ∑ŒƒªØ'], 'is_city_specific': True, 'timestamp': '2025-11-24T15:37:19.627672'}
2025-11-24 15:37:19,627 - __main__ - INFO - ø™ ºŒ™≥« – ±±æ© ªÒ»°æ∞µ„ ˝æ›
2025-11-24 15:37:19,627 - __main__ - ERROR - ≤ﬂ¬‘1 ß∞‹: 'ScenicSpotModule' object has no attribute 'get_spots_by_city'
2025-11-24 15:37:20,137 - __main__ - INFO - ≤ﬂ¬‘2: ¥”api_integrationªÒ»°µΩ50∏ˆæ∞µ„
2025-11-24 15:37:20,137 - __main__ - INFO - ‘ˆ«ø∫Ûæ∞µ„ ˝æ›: 50∏ˆæ∞µ„
2025-11-24 15:37:20,137 - __main__ - INFO - ∆´∫√…∏—°Ω·π˚Ã´…Ÿ£¨±£¡Ù‘≠ ºæ∞µ„¡–±Ì
2025-11-24 15:37:20,137 - __main__ - INFO - ºæΩ⁄–‘”≈ªØ∫Ûæ∞µ„ ˝¡ø: 50
2025-11-24 15:37:20,138 - __main__ - INFO - ºæΩ⁄–‘”≈ªØ–≈œ¢: {'best_season_spots': [], 'not_recommended_spots': [], 'season_suggestion': '«ÔÃÏ «¬√”Œµƒª∆ΩºæΩ⁄£¨∆¯Œ¬  ÷–£¨æ∞…´√‘»À£¨  ∫œ∏˜¿‡ªßÕ‚ªÓ∂Ø°£  11‘¬∑›±±∑Ωµÿ«¯ø™ ºΩµŒ¬£¨ƒœ∑Ωµÿ«¯∆¯∫Ú“À»À°£', 'current_season': '«Ôºæ', 'current_month': 11}
2025-11-24 15:37:20,138 - __main__ - INFO - ø™ ºπÊªÆ7ÃÏµƒ––≥Ã
2025-11-24 15:37:20,252 - __main__ - INFO - …˙≥…µƒ√ø»’––≥Ã ˝¡ø: 7
2025-11-24 15:37:20,747 - __main__ - INFO - ≥…π¶ªÒ»°ÃÏ∆¯–≈œ¢
2025-11-24 15:37:30,899 - __main__ - INFO - ≥…π¶ªÒ»°≥« ––≈œ¢
2025-11-24 15:37:30,902 - __main__ - INFO - ≥…π¶º∆À„¬∑œﬂÕ≥º∆–≈œ¢
2025-11-24 15:37:30,902 - __main__ - INFO - ––≥Ã ˝æ›“—¥Ê¥¢µΩª·ª∞
2025-11-24 15:37:30,902 - __main__ - INFO - ––≥ÃπÊªÆÕÍ≥…£¨◊º±∏∑µªÿΩ·π˚
2025-11-24 15:37:30,904 - werkzeug - INFO - 172.16.34.73 - - [24/Nov/2025 15:37:30] "POST /plan HTTP/1.1" 200 -
2025-11-24 15:41:07,517 - werkzeug - INFO -  * Detected change in 'E:\\project\\WKXM\\app.py', reloading
2025-11-24 15:41:07,590 - werkzeug - INFO -  * Restarting with stat
2025-11-24 15:41:08,088 - __main__ - INFO - ”¶”√∆Ù∂Ø”⁄ 0.0.0.0:5000£¨ª∑æ≥: default
2025-11-24 15:41:08,094 - werkzeug - WARNING -  * Debugger is active!
2025-11-24 15:41:08,096 - werkzeug - INFO -  * Debugger PIN: 778-864-383
2025-11-24 15:41:15,230 - werkzeug - INFO -  * Detected change in 'E:\\project\\WKXM\\app.py', reloading
2025-11-24 15:41:15,282 - werkzeug - INFO -  * Restarting with stat
2025-11-24 15:41:15,767 - __main__ - INFO - ”¶”√∆Ù∂Ø”⁄ 0.0.0.0:5000£¨ª∑æ≥: default
2025-11-24 15:41:15,772 - werkzeug - WARNING -  * Debugger is active!
2025-11-24 15:41:15,775 - werkzeug - INFO -  * Debugger PIN: 778-864-383
2025-11-24 15:41:30,154 - __main__ - INFO - ”¶”√∆Ù∂Ø”⁄ 0.0.0.0:5000£¨ª∑æ≥: default
2025-11-24 15:41:30,171 - werkzeug - INFO - [31m[1mWARNING: This is a development server. Do not use it in a production deployment. Use a production WSGI server instead.[0m
 * Running on all addresses (0.0.0.0)
 * Running on http://127.0.0.1:5000
 * Running on http://172.16.34.73:5000
2025-11-24 15:41:30,171 - werkzeug - INFO - [33mPress CTRL+C to quit[0m
2025-11-24 15:41:30,172 - werkzeug - INFO -  * Restarting with stat
2025-11-24 15:41:30,657 - __main__ - INFO - ”¶”√∆Ù∂Ø”⁄ 0.0.0.0:5000£¨ª∑æ≥: default
2025-11-24 15:41:30,662 - werkzeug - WARNING -  * Debugger is active!
2025-11-24 15:41:30,665 - werkzeug - INFO -  * Debugger PIN: 778-864-383
2025-11-24 15:42:16,154 - werkzeug - INFO - 127.0.0.1 - - [24/Nov/2025 15:42:16] "[33mPOST /plan_trip HTTP/1.1[0m" 404 -
2025-11-24 15:42:40,678 - werkzeug - INFO -  * Detected change in 'E:\\project\\WKXM\\app.py', reloading
2025-11-24 15:42:40,743 - werkzeug - INFO -  * Restarting with stat
2025-11-24 15:42:41,466 - __main__ - INFO - ”¶”√∆Ù∂Ø”⁄ 0.0.0.0:5000£¨ª∑æ≥: default
2025-11-24 15:42:41,471 - werkzeug - WARNING -  * Debugger is active!
2025-11-24 15:42:41,474 - werkzeug - INFO -  * Debugger PIN: 778-864-383
2025-11-24 15:42:46,798 - __main__ - INFO - ≥…π¶¥”JSON«Î«ÛÃÂªÒ»° ˝æ›
2025-11-24 15:42:46,798 - __main__ - INFO - Ω” ’µΩ––≥ÃπÊªÆ«Î«Û: {'destination': '±±æ©', 'days': 3, 'preferences': ['¿˙ ∑ŒƒªØ', '√¿ ≥', 'π∫ŒÔ'], 'budget': '÷–µ»', 'travelers': 2, 'start_date': '2025-12-01'}
2025-11-24 15:42:46,799 - werkzeug - INFO - 127.0.0.1 - - [24/Nov/2025 15:42:46] "[31m[1mPOST /plan_trip HTTP/1.1[0m" 400 -
2025-11-24 15:43:09,911 - werkzeug - INFO -  * Detected change in 'E:\\project\\WKXM\\test_unicode_decoding.py', reloading
2025-11-24 15:43:09,957 - werkzeug - INFO -  * Restarting with stat
2025-11-24 15:43:10,410 - __main__ - INFO - ”¶”√∆Ù∂Ø”⁄ 0.0.0.0:5000£¨ª∑æ≥: default
2025-11-24 15:43:10,414 - werkzeug - WARNING -  * Debugger is active!
2025-11-24 15:43:10,417 - werkzeug - INFO -  * Debugger PIN: 778-864-383
2025-11-24 15:43:16,477 - __main__ - INFO - ≥…π¶¥”JSON«Î«ÛÃÂªÒ»° ˝æ›
2025-11-24 15:43:16,478 - __main__ - INFO - Ω” ’µΩ––≥ÃπÊªÆ«Î«Û: {'city': '±±æ©', 'days': 3, 'preferences': ['¿˙ ∑ŒƒªØ', '√¿ ≥', 'π∫ŒÔ'], 'travel_date': '2025-12-01'}
2025-11-24 15:43:16,478 - __main__ - INFO - ¥¶¿Ì∫Ûµƒ”√ªß ‰»Î ˝æ›: {'province': '', 'city': '±±æ©', 'days': 3, 'preferences': ['¿˙ ∑ŒƒªØ', '√¿ ≥', 'π∫ŒÔ'], 'travel_date': '2025-12-01'}
2025-11-24 15:43:16,478 - __main__ - INFO - Ω‚Œˆ∫Ûµƒ”√ªß ‰»Î: {'province': '', 'city': '±±æ© –', 'days': 3, 'preferences': ['π∫ŒÔ”È¿÷', '¿˙ ∑ŒƒªØ', 'Ãÿ…´√¿ ≥'], 'is_city_specific': True, 'timestamp': '2025-11-24T15:43:16.478375'}
2025-11-24 15:43:16,478 - __main__ - INFO - ø™ ºŒ™≥« – ±±æ© ªÒ»°æ∞µ„ ˝æ›
2025-11-24 15:43:16,478 - __main__ - ERROR - ≤ﬂ¬‘1 ß∞‹: 'ScenicSpotModule' object has no attribute 'get_spots_by_city'
2025-11-24 15:43:17,057 - __main__ - INFO - ≤ﬂ¬‘2: ¥”api_integrationªÒ»°µΩ50∏ˆæ∞µ„
2025-11-24 15:43:17,057 - __main__ - INFO - ‘ˆ«ø∫Ûæ∞µ„ ˝æ›: 50∏ˆæ∞µ„
2025-11-24 15:43:17,059 - __main__ - INFO - ∆´∫√…∏—°Ω·π˚Ã´…Ÿ£¨±£¡Ù‘≠ ºæ∞µ„¡–±Ì
2025-11-24 15:43:17,059 - __main__ - INFO - ºæΩ⁄–‘”≈ªØ∫Ûæ∞µ„ ˝¡ø: 50
2025-11-24 15:43:17,060 - __main__ - INFO - ºæΩ⁄–‘”≈ªØ–≈œ¢: {'best_season_spots': [], 'not_recommended_spots': [], 'season_suggestion': '«ÔÃÏ «¬√”Œµƒª∆ΩºæΩ⁄£¨∆¯Œ¬  ÷–£¨æ∞…´√‘»À£¨  ∫œ∏˜¿‡ªßÕ‚ªÓ∂Ø°£  11‘¬∑›±±∑Ωµÿ«¯ø™ ºΩµŒ¬£¨ƒœ∑Ωµÿ«¯∆¯∫Ú“À»À°£', 'current_season': '«Ôºæ', 'current_month': 11}
2025-11-24 15:43:17,060 - __main__ - INFO - ø™ ºπÊªÆ3ÃÏµƒ––≥Ã
2025-11-24 15:43:17,105 - __main__ - INFO - …˙≥…µƒ√ø»’––≥Ã ˝¡ø: 3
2025-11-24 15:43:17,651 - __main__ - INFO - ≥…π¶ªÒ»°ÃÏ∆¯–≈œ¢
2025-11-24 15:43:27,913 - __main__ - INFO - ≥…π¶ªÒ»°≥« ––≈œ¢
2025-11-24 15:43:27,915 - __main__ - INFO - ≥…π¶º∆À„¬∑œﬂÕ≥º∆–≈œ¢
2025-11-24 15:43:27,916 - __main__ - INFO - ––≥Ã ˝æ›“—¥Ê¥¢µΩª·ª∞≤¢Ω¯––UnicodeΩ‚¬Î¥¶¿Ì
2025-11-24 15:43:27,916 - __main__ - INFO - ––≥ÃπÊªÆÕÍ≥…£¨◊º±∏∑µªÿΩ·π˚
2025-11-24 15:43:27,917 - werkzeug - INFO - 127.0.0.1 - - [24/Nov/2025 15:43:27] "POST /plan_trip HTTP/1.1" 200 -
2025-11-24 15:43:53,083 - werkzeug - INFO - 172.16.34.73 - - [24/Nov/2025 15:43:53] "GET / HTTP/1.1" 200 -
2025-11-24 15:43:53,270 - werkzeug - INFO - 172.16.34.73 - - [24/Nov/2025 15:43:53] "GET /static/js/main.js HTTP/1.1" 200 -
2025-11-24 15:43:53,270 - werkzeug - INFO - 172.16.34.73 - - [24/Nov/2025 15:43:53] "GET /static/css/style.css HTTP/1.1" 200 -
2025-11-24 15:43:55,414 - werkzeug - INFO - 172.16.34.73 - - [24/Nov/2025 15:43:55] "[33mGET /@vite/client HTTP/1.1[0m" 404 -
2025-11-24 15:44:06,903 - __main__ - INFO - ≥…π¶¥”JSON«Î«ÛÃÂªÒ»° ˝æ›
2025-11-24 15:44:06,903 - __main__ - INFO - Ω” ’µΩ––≥ÃπÊªÆ«Î«Û: {'city': '±±æ©', 'province': '', 'days': 2, 'preferences': ['¿˙ ∑ŒƒªØ', '◊‘»ª∑Áπ‚'], 'travel_date': '2025-11-24'}
2025-11-24 15:44:06,904 - __main__ - INFO - ¥¶¿Ì∫Ûµƒ”√ªß ‰»Î ˝æ›: {'province': '', 'city': '±±æ©', 'days': 2, 'preferences': ['¿˙ ∑ŒƒªØ', '◊‘»ª∑Áπ‚'], 'travel_date': '2025-11-24'}
2025-11-24 15:44:06,904 - __main__ - INFO - Ω‚Œˆ∫Ûµƒ”√ªß ‰»Î: {'province': '', 'city': '±±æ© –', 'days': 2, 'preferences': ['◊‘»ª∑Áπ‚', '¿˙ ∑ŒƒªØ'], 'is_city_specific': True, 'timestamp': '2025-11-24T15:44:06.904931'}
2025-11-24 15:44:06,904 - __main__ - INFO - ø™ ºŒ™≥« – ±±æ© ªÒ»°æ∞µ„ ˝æ›
2025-11-24 15:44:06,904 - __main__ - ERROR - ≤ﬂ¬‘1 ß∞‹: 'ScenicSpotModule' object has no attribute 'get_spots_by_city'
2025-11-24 15:44:07,562 - __main__ - INFO - ≤ﬂ¬‘2: ¥”api_integrationªÒ»°µΩ50∏ˆæ∞µ„
2025-11-24 15:44:07,562 - __main__ - INFO - ‘ˆ«ø∫Ûæ∞µ„ ˝æ›: 50∏ˆæ∞µ„
2025-11-24 15:44:07,562 - __main__ - INFO - ∆´∫√…∏—°Ω·π˚Ã´…Ÿ£¨±£¡Ù‘≠ ºæ∞µ„¡–±Ì
2025-11-24 15:44:07,563 - __main__ - INFO - ºæΩ⁄–‘”≈ªØ∫Ûæ∞µ„ ˝¡ø: 50
2025-11-24 15:44:07,563 - __main__ - INFO - ºæΩ⁄–‘”≈ªØ–≈œ¢: {'best_season_spots': [], 'not_recommended_spots': [], 'season_suggestion': '«ÔÃÏ «¬√”Œµƒª∆ΩºæΩ⁄£¨∆¯Œ¬  ÷–£¨æ∞…´√‘»À£¨  ∫œ∏˜¿‡ªßÕ‚ªÓ∂Ø°£  11‘¬∑›±±∑Ωµÿ«¯ø™ ºΩµŒ¬£¨ƒœ∑Ωµÿ«¯∆¯∫Ú“À»À°£', 'current_season': '«Ôºæ', 'current_month': 11}
2025-11-24 15:44:07,563 - __main__ - INFO - ø™ ºπÊªÆ2ÃÏµƒ––≥Ã
2025-11-24 15:44:07,599 - __main__ - INFO - …˙≥…µƒ√ø»’––≥Ã ˝¡ø: 2
2025-11-24 15:44:08,229 - __main__ - INFO - ≥…π¶ªÒ»°ÃÏ∆¯–≈œ¢
2025-11-24 15:44:18,478 - __main__ - INFO - ≥…π¶ªÒ»°≥« ––≈œ¢
2025-11-24 15:44:18,479 - __main__ - INFO - ≥…π¶º∆À„¬∑œﬂÕ≥º∆–≈œ¢
2025-11-24 15:44:18,480 - __main__ - INFO - ––≥Ã ˝æ›“—¥Ê¥¢µΩª·ª∞≤¢Ω¯––UnicodeΩ‚¬Î¥¶¿Ì
2025-11-24 15:44:18,480 - __main__ - INFO - ––≥ÃπÊªÆÕÍ≥…£¨◊º±∏∑µªÿΩ·π˚
2025-11-24 15:44:18,481 - werkzeug - INFO - 172.16.34.73 - - [24/Nov/2025 15:44:18] "POST /plan HTTP/1.1" 200 -
2025-11-24 15:47:51,183 - werkzeug - INFO - 172.16.34.73 - - [24/Nov/2025 15:47:51] "GET / HTTP/1.1" 200 -
2025-11-24 15:47:51,193 - werkzeug - INFO - 172.16.34.73 - - [24/Nov/2025 15:47:51] "GET /static/css/style.css HTTP/1.1" 200 -
2025-11-24 15:47:51,194 - werkzeug - INFO - 172.16.34.73 - - [24/Nov/2025 15:47:51] "GET /static/js/main.js HTTP/1.1" 200 -
2025-11-24 15:48:37,695 - werkzeug - INFO - 172.16.34.73 - - [24/Nov/2025 15:48:37] "[33mGET /@vite/client HTTP/1.1[0m" 404 -
2025-11-24 15:51:29,546 - werkzeug - INFO - 172.16.34.73 - - [24/Nov/2025 15:51:29] "GET / HTTP/1.1" 200 -
2025-11-24 15:51:29,583 - werkzeug - INFO - 172.16.34.73 - - [24/Nov/2025 15:51:29] "GET / HTTP/1.1" 200 -
2025-11-24 15:51:29,642 - werkzeug - INFO - 172.16.34.73 - - [24/Nov/2025 15:51:29] "GET /static/css/style.css HTTP/1.1" 200 -
2025-11-24 15:51:29,642 - werkzeug - INFO - 172.16.34.73 - - [24/Nov/2025 15:51:29] "[36mGET /static/js/main.js HTTP/1.1[0m" 304 -
2025-11-24 15:51:59,541 - werkzeug - INFO - 127.0.0.1 - - [24/Nov/2025 15:51:59] "GET /?ide_webview_request_time=1763970719226 HTTP/1.1" 200 -
2025-11-24 15:51:59,807 - werkzeug - INFO - 127.0.0.1 - - [24/Nov/2025 15:51:59] "GET /static/css/style.css HTTP/1.1" 200 -
2025-11-24 15:51:59,855 - werkzeug - INFO - 127.0.0.1 - - [24/Nov/2025 15:51:59] "GET /static/js/main.js HTTP/1.1" 200 -
2025-11-24 15:52:21,041 - werkzeug - INFO - 127.0.0.1 - - [24/Nov/2025 15:52:21] "[33mGET /@vite/client HTTP/1.1[0m" 404 -
2025-11-24 15:52:25,121 - werkzeug - INFO - 127.0.0.1 - - [24/Nov/2025 15:52:25] "[32mGET /result?ide_webview_request_time=1763970744814 HTTP/1.1[0m" 302 -
2025-11-24 15:52:25,386 - werkzeug - INFO - 127.0.0.1 - - [24/Nov/2025 15:52:25] "GET / HTTP/1.1" 200 -
2025-11-24 15:52:25,432 - werkzeug - INFO - 127.0.0.1 - - [24/Nov/2025 15:52:25] "[36mGET /static/css/style.css HTTP/1.1[0m" 304 -
2025-11-24 15:52:25,713 - werkzeug - INFO - 127.0.0.1 - - [24/Nov/2025 15:52:25] "[36mGET /static/js/main.js HTTP/1.1[0m" 304 -
2025-11-24 15:52:46,559 - werkzeug - INFO - 127.0.0.1 - - [24/Nov/2025 15:52:46] "[33mGET /@vite/client HTTP/1.1[0m" 404 -
2025-11-24 15:53:01,174 - __main__ - INFO - ≥…π¶¥”JSON«Î«ÛÃÂªÒ»° ˝æ›
2025-11-24 15:53:01,175 - __main__ - INFO - Ω” ’µΩ––≥ÃπÊªÆ«Î«Û: {'city': '±±æ©', 'province': '', 'days': 10, 'preferences': ['√¿ ≥', '¿˙ ∑ŒƒªØ', '◊‘»ª∑Áπ‚'], 'travel_date': '2025-11-24'}
2025-11-24 15:53:01,175 - __main__ - INFO - ¥¶¿Ì∫Ûµƒ”√ªß ‰»Î ˝æ›: {'province': '', 'city': '±±æ©', 'days': 10, 'preferences': ['√¿ ≥', '¿˙ ∑ŒƒªØ', '◊‘»ª∑Áπ‚'], 'travel_date': '2025-11-24'}
2025-11-24 15:53:01,175 - __main__ - INFO - Ω‚Œˆ∫Ûµƒ”√ªß ‰»Î: {'province': '', 'city': '±±æ© –', 'days': 10, 'preferences': ['◊‘»ª∑Áπ‚', '¿˙ ∑ŒƒªØ', 'Ãÿ…´√¿ ≥'], 'is_city_specific': True, 'timestamp': '2025-11-24T15:53:01.175415'}
2025-11-24 15:53:01,175 - __main__ - INFO - ø™ ºŒ™≥« – ±±æ© ªÒ»°æ∞µ„ ˝æ›
2025-11-24 15:53:01,175 - __main__ - ERROR - ≤ﬂ¬‘1 ß∞‹: 'ScenicSpotModule' object has no attribute 'get_spots_by_city'
2025-11-24 15:53:01,787 - __main__ - INFO - ≤ﬂ¬‘2: ¥”api_integrationªÒ»°µΩ50∏ˆæ∞µ„
2025-11-24 15:53:01,787 - __main__ - INFO - ‘ˆ«ø∫Ûæ∞µ„ ˝æ›: 50∏ˆæ∞µ„
2025-11-24 15:53:01,787 - __main__ - INFO - ∆´∫√…∏—°Ω·π˚Ã´…Ÿ£¨±£¡Ù‘≠ ºæ∞µ„¡–±Ì
2025-11-24 15:53:01,788 - __main__ - INFO - ºæΩ⁄–‘”≈ªØ∫Ûæ∞µ„ ˝¡ø: 50
2025-11-24 15:53:01,788 - __main__ - INFO - ºæΩ⁄–‘”≈ªØ–≈œ¢: {'best_season_spots': [], 'not_recommended_spots': [], 'season_suggestion': '«ÔÃÏ «¬√”Œµƒª∆ΩºæΩ⁄£¨∆¯Œ¬  ÷–£¨æ∞…´√‘»À£¨  ∫œ∏˜¿‡ªßÕ‚ªÓ∂Ø°£  11‘¬∑›±±∑Ωµÿ«¯ø™ ºΩµŒ¬£¨ƒœ∑Ωµÿ«¯∆¯∫Ú“À»À°£', 'current_season': '«Ôºæ', 'current_month': 11}
2025-11-24 15:53:01,789 - __main__ - INFO - ø™ ºπÊªÆ10ÃÏµƒ––≥Ã
2025-11-24 15:53:01,965 - __main__ - INFO - …˙≥…µƒ√ø»’––≥Ã ˝¡ø: 10
2025-11-24 15:53:02,558 - __main__ - INFO - ≥…π¶ªÒ»°ÃÏ∆¯–≈œ¢
2025-11-24 15:53:12,774 - __main__ - INFO - ≥…π¶ªÒ»°≥« ––≈œ¢
2025-11-24 15:53:12,779 - __main__ - INFO - ≥…π¶º∆À„¬∑œﬂÕ≥º∆–≈œ¢
2025-11-24 15:53:12,780 - __main__ - INFO - ––≥Ã ˝æ›“—¥Ê¥¢µΩª·ª∞≤¢Ω¯––UnicodeΩ‚¬Î¥¶¿Ì
2025-11-24 15:53:12,780 - __main__ - INFO - ––≥ÃπÊªÆÕÍ≥…£¨◊º±∏∑µªÿΩ·π˚
2025-11-24 15:53:12,783 - werkzeug - INFO - 127.0.0.1 - - [24/Nov/2025 15:53:12] "POST /plan HTTP/1.1" 200 -
2025-11-24 15:53:20,249 - werkzeug - INFO - 127.0.0.1 - - [24/Nov/2025 15:53:20] "GET / HTTP/1.1" 200 -
2025-11-24 15:53:20,579 - werkzeug - INFO - 127.0.0.1 - - [24/Nov/2025 15:53:20] "GET / HTTP/1.1" 200 -
2025-11-24 15:53:20,842 - werkzeug - INFO - 127.0.0.1 - - [24/Nov/2025 15:53:20] "[36mGET /static/css/style.css HTTP/1.1[0m" 304 -
2025-11-24 15:53:20,904 - werkzeug - INFO - 127.0.0.1 - - [24/Nov/2025 15:53:20] "[36mGET /static/js/main.js HTTP/1.1[0m" 304 -
2025-11-24 15:53:20,978 - werkzeug - INFO - 172.16.34.73 - - [24/Nov/2025 15:53:20] "GET / HTTP/1.1" 200 -
2025-11-24 15:53:21,037 - werkzeug - INFO - 172.16.34.73 - - [24/Nov/2025 15:53:21] "[36mGET /static/css/style.css HTTP/1.1[0m" 304 -
2025-11-24 15:53:21,037 - werkzeug - INFO - 172.16.34.73 - - [24/Nov/2025 15:53:21] "[36mGET /static/js/main.js HTTP/1.1[0m" 304 -
2025-11-24 15:53:22,374 - werkzeug - INFO - 172.16.34.73 - - [24/Nov/2025 15:53:22] "[33mGET /@vite/client HTTP/1.1[0m" 404 -
2025-11-24 15:53:23,297 - werkzeug - INFO - 127.0.0.1 - - [24/Nov/2025 15:53:23] "GET / HTTP/1.1" 200 -
2025-11-24 15:53:23,675 - werkzeug - INFO - 127.0.0.1 - - [24/Nov/2025 15:53:23] "[36mGET /static/css/style.css HTTP/1.1[0m" 304 -
2025-11-24 15:53:23,676 - werkzeug - INFO - 127.0.0.1 - - [24/Nov/2025 15:53:23] "[36mGET /static/js/main.js HTTP/1.1[0m" 304 -
2025-11-24 15:53:23,938 - werkzeug - INFO - 127.0.0.1 - - [24/Nov/2025 15:53:23] "[33mGET /@vite/client HTTP/1.1[0m" 404 -
2025-11-24 15:53:50,795 - werkzeug - INFO - 127.0.0.1 - - [24/Nov/2025 15:53:50] "GET /?ide_webview_request_time=1763970830787 HTTP/1.1" 200 -
2025-11-24 15:53:51,161 - werkzeug - INFO - 127.0.0.1 - - [24/Nov/2025 15:53:51] "[36mGET /static/css/style.css HTTP/1.1[0m" 304 -
2025-11-24 15:53:51,162 - werkzeug - INFO - 127.0.0.1 - - [24/Nov/2025 15:53:51] "[36mGET /static/js/main.js HTTP/1.1[0m" 304 -
2025-11-24 15:53:52,888 - werkzeug - INFO - 127.0.0.1 - - [24/Nov/2025 15:53:52] "GET /?ide_webview_request_time=1763970832880 HTTP/1.1" 200 -
2025-11-24 15:53:53,246 - werkzeug - INFO - 127.0.0.1 - - [24/Nov/2025 15:53:53] "[36mGET /static/js/main.js HTTP/1.1[0m" 304 -
2025-11-24 15:53:53,247 - werkzeug - INFO - 127.0.0.1 - - [24/Nov/2025 15:53:53] "[36mGET /static/css/style.css HTTP/1.1[0m" 304 -
2025-11-24 15:53:53,509 - werkzeug - INFO - 127.0.0.1 - - [24/Nov/2025 15:53:53] "[33mGET /@vite/client HTTP/1.1[0m" 404 -
2025-11-24 15:54:04,110 - werkzeug - INFO - 127.0.0.1 - - [24/Nov/2025 15:54:04] "[31m[1mGET /plan?ide_webview_request_time=1763970844070 HTTP/1.1[0m" 405 -
2025-11-24 15:54:04,476 - werkzeug - INFO - 127.0.0.1 - - [24/Nov/2025 15:54:04] "[33mGET /@vite/client HTTP/1.1[0m" 404 -
2025-11-24 15:54:13,596 - werkzeug - INFO - 127.0.0.1 - - [24/Nov/2025 15:54:13] "[35m[1mGET /result?ide_webview_request_time=1763970853564 HTTP/1.1[0m" 500 -
2025-11-24 15:54:13,915 - werkzeug - INFO - 127.0.0.1 - - [24/Nov/2025 15:54:13] "GET /result?__debugger__=yes&cmd=resource&f=style.css HTTP/1.1" 200 -
2025-11-24 15:54:13,916 - werkzeug - INFO - 127.0.0.1 - - [24/Nov/2025 15:54:13] "GET /result?__debugger__=yes&cmd=resource&f=debugger.js HTTP/1.1" 200 -
2025-11-24 15:54:14,180 - werkzeug - INFO - 127.0.0.1 - - [24/Nov/2025 15:54:14] "GET /result?__debugger__=yes&cmd=resource&f=console.png HTTP/1.1" 200 -
2025-11-24 15:54:14,260 - werkzeug - INFO - 127.0.0.1 - - [24/Nov/2025 15:54:14] "[33mGET /@vite/client HTTP/1.1[0m" 404 -
2025-11-24 15:54:50,056 - werkzeug - INFO -  * Detected change in 'E:\\project\\WKXM\\app.py', reloading
2025-11-24 15:54:50,163 - werkzeug - INFO -  * Restarting with stat
2025-11-24 15:54:50,820 - __main__ - INFO - ”¶”√∆Ù∂Ø”⁄ 0.0.0.0:5000£¨ª∑æ≥: default
2025-11-24 15:54:50,825 - werkzeug - WARNING -  * Debugger is active!
2025-11-24 15:54:50,827 - werkzeug - INFO -  * Debugger PIN: 778-864-383
2025-11-24 15:55:08,735 - werkzeug - INFO - 127.0.0.1 - - [24/Nov/2025 15:55:08] "[32mGET /result?ide_webview_request_time=1763970908412 HTTP/1.1[0m" 302 -
2025-11-24 15:55:08,986 - werkzeug - INFO - 127.0.0.1 - - [24/Nov/2025 15:55:08] "GET / HTTP/1.1" 200 -
2025-11-24 15:55:09,173 - werkzeug - INFO - 127.0.0.1 - - [24/Nov/2025 15:55:09] "[36mGET /static/css/style.css HTTP/1.1[0m" 304 -
2025-11-24 15:55:09,310 - werkzeug - INFO - 127.0.0.1 - - [24/Nov/2025 15:55:09] "[36mGET /static/js/main.js HTTP/1.1[0m" 304 -
2025-11-24 15:55:09,388 - werkzeug - INFO - 127.0.0.1 - - [24/Nov/2025 15:55:09] "[33mGET /@vite/client HTTP/1.1[0m" 404 -
2025-11-24 15:55:43,751 - werkzeug - INFO - 127.0.0.1 - - [24/Nov/2025 15:55:43] "GET /?ide_webview_request_time=1763970943440 HTTP/1.1" 200 -
2025-11-24 15:55:44,016 - werkzeug - INFO - 127.0.0.1 - - [24/Nov/2025 15:55:44] "[36mGET /static/css/style.css HTTP/1.1[0m" 304 -
2025-11-24 15:55:44,063 - werkzeug - INFO - 127.0.0.1 - - [24/Nov/2025 15:55:44] "[36mGET /static/js/main.js HTTP/1.1[0m" 304 -
2025-11-24 15:55:44,101 - werkzeug - INFO - 127.0.0.1 - - [24/Nov/2025 15:55:44] "[33mGET /@vite/client HTTP/1.1[0m" 404 -
2025-11-24 15:55:48,167 - werkzeug - INFO - 127.0.0.1 - - [24/Nov/2025 15:55:48] "[31m[1mGET /plan?ide_webview_request_time=1763970947850 HTTP/1.1[0m" 405 -
2025-11-24 15:55:48,414 - werkzeug - INFO - 127.0.0.1 - - [24/Nov/2025 15:55:48] "[33mGET /@vite/client HTTP/1.1[0m" 404 -
2025-11-24 15:55:52,585 - werkzeug - INFO - 127.0.0.1 - - [24/Nov/2025 15:55:52] "GET /?ide_webview_request_time=1763970952579 HTTP/1.1" 200 -
2025-11-24 15:55:52,899 - werkzeug - INFO - 127.0.0.1 - - [24/Nov/2025 15:55:52] "[36mGET /static/js/main.js HTTP/1.1[0m" 304 -
2025-11-24 15:55:52,900 - werkzeug - INFO - 127.0.0.1 - - [24/Nov/2025 15:55:52] "[36mGET /static/css/style.css HTTP/1.1[0m" 304 -
2025-11-24 15:55:53,164 - werkzeug - INFO - 127.0.0.1 - - [24/Nov/2025 15:55:53] "[33mGET /@vite/client HTTP/1.1[0m" 404 -
2025-11-24 15:56:21,095 - werkzeug - INFO - 127.0.0.1 - - [24/Nov/2025 15:56:21] "GET /?ide_webview_request_time=1763970981092 HTTP/1.1" 200 -
2025-11-24 15:56:21,408 - werkzeug - INFO - 127.0.0.1 - - [24/Nov/2025 15:56:21] "[36mGET /static/css/style.css HTTP/1.1[0m" 304 -
2025-11-24 15:56:21,409 - werkzeug - INFO - 127.0.0.1 - - [24/Nov/2025 15:56:21] "[36mGET /static/js/main.js HTTP/1.1[0m" 304 -
2025-11-24 15:56:21,672 - werkzeug - INFO - 127.0.0.1 - - [24/Nov/2025 15:56:21] "[33mGET /@vite/client HTTP/1.1[0m" 404 -
2025-11-24 15:56:29,782 - werkzeug - INFO - 127.0.0.1 - - [24/Nov/2025 15:56:29] "GET /?ide_webview_request_time=1763970981092 HTTP/1.1" 200 -
2025-11-24 15:56:30,107 - werkzeug - INFO - 127.0.0.1 - - [24/Nov/2025 15:56:30] "GET /static/js/main.js HTTP/1.1" 200 -
2025-11-24 15:56:30,107 - werkzeug - INFO - 127.0.0.1 - - [24/Nov/2025 15:56:30] "GET /static/css/style.css HTTP/1.1" 200 -
2025-11-24 15:56:31,496 - werkzeug - INFO - 127.0.0.1 - - [24/Nov/2025 15:56:31] "[33mGET /@vite/client HTTP/1.1[0m" 404 -
2025-11-24 15:56:31,995 - werkzeug - INFO - 127.0.0.1 - - [24/Nov/2025 15:56:31] "GET /?ide_webview_request_time=1763970991689 HTTP/1.1" 200 -
2025-11-24 15:56:32,260 - werkzeug - INFO - 127.0.0.1 - - [24/Nov/2025 15:56:32] "[36mGET /static/css/style.css HTTP/1.1[0m" 304 -
2025-11-24 15:56:32,324 - werkzeug - INFO - 127.0.0.1 - - [24/Nov/2025 15:56:32] "[36mGET /static/js/main.js HTTP/1.1[0m" 304 -
2025-11-24 15:56:32,362 - werkzeug - INFO - 127.0.0.1 - - [24/Nov/2025 15:56:32] "[33mGET /@vite/client HTTP/1.1[0m" 404 -
2025-11-24 15:56:43,472 - __main__ - INFO - ≥…π¶¥”JSON«Î«ÛÃÂªÒ»° ˝æ›
2025-11-24 15:56:43,472 - __main__ - INFO - Ω” ’µΩ––≥ÃπÊªÆ«Î«Û: {'city': '±±æ©', 'province': '', 'days': 10, 'preferences': ['◊‘»ª∑Áπ‚', '¿˙ ∑ŒƒªØ', '√¿ ≥', 'π∫ŒÔ'], 'travel_date': '2025-11-24'}
2025-11-24 15:56:43,473 - __main__ - INFO - ¥¶¿Ì∫Ûµƒ”√ªß ‰»Î ˝æ›: {'province': '', 'city': '±±æ©', 'days': 10, 'preferences': ['◊‘»ª∑Áπ‚', '¿˙ ∑ŒƒªØ', '√¿ ≥', 'π∫ŒÔ'], 'travel_date': '2025-11-24'}
2025-11-24 15:56:43,473 - __main__ - INFO - Ω‚Œˆ∫Ûµƒ”√ªß ‰»Î: {'province': '', 'city': '±±æ© –', 'days': 10, 'preferences': ['¿˙ ∑ŒƒªØ', 'π∫ŒÔ”È¿÷', 'Ãÿ…´√¿ ≥', '◊‘»ª∑Áπ‚'], 'is_city_specific': True, 'timestamp': '2025-11-24T15:56:43.473527'}
2025-11-24 15:56:43,473 - __main__ - INFO - ø™ ºŒ™≥« – ±±æ© ªÒ»°æ∞µ„ ˝æ›
2025-11-24 15:56:43,473 - __main__ - ERROR - ≤ﬂ¬‘1 ß∞‹: 'ScenicSpotModule' object has no attribute 'get_spots_by_city'
2025-11-24 15:56:44,037 - __main__ - INFO - ≤ﬂ¬‘2: ¥”api_integrationªÒ»°µΩ50∏ˆæ∞µ„
2025-11-24 15:56:44,037 - __main__ - INFO - ‘ˆ«ø∫Ûæ∞µ„ ˝æ›: 50∏ˆæ∞µ„
2025-11-24 15:56:44,037 - __main__ - INFO - ∆´∫√…∏—°Ω·π˚Ã´…Ÿ£¨±£¡Ù‘≠ ºæ∞µ„¡–±Ì
2025-11-24 15:56:44,037 - __main__ - INFO - ºæΩ⁄–‘”≈ªØ∫Ûæ∞µ„ ˝¡ø: 50
2025-11-24 15:56:44,038 - __main__ - INFO - ºæΩ⁄–‘”≈ªØ–≈œ¢: {'best_season_spots': [], 'not_recommended_spots': [], 'season_suggestion': '«ÔÃÏ «¬√”Œµƒª∆ΩºæΩ⁄£¨∆¯Œ¬  ÷–£¨æ∞…´√‘»À£¨  ∫œ∏˜¿‡ªßÕ‚ªÓ∂Ø°£  11‘¬∑›±±∑Ωµÿ«¯ø™ ºΩµŒ¬£¨ƒœ∑Ωµÿ«¯∆¯∫Ú“À»À°£', 'current_season': '«Ôºæ', 'current_month': 11}
2025-11-24 15:56:44,038 - __main__ - INFO - ø™ ºπÊªÆ10ÃÏµƒ––≥Ã
2025-11-24 15:56:44,209 - __main__ - INFO - …˙≥…µƒ√ø»’––≥Ã ˝¡ø: 10
2025-11-24 15:56:44,740 - __main__ - INFO - ≥…π¶ªÒ»°ÃÏ∆¯–≈œ¢
2025-11-24 15:56:54,894 - __main__ - INFO - ≥…π¶ªÒ»°≥« ––≈œ¢
2025-11-24 15:56:54,896 - __main__ - INFO - ≥…π¶º∆À„¬∑œﬂÕ≥º∆–≈œ¢
2025-11-24 15:56:54,897 - __main__ - INFO - ––≥Ã ˝æ›“—¥Ê¥¢µΩª·ª∞≤¢Ω¯––UnicodeΩ‚¬Î¥¶¿Ì
2025-11-24 15:56:54,897 - __main__ - INFO - ––≥ÃπÊªÆÕÍ≥…£¨◊º±∏∑µªÿΩ·π˚
2025-11-24 15:56:54,898 - werkzeug - INFO - 127.0.0.1 - - [24/Nov/2025 15:56:54] "POST /plan HTTP/1.1" 200 -
2025-11-24 15:58:57,658 - werkzeug - INFO - 127.0.0.1 - - [24/Nov/2025 15:58:57] "GET /?ide_webview_request_time=1763971137351 HTTP/1.1" 200 -
2025-11-24 15:58:57,921 - werkzeug - INFO - 127.0.0.1 - - [24/Nov/2025 15:58:57] "[36mGET /static/css/style.css HTTP/1.1[0m" 304 -
2025-11-24 15:58:57,969 - werkzeug - INFO - 127.0.0.1 - - [24/Nov/2025 15:58:57] "[36mGET /static/js/main.js HTTP/1.1[0m" 304 -
2025-11-24 15:58:58,008 - werkzeug - INFO - 127.0.0.1 - - [24/Nov/2025 15:58:58] "[33mGET /@vite/client HTTP/1.1[0m" 404 -
2025-11-24 15:59:09,941 - __main__ - INFO - ≥…π¶¥”JSON«Î«ÛÃÂªÒ»° ˝æ›
2025-11-24 15:59:09,942 - __main__ - INFO - Ω” ’µΩ––≥ÃπÊªÆ«Î«Û: {'city': 'π˛∂˚±ı', 'province': '', 'days': 3, 'preferences': ['√¿ ≥'], 'travel_date': '2025-11-24'}
2025-11-24 15:59:09,942 - __main__ - INFO - ¥¶¿Ì∫Ûµƒ”√ªß ‰»Î ˝æ›: {'province': '', 'city': 'π˛∂˚±ı', 'days': 3, 'preferences': ['√¿ ≥'], 'travel_date': '2025-11-24'}
2025-11-24 15:59:09,942 - __main__ - INFO - Ω‚Œˆ∫Ûµƒ”√ªß ‰»Î: {'province': '', 'city': 'π˛∂˚±ı –', 'days': 3, 'preferences': ['Ãÿ…´√¿ ≥'], 'is_city_specific': True, 'timestamp': '2025-11-24T15:59:09.942186'}
2025-11-24 15:59:09,942 - __main__ - INFO - ø™ ºŒ™≥« – π˛∂˚±ı ªÒ»°æ∞µ„ ˝æ›
2025-11-24 15:59:09,942 - __main__ - ERROR - ≤ﬂ¬‘1 ß∞‹: 'ScenicSpotModule' object has no attribute 'get_spots_by_city'
2025-11-24 15:59:10,444 - __main__ - INFO - ≤ﬂ¬‘2: ¥”api_integrationªÒ»°µΩ50∏ˆæ∞µ„
2025-11-24 15:59:10,445 - __main__ - INFO - ‘ˆ«ø∫Ûæ∞µ„ ˝æ›: 50∏ˆæ∞µ„
2025-11-24 15:59:10,445 - __main__ - INFO - ∆´∫√…∏—°Ω·π˚Ã´…Ÿ£¨±£¡Ù‘≠ ºæ∞µ„¡–±Ì
2025-11-24 15:59:10,446 - __main__ - INFO - ºæΩ⁄–‘”≈ªØ∫Ûæ∞µ„ ˝¡ø: 50
2025-11-24 15:59:10,446 - __main__ - INFO - ºæΩ⁄–‘”≈ªØ–≈œ¢: {'best_season_spots': [], 'not_recommended_spots': [], 'season_suggestion': '«ÔÃÏ «¬√”Œµƒª∆ΩºæΩ⁄£¨∆¯Œ¬  ÷–£¨æ∞…´√‘»À£¨  ∫œ∏˜¿‡ªßÕ‚ªÓ∂Ø°£  11‘¬∑›±±∑Ωµÿ«¯ø™ ºΩµŒ¬£¨ƒœ∑Ωµÿ«¯∆¯∫Ú“À»À°£', 'current_season': '«Ôºæ', 'current_month': 11}
2025-11-24 15:59:10,446 - __main__ - INFO - ø™ ºπÊªÆ3ÃÏµƒ––≥Ã
2025-11-24 15:59:10,493 - __main__ - INFO - …˙≥…µƒ√ø»’––≥Ã ˝¡ø: 3
2025-11-24 15:59:11,045 - __main__ - INFO - ≥…π¶ªÒ»°ÃÏ∆¯–≈œ¢
2025-11-24 15:59:21,267 - __main__ - INFO - ≥…π¶ªÒ»°≥« ––≈œ¢
2025-11-24 15:59:21,268 - __main__ - INFO - ≥…π¶º∆À„¬∑œﬂÕ≥º∆–≈œ¢
2025-11-24 15:59:21,268 - __main__ - INFO - ––≥Ã ˝æ›“—¥Ê¥¢µΩª·ª∞≤¢Ω¯––UnicodeΩ‚¬Î¥¶¿Ì
2025-11-24 15:59:21,269 - __main__ - INFO - ––≥ÃπÊªÆÕÍ≥…£¨◊º±∏∑µªÿΩ·π˚
2025-11-24 15:59:21,269 - werkzeug - INFO - 127.0.0.1 - - [24/Nov/2025 15:59:21] "POST /plan HTTP/1.1" 200 -
2025-11-24 16:00:04,330 - werkzeug - INFO - 127.0.0.1 - - [24/Nov/2025 16:00:04] "GET /?ide_webview_request_time=1763971137351 HTTP/1.1" 200 -
2025-11-24 16:00:04,682 - werkzeug - INFO - 127.0.0.1 - - [24/Nov/2025 16:00:04] "GET /?ide_webview_request_time=1763971137351 HTTP/1.1" 200 -
2025-11-24 16:00:04,947 - werkzeug - INFO - 127.0.0.1 - - [24/Nov/2025 16:00:04] "[36mGET /static/css/style.css HTTP/1.1[0m" 304 -
2025-11-24 16:00:04,996 - werkzeug - INFO - 127.0.0.1 - - [24/Nov/2025 16:00:04] "[36mGET /static/js/main.js HTTP/1.1[0m" 304 -
2025-11-24 16:00:05,178 - werkzeug - INFO - 127.0.0.1 - - [24/Nov/2025 16:00:05] "[33mGET /@vite/client HTTP/1.1[0m" 404 -
2025-11-24 16:02:57,654 - werkzeug - INFO -  * Detected change in 'E:\\project\\WKXM\\app.py', reloading
2025-11-24 16:02:57,709 - werkzeug - INFO -  * Restarting with stat
2025-11-24 16:02:58,300 - __main__ - INFO - ”¶”√∆Ù∂Ø”⁄ 0.0.0.0:5000£¨ª∑æ≥: default
2025-11-24 16:02:58,308 - werkzeug - WARNING -  * Debugger is active!
2025-11-24 16:02:58,312 - werkzeug - INFO -  * Debugger PIN: 778-864-383
2025-11-24 16:03:03,458 - werkzeug - INFO -  * Detected change in 'E:\\project\\WKXM\\app.py', reloading
2025-11-24 16:03:03,512 - werkzeug - INFO -  * Restarting with stat
2025-11-24 16:03:04,014 - __main__ - INFO - ”¶”√∆Ù∂Ø”⁄ 0.0.0.0:5000£¨ª∑æ≥: default
2025-11-24 16:03:04,020 - werkzeug - WARNING -  * Debugger is active!
2025-11-24 16:03:04,023 - werkzeug - INFO -  * Debugger PIN: 778-864-383
2025-11-24 16:03:27,536 - werkzeug - INFO -  * Detected change in 'E:\\project\\WKXM\\app.py', reloading
2025-11-24 16:03:27,598 - werkzeug - INFO -  * Restarting with stat
2025-11-24 16:03:28,122 - __main__ - INFO - ”¶”√∆Ù∂Ø”⁄ 0.0.0.0:5000£¨ª∑æ≥: default
2025-11-24 16:03:28,126 - werkzeug - WARNING -  * Debugger is active!
2025-11-24 16:03:28,129 - werkzeug - INFO -  * Debugger PIN: 778-864-383
2025-11-24 16:03:37,111 - __main__ - INFO - ”¶”√∆Ù∂Ø”⁄ 0.0.0.0:5000£¨ª∑æ≥: default
2025-11-24 16:03:37,124 - werkzeug - INFO - [31m[1mWARNING: This is a development server. Do not use it in a production deployment. Use a production WSGI server instead.[0m
 * Running on all addresses (0.0.0.0)
 * Running on http://127.0.0.1:5000
 * Running on http://172.16.34.73:5000
2025-11-24 16:03:37,125 - werkzeug - INFO - [33mPress CTRL+C to quit[0m
2025-11-24 16:03:37,125 - werkzeug - INFO -  * Restarting with stat
2025-11-24 16:03:37,555 - __main__ - INFO - ”¶”√∆Ù∂Ø”⁄ 0.0.0.0:5000£¨ª∑æ≥: default
2025-11-24 16:03:37,559 - werkzeug - WARNING -  * Debugger is active!
2025-11-24 16:03:37,563 - werkzeug - INFO -  * Debugger PIN: 778-864-383
2025-11-24 16:03:46,819 - werkzeug - INFO - 127.0.0.1 - - [24/Nov/2025 16:03:46] "GET /?ide_webview_request_time=1763971426505 HTTP/1.1" 200 -
2025-11-24 16:03:47,231 - werkzeug - INFO - 127.0.0.1 - - [24/Nov/2025 16:03:47] "[36mGET /static/css/style.css HTTP/1.1[0m" 304 -
2025-11-24 16:03:47,290 - werkzeug - INFO - 127.0.0.1 - - [24/Nov/2025 16:03:47] "[36mGET /static/js/main.js HTTP/1.1[0m" 304 -
2025-11-24 16:03:47,343 - werkzeug - INFO - 127.0.0.1 - - [24/Nov/2025 16:03:47] "[33mGET /@vite/client HTTP/1.1[0m" 404 -
2025-11-24 16:04:16,073 - __main__ - INFO - ≥…π¶¥”JSON«Î«ÛÃÂªÒ»° ˝æ›
2025-11-24 16:04:16,073 - __main__ - INFO - Ω” ’µΩ––≥ÃπÊªÆ«Î«Û: {'city': '≥…∂º', 'province': '', 'days': 3, 'preferences': ['–›œ–∂»ºŸ'], 'travel_date': '2025-11-24'}
2025-11-24 16:04:16,073 - __main__ - INFO - ¥¶¿Ì∫Ûµƒ”√ªß ‰»Î ˝æ›: {'province': '', 'city': '≥…∂º', 'days': 3, 'preferences': ['–›œ–∂»ºŸ'], 'travel_date': '2025-11-24'}
2025-11-24 16:04:16,073 - __main__ - INFO - Ω‚Œˆ∫Ûµƒ”√ªß ‰»Î: {'province': '', 'city': '≥…∂º –', 'days': 3, 'preferences': ['–›œ–∂»ºŸ'], 'is_city_specific': True, 'timestamp': '2025-11-24T16:04:16.073412'}
2025-11-24 16:04:16,074 - __main__ - INFO - ø™ ºŒ™≥« – ≥…∂º ªÒ»°æ∞µ„ ˝æ›
2025-11-24 16:04:16,074 - __main__ - ERROR - ≤ﬂ¬‘1 ß∞‹: 'ScenicSpotModule' object has no attribute 'get_spots_by_city'
2025-11-24 16:04:16,612 - __main__ - INFO - ≤ﬂ¬‘2: ¥”api_integrationªÒ»°µΩ50∏ˆæ∞µ„
2025-11-24 16:04:16,612 - __main__ - INFO - ‘ˆ«ø∫Ûæ∞µ„ ˝æ›: 50∏ˆæ∞µ„
2025-11-24 16:04:16,612 - __main__ - INFO - ∆´∫√…∏—°Ω·π˚Ã´…Ÿ£¨±£¡Ù‘≠ ºæ∞µ„¡–±Ì
2025-11-24 16:04:16,613 - __main__ - INFO - ºæΩ⁄–‘”≈ªØ∫Ûæ∞µ„ ˝¡ø: 50
2025-11-24 16:04:16,613 - __main__ - INFO - ºæΩ⁄–‘”≈ªØ–≈œ¢: {'best_season_spots': [], 'not_recommended_spots': [], 'season_suggestion': '«ÔÃÏ «¬√”Œµƒª∆ΩºæΩ⁄£¨∆¯Œ¬  ÷–£¨æ∞…´√‘»À£¨  ∫œ∏˜¿‡ªßÕ‚ªÓ∂Ø°£  11‘¬∑›±±∑Ωµÿ«¯ø™ ºΩµŒ¬£¨ƒœ∑Ωµÿ«¯∆¯∫Ú“À»À°£', 'current_season': '«Ôºæ', 'current_month': 11}
2025-11-24 16:04:16,613 - __main__ - INFO - ø™ ºπÊªÆ3ÃÏµƒ––≥Ã
2025-11-24 16:04:16,672 - __main__ - INFO - …˙≥…µƒ√ø»’––≥Ã ˝¡ø: 3
2025-11-24 16:04:17,275 - __main__ - INFO - ≥…π¶ªÒ»°ÃÏ∆¯–≈œ¢
2025-11-24 16:04:27,466 - __main__ - INFO - ≥…π¶ªÒ»°≥« ––≈œ¢
2025-11-24 16:04:27,468 - __main__ - INFO - ≥…π¶º∆À„¬∑œﬂÕ≥º∆–≈œ¢
2025-11-24 16:04:27,468 - __main__ - INFO - ––≥Ã ˝æ›“—¥Ê¥¢µΩª·ª∞≤¢Ω¯––UnicodeΩ‚¬Î¥¶¿Ì
2025-11-24 16:04:27,468 - __main__ - INFO - ––≥ÃπÊªÆÕÍ≥…£¨◊º±∏∑µªÿΩ·π˚
2025-11-24 16:04:27,469 - werkzeug - INFO - 127.0.0.1 - - [24/Nov/2025 16:04:27] "POST /plan HTTP/1.1" 200 -
2025-11-24 16:06:49,493 - werkzeug - INFO -  * Detected change in 'E:\\project\\WKXM\\app.py', reloading
2025-11-24 16:06:49,547 - werkzeug - INFO -  * Restarting with stat
2025-11-24 16:06:49,979 - __main__ - INFO - ”¶”√∆Ù∂Ø”⁄ 0.0.0.0:5000£¨ª∑æ≥: default
2025-11-24 16:06:49,984 - werkzeug - WARNING -  * Debugger is active!
2025-11-24 16:06:49,986 - werkzeug - INFO -  * Debugger PIN: 778-864-383
2025-11-24 16:07:58,006 - werkzeug - INFO -  * Detected change in 'E:\\project\\WKXM\\app.py', reloading
2025-11-24 16:07:58,084 - werkzeug - INFO -  * Restarting with stat
2025-11-24 16:07:58,590 - __main__ - INFO - ”¶”√∆Ù∂Ø”⁄ 0.0.0.0:5000£¨ª∑æ≥: default
2025-11-24 16:07:58,594 - werkzeug - WARNING -  * Debugger is active!
2025-11-24 16:07:58,596 - werkzeug - INFO -  * Debugger PIN: 778-864-383
2025-11-24 16:08:38,280 - werkzeug - INFO -  * Detected change in 'E:\\project\\WKXM\\app.py', reloading
2025-11-24 16:08:38,353 - werkzeug - INFO -  * Restarting with stat
2025-11-24 16:19:15,064 - __main__ - INFO - ”¶”√∆Ù∂Ø”⁄ 0.0.0.0:5000£¨ª∑æ≥: default
2025-11-24 16:19:15,075 - werkzeug - INFO - [31m[1mWARNING: This is a development server. Do not use it in a production deployment. Use a production WSGI server instead.[0m
 * Running on all addresses (0.0.0.0)
 * Running on http://127.0.0.1:5000
 * Running on http://172.16.34.73:5000
2025-11-24 16:19:15,075 - werkzeug - INFO - [33mPress CTRL+C to quit[0m
2025-11-24 16:19:15,076 - werkzeug - INFO -  * Restarting with stat
2025-11-24 16:19:15,516 - __main__ - INFO - ”¶”√∆Ù∂Ø”⁄ 0.0.0.0:5000£¨ª∑æ≥: default
2025-11-24 16:19:15,520 - werkzeug - WARNING -  * Debugger is active!
2025-11-24 16:19:15,522 - werkzeug - INFO -  * Debugger PIN: 778-864-383
2025-11-24 16:20:08,521 - werkzeug - INFO - 127.0.0.1 - - [24/Nov/2025 16:20:08] "GET /?ide_webview_request_time=1763972408511 HTTP/1.1" 200 -
2025-11-24 16:20:08,766 - werkzeug - INFO - 127.0.0.1 - - [24/Nov/2025 16:20:08] "GET /static/css/style.css HTTP/1.1" 200 -
2025-11-24 16:20:08,766 - werkzeug - INFO - 127.0.0.1 - - [24/Nov/2025 16:20:08] "[36mGET /static/js/main.js HTTP/1.1[0m" 304 -
2025-11-24 16:20:09,072 - werkzeug - INFO - 127.0.0.1 - - [24/Nov/2025 16:20:09] "[33mGET /@vite/client HTTP/1.1[0m" 404 -
2025-11-24 16:20:21,950 - __main__ - INFO - ≥…π¶¥”JSON«Î«ÛÃÂªÒ»° ˝æ›
2025-11-24 16:20:21,950 - __main__ - INFO - Ω” ’µΩ––≥ÃπÊªÆ«Î«Û: {'city': 'π˛∂˚±ı', 'province': '', 'days': 3, 'preferences': ['√¿ ≥', '¿˙ ∑ŒƒªØ', '◊‘»ª∑Áπ‚'], 'travel_date': '2025-11-24'}
2025-11-24 16:20:21,950 - __main__ - INFO - ¥¶¿Ì∫Ûµƒ”√ªß ‰»Î ˝æ›: {'province': '', 'city': 'π˛∂˚±ı', 'days': 3, 'preferences': ['√¿ ≥', '¿˙ ∑ŒƒªØ', '◊‘»ª∑Áπ‚'], 'travel_date': '2025-11-24'}
2025-11-24 16:20:21,951 - __main__ - INFO - Ω‚Œˆ∫Ûµƒ”√ªß ‰»Î: {'province': '', 'city': 'π˛∂˚±ı –', 'days': 3, 'preferences': ['◊‘»ª∑Áπ‚', 'Ãÿ…´√¿ ≥', '¿˙ ∑ŒƒªØ'], 'is_city_specific': True, 'timestamp': '2025-11-24T16:20:21.951492'}
2025-11-24 16:20:21,951 - __main__ - INFO - ø™ ºŒ™≥« – π˛∂˚±ı ªÒ»°æ∞µ„ ˝æ›
2025-11-24 16:20:21,951 - __main__ - ERROR - ≤ﬂ¬‘1 ß∞‹: 'ScenicSpotModule' object has no attribute 'get_spots_by_city'
2025-11-24 16:20:22,464 - __main__ - INFO - ≤ﬂ¬‘2: ¥”api_integrationªÒ»°µΩ50∏ˆæ∞µ„
2025-11-24 16:20:22,464 - __main__ - INFO - ‘ˆ«ø∫Ûæ∞µ„ ˝æ›: 50∏ˆæ∞µ„
2025-11-24 16:20:22,464 - __main__ - INFO - ∆´∫√…∏—°Ω·π˚Ã´…Ÿ£¨±£¡Ù‘≠ ºæ∞µ„¡–±Ì
2025-11-24 16:20:22,464 - __main__ - INFO - ºæΩ⁄–‘”≈ªØ∫Ûæ∞µ„ ˝¡ø: 50
2025-11-24 16:20:22,465 - __main__ - INFO - ºæΩ⁄–‘”≈ªØ–≈œ¢: {'best_season_spots': [], 'not_recommended_spots': [], 'season_suggestion': '«ÔÃÏ «¬√”Œµƒª∆ΩºæΩ⁄£¨∆¯Œ¬  ÷–£¨æ∞…´√‘»À£¨  ∫œ∏˜¿‡ªßÕ‚ªÓ∂Ø°£  11‘¬∑›±±∑Ωµÿ«¯ø™ ºΩµŒ¬£¨ƒœ∑Ωµÿ«¯∆¯∫Ú“À»À°£', 'current_season': '«Ôºæ', 'current_month': 11}
2025-11-24 16:20:22,465 - __main__ - INFO - ø™ ºπÊªÆ3ÃÏµƒ––≥Ã
2025-11-24 16:20:22,516 - __main__ - INFO - …˙≥…µƒ√ø»’––≥Ã ˝¡ø: 3
2025-11-24 16:20:23,153 - __main__ - INFO - ≥…π¶ªÒ»°ÃÏ∆¯–≈œ¢
2025-11-24 16:20:33,359 - __main__ - INFO - ≥…π¶ªÒ»°≥« ––≈œ¢
2025-11-24 16:20:33,360 - __main__ - INFO - ≥…π¶º∆À„¬∑œﬂÕ≥º∆–≈œ¢
2025-11-24 16:20:33,361 - __main__ - INFO - ––≥Ã ˝æ›“—¥Ê¥¢µΩª·ª∞≤¢Ω¯––UnicodeΩ‚¬Î¥¶¿Ì
2025-11-24 16:20:33,361 - __main__ - INFO - ––≥ÃπÊªÆÕÍ≥…£¨◊º±∏∑µªÿΩ·π˚
2025-11-24 16:20:33,362 - werkzeug - INFO - 127.0.0.1 - - [24/Nov/2025 16:20:33] "POST /plan HTTP/1.1" 200 -
2025-11-24 16:21:38,676 - werkzeug - INFO - 127.0.0.1 - - [24/Nov/2025 16:21:38] "GET /?ide_webview_request_time=1763972408511 HTTP/1.1" 200 -
2025-11-24 16:21:38,697 - werkzeug - INFO - 127.0.0.1 - - [24/Nov/2025 16:21:38] "GET /?ide_webview_request_time=1763972408511 HTTP/1.1" 200 -
2025-11-24 16:21:38,743 - werkzeug - INFO - 127.0.0.1 - - [24/Nov/2025 16:21:38] "[36mGET /static/css/style.css HTTP/1.1[0m" 304 -
2025-11-24 16:21:38,744 - werkzeug - INFO - 127.0.0.1 - - [24/Nov/2025 16:21:38] "[36mGET /static/js/main.js HTTP/1.1[0m" 304 -
2025-11-24 16:21:39,000 - werkzeug - INFO - 127.0.0.1 - - [24/Nov/2025 16:21:39] "[33mGET /@vite/client HTTP/1.1[0m" 404 -
